 dgate

 Timestamp is 516854ff (Fri Apr 12 14:39:59 2013)

 Preferred load address is 00400000

 Start         Length     Name                   Class
 0001:00000000 001f7783H .text                   CODE
 0001:001f7790 00004abbH .text$x                 CODE
 0001:001fc250 000015fdH .text$yc                CODE
 0001:001fd850 000012f5H .text$yd                CODE
 0002:00000000 00000104H .CRT$XCA                DATA
 0002:00000104 0000010eH .CRT$XCC                DATA
 0002:00000214 00000139H .CRT$XCU                DATA
 0002:00000350 00000104H .CRT$XCZ                DATA
 0002:00000454 00000104H .CRT$XIA                DATA
 0002:00000558 0000011cH .CRT$XIC                DATA
 0002:00000674 00000104H .CRT$XIY                DATA
 0002:00000778 00000104H .CRT$XIZ                DATA
 0002:0000087c 00000104H .CRT$XPA                DATA
 0002:00000980 00000109H .CRT$XPX                DATA
 0002:00000a8c 00000104H .CRT$XPXA               DATA
 0002:00000b90 00000104H .CRT$XPZ                DATA
 0002:00000c94 00000104H .CRT$XTA                DATA
 0002:00000d98 00000104H .CRT$XTZ                DATA
 0002:00000ea0 0004475fH .rdata                  DATA
 0002:00045600 00000146H .rdata$debug            DATA
 0002:00045748 00004392H .rdata$r                DATA
 0002:00049ae0 0000047cH .rdata$sxdata           DATA
 0002:00049f5c 00000104H .rtc$IAA                DATA
 0002:0004a060 00000104H .rtc$IZZ                DATA
 0002:0004a164 00000104H .rtc$TAA                DATA
 0002:0004a268 00000104H .rtc$TZZ                DATA
 0002:0004a370 000044d1H .xdata$x                DATA
 0002:0004e841 00000000H .edata                  DATA
 0003:00000000 00007282H .data                   DATA
 0003:000072a0 003f42a4H .bss                    DATA
 0004:00000000 0000003cH .idata$2                DATA
 0004:0000003c 00000014H .idata$3                DATA
 0004:00000050 00000374H .idata$4                DATA
 0004:000003c4 00000374H .idata$5                DATA
 0004:00000738 00000bf2H .idata$6                DATA

  Address         Publics by Value              Rva+Base       Lib:Object

 0000:00000000       __except_list              00000000     <absolute>
 0000:000000ba       ___safe_se_handler_count   000000ba     <absolute>
 0000:00000000       ___ImageBase               00400000     <linker-defined>
 0001:000037d0       ?strchr@@YAPADPADH@Z       004047d0 f i dgate.obj
 0001:000037e0       ?strrchr@@YAPADPADH@Z      004047e0 f i dgate.obj
 0001:000037f0       ?strstr@@YAPADPADPBD@Z     004047f0 f i dgate.obj
 0001:00003800       ?memchr@@YAPAXPAXHI@Z      00404800 f i dgate.obj
 0001:00003850       ??0VR@@QAE@XZ              00404850 f i dgate.obj
 0001:00003880       ??0UID@@QAE@XZ             00404880 f i dgate.obj
 0001:000038b0       ?Set@UID@@QAEXPAE@Z        004048b0 f i dgate.obj
 0001:00003900       ?Set@UID@@QAEXPBD@Z        00404900 f i dgate.obj
 0001:00003950       ?GetBuffer@UID@@QAEPAEI@Z  00404950 f i dgate.obj
 0001:00003960       ?SetLength@UID@@QAEXI@Z    00404960 f i dgate.obj
 0001:00003990       ?GetSize@UID@@QAEIXZ       00404990 f i dgate.obj
 0001:000039a0       ??8UID@@QAEHAAV0@@Z        004049a0 f i dgate.obj
 0001:00003a00       ??4UID@@QAE?AV0@AAV0@@Z    00404a00 f i dgate.obj
 0001:00003a60       ?SetTimeOut@PDU_Service@@QAEHH@Z 00404a60 f i dgate.obj
 0001:00003a70       ?Read@PatientRootQuery@@QAEHPAVPDU_Service@@PAVDICOMCommandObject@@@Z 00404a70 f i dgate.obj
 0001:00003a80       ?Write@PatientRootQuery@@QAEHPAVPDU_Service@@PAVDICOMDataObject@@PAV?$Array@PAVDICOMDataObject@@@@@Z 00404a80 f i dgate.obj
 0001:00003a90       ?Read@StudyRootQuery@@QAEHPAVPDU_Service@@PAVDICOMCommandObject@@@Z 00404a90 f i dgate.obj
 0001:00003aa0       ?Write@StudyRootQuery@@QAEHPAVPDU_Service@@PAVDICOMDataObject@@PAV?$Array@PAVDICOMDataObject@@@@@Z 00404aa0 f i dgate.obj
 0001:00003ab0       ?Read@PatientStudyOnlyQuery@@QAEHPAVPDU_Service@@PAVDICOMCommandObject@@@Z 00404ab0 f i dgate.obj
 0001:00003ac0       ?Read@ModalityWorkListQuery@@QAEHPAVPDU_Service@@PAVDICOMCommandObject@@@Z 00404ac0 f i dgate.obj
 0001:00003ad0       ?Write@ModalityWorkListQuery@@QAEHPAVPDU_Service@@PAVDICOMDataObject@@PAV?$Array@PAVDICOMDataObject@@@@@Z 00404ad0 f i dgate.obj
 0001:00003ae0       ?AddTimeStamps@Debug@@QAEXD@Z 00404ae0 f i dgate.obj
 0001:00003af0       ?GetBasePath@IniValue@@QAEPADXZ 00404af0 f i dgate.obj
 0001:00003b00       ?GetIniFile@IniValue@@QAEPADXZ 00404b00 f i dgate.obj
 0001:00003b10       ?IniDumped@IniValue@@QAEHXZ 00404b10 f i dgate.obj
 0001:00003b20       ??0ExtendedPDU_Service@@QAE@PAD@Z 00404b20 f i dgate.obj
 0001:00003bc0       ?ShouldIAcceptPresentationContext@PDU_Service@@MAEHAAVPresentationContext@@AAVPresentationContextAccept@@@Z 00404bc0 f i dgate.obj
 0001:00003bd0       ?ReadBinary@PDU_Service@@UAEHPAEI@Z 00404bd0 f i dgate.obj
 0001:00003be0       ?SendBinary@PDU_Service@@UAEHPAEI@Z 00404be0 f i dgate.obj
 0001:00003bf0       ??_GVR@@QAEPAXI@Z          00404bf0 f i dgate.obj
 0001:00003c20       ?Read@PatientRootRetrieveNKI@@QAEHPAVExtendedPDU_Service@@PAVDICOMCommandObject@@PAX@Z 00404c20 f i dgate.obj
 0001:00003c30       ?Read@StudyRootRetrieveNKI@@QAEHPAVExtendedPDU_Service@@PAVDICOMCommandObject@@PAX@Z 00404c30 f i dgate.obj
 0001:00003c40       ?Read@PatientStudyOnlyRetrieveNKI@@QAEHPAVExtendedPDU_Service@@PAVDICOMCommandObject@@PAX@Z 00404c40 f i dgate.obj
 0001:00003c50       ?Read@PatientRootRetrieveGeneric@@QAEHPAVExtendedPDU_Service@@PAVDICOMCommandObject@@PAX@Z 00404c50 f i dgate.obj
 0001:00003c60       ?Read@StudyRootRetrieveGeneric@@QAEHPAVExtendedPDU_Service@@PAVDICOMCommandObject@@PAX@Z 00404c60 f i dgate.obj
 0001:00003c70       ?Read@PatientStudyOnlyRetrieveGeneric@@QAEHPAVExtendedPDU_Service@@PAVDICOMCommandObject@@PAX@Z 00404c70 f i dgate.obj
 0001:00003c80       ?Write@RunTimeClassStorage@@QAEHPAVPDU_Service@@PAVDICOMDataObject@@@Z 00404c80 f i dgate.obj
 0001:00003ca0       ??0DriverApp@@QAE@XZ       00404ca0 f i dgate.obj
 0001:00003cd0       ??4AbstractSyntax@@QAEAAV0@AAV0@@Z 00404cd0 f i dgate.obj
 0001:00003d40       ?IsAlpha@@YAHE@Z           00404d40 f   dgate.obj
 0001:00003d70       ?IsDataAlpha@@YAHIPAE@Z    00404d70 f   dgate.obj
 0001:00003ec0       ?PrintUDATA@@YAHIPAXGPAD@Z 00404ec0 f   dgate.obj
 0001:00004400       ?DumpVR@@YAHPAVVR@@PAU_iobuf@@H@Z 00405400 f   dgate.obj
 0001:00004630       ?SQLTypeSymName@@YAPBDH@Z  00405630 f   dgate.obj
 0001:00004660       ?DICOMTypeSymName@@YAPBDH@Z 00405660 f   dgate.obj
 0001:00004700       ?DumpDD@@YAHPAUDBENTRY@@@Z 00405700 f   dgate.obj
 0001:000047b0       ??0DICOMDataObject@@QAE@XZ 004057b0 f i dgate.obj
 0001:000047d0       ??1DICOMDataObject@@UAE@XZ 004057d0 f i dgate.obj
 0001:000047e0       ??_EDICOMDataObject@@UAEPAXI@Z 004057e0 f i dgate.obj
 0001:000047e0       ??_GDICOMDataObject@@UAEPAXI@Z 004057e0 f i dgate.obj
 0001:00004890       ?dgate_IsDirectory@@YAHPAD@Z 00405890 f   dgate.obj
 0001:000048d0       ?BackgroundExec@@YAHPAD0@Z 004058d0 f   dgate.obj
 0001:00004ef0       ??0CStoreRQ@@QAE@XZ        00405ef0 f i dgate.obj
 0001:00004f00       ??0CStoreRSP@@QAE@XZ       00405f00 f i dgate.obj
 0001:00004f10       ??_FExtendedPDU_Service@@QAEXXZ 00405f10 f i dgate.obj
 0001:00004f20       ??_H@YGXPAXIHP6EPAX0@Z@Z   00405f20 f i dgate.obj
 0001:00004f60       ??_I@YGXPAXIHP6EX0@Z@Z     00405f60 f i dgate.obj
 0001:00004fa0       ?into_queue@@YAXPAUconquest_queue@@PAD@Z 00405fa0 f   dgate.obj
 0001:00005030       ?into_queue_unique@@YAHPAUconquest_queue@@PADH@Z 00406030 f   dgate.obj
 0001:000051c0       ?reset_queue_fails@@YAXH@Z 004061c0 f   dgate.obj
 0001:000051e0       ?copyprocess@@YAHPADPAVExtendedPDU_Service@@0@Z 004061e0 f   dgate.obj
 0001:00005310       ??0DICOMCommandObject@@QAE@XZ 00406310 f i dgate.obj
 0001:00005330       ??1DICOMCommandObject@@UAE@XZ 00406330 f i dgate.obj
 0001:00005340       ??_EDICOMCommandObject@@UAEPAXI@Z 00406340 f i dgate.obj
 0001:00005340       ??_GDICOMCommandObject@@UAEPAXI@Z 00406340 f i dgate.obj
 0001:00005370       ?mayprefetchprocess@@YAHPADPAVExtendedPDU_Service@@0@Z 00406370 f   dgate.obj
 0001:000053b0       ?StopZipThread@@YAXXZ      004063b0 f   dgate.obj
 0001:000053d0       ?PrintOptions@@YAHXZ       004063d0 f   dgate.obj
 0001:000067e0       ?KodakFixer@@YAXPAVDICOMDataObject@@H@Z 004077e0 f   dgate.obj
 0001:000069b0       ?crc_ddo@@YAIPAVDICOMObject@@@Z 004079b0 f   dgate.obj
 0001:00006a90       ?compare_ddo@@YAHPAVDICOMObject@@0@Z 00407a90 f   dgate.obj
 0001:00006dd0       ??0CFindRQ@@QAE@XZ         00407dd0 f i dgate.obj
 0001:00006de0       ??0CFindRSP@@QAE@XZ        00407de0 f i dgate.obj
 0001:000071e0       ?CallBack@MyPatientRootQuery@@UAEHPAVDICOMCommandObject@@PAVDICOMDataObject@@@Z 004081e0 f   dgate.obj
 0001:000071f0       ?CallBack@MyStudyRootQuery@@UAEHPAVDICOMCommandObject@@PAVDICOMDataObject@@@Z 004081f0 f   dgate.obj
 0001:00007200       ?CallBack@MyPatientStudyOnlyQuery@@UAEHPAVDICOMCommandObject@@PAVDICOMDataObject@@@Z 00408200 f   dgate.obj
 0001:00007210       ?CallBack@MyModalityWorkListQuery@@UAEHPAVDICOMCommandObject@@PAVDICOMDataObject@@@Z 00408210 f   dgate.obj
 0001:00007220       ?CallBack@MyPatientRootRetrieve@@UAEHPAVDICOMCommandObject@@PAVDICOMDataObject@@@Z 00408220 f   dgate.obj
 0001:00007230       ?CallBack@MyPatientRootRetrieveNKI@@UAEHPAVDICOMCommandObject@@PAVDICOMDataObject@@@Z 00408230 f   dgate.obj
 0001:00007240       ?CallBack@MyPatientRootRetrieveGeneric@@UAEHPAVDICOMCommandObject@@PAVDICOMDataObject@@@Z 00408240 f   dgate.obj
 0001:00007250       ?CallBack@MyStudyRootRetrieve@@UAEHPAVDICOMCommandObject@@PAVDICOMDataObject@@@Z 00408250 f   dgate.obj
 0001:00007260       ?CallBack@MyStudyRootRetrieveNKI@@UAEHPAVDICOMCommandObject@@PAVDICOMDataObject@@@Z 00408260 f   dgate.obj
 0001:00007270       ?CallBack@MyStudyRootRetrieveGeneric@@UAEHPAVDICOMCommandObject@@PAVDICOMDataObject@@@Z 00408270 f   dgate.obj
 0001:00007280       ?CallBack@MyPatientStudyOnlyRetrieve@@UAEHPAVDICOMCommandObject@@PAVDICOMDataObject@@@Z 00408280 f   dgate.obj
 0001:00007290       ?CallBack@MyPatientStudyOnlyRetrieveNKI@@UAEHPAVDICOMCommandObject@@PAVDICOMDataObject@@@Z 00408290 f   dgate.obj
 0001:000072a0       ?CallBack@MyPatientStudyOnlyRetrieveGeneric@@UAEHPAVDICOMCommandObject@@PAVDICOMDataObject@@@Z 004082a0 f   dgate.obj
 0001:000072b0       ?GetUID@RunTimeClassStorage@@UAEHAAVUID@@@Z 004082b0 f   dgate.obj
 0001:00007300       ?SetUID@RunTimeClassStorage@@QAEHAAVUID@@@Z 00408300 f   dgate.obj
 0001:00007350       ?SetUID@RunTimeClassStorage@@QAEHPAVVR@@@Z 00408350 f   dgate.obj
 0001:00007410       ?SetUID@RunTimeClassStorage@@QAEHPAVDICOMDataObject@@@Z 00408410 f   dgate.obj
 0001:00007440       ?ServerChildThread@DriverApp@@QAEHHI@Z 00408440 f   dgate.obj
 0001:00007460       ?DriverHelper@@YGHPAVDriverApp@@@Z 00408460 f   dgate.obj
 0001:00007490       ?LogUser@@YAXPBDPAVAAssociateRQ@@PAVDICOMCommandObject@@@Z 00408490 f   dgate.obj
 0001:000074c0       ?WipeStack@@YAXXZ          004084c0 f   dgate.obj
 0001:000074e0       ??0UnknownStorage@@QAE@XZ  004084e0 f i dgate.obj
 0001:00007500       ?CheckObject@UnknownStorage@@UAEGPAVDICOMDataObject@@PAVPDU_Service@@@Z 00408500 f i dgate.obj
 0001:00007510       ??0NCreateRQ@@QAE@XZ       00408510 f i dgate.obj
 0001:00007520       ??0NCreateRSP@@QAE@XZ      00408520 f i dgate.obj
 0001:00007530       ??0NDeleteRQ@@QAE@XZ       00408530 f i dgate.obj
 0001:00007540       ??0NDeleteRSP@@QAE@XZ      00408540 f i dgate.obj
 0001:00007550       ??0NSetRQ@@QAE@XZ          00408550 f i dgate.obj
 0001:00007560       ??0NSetRSP@@QAE@XZ         00408560 f i dgate.obj
 0001:00007570       ??0NActionRQ@@QAE@XZ       00408570 f i dgate.obj
 0001:00007580       ??0NActionRSP@@QAE@XZ      00408580 f i dgate.obj
 0001:00007590       ??0NGetRQ@@QAE@XZ          00408590 f i dgate.obj
 0001:000075a0       ??0NGetRSP@@QAE@XZ         004085a0 f i dgate.obj
 0001:000075b0       ??0NEventReportRQ@@QAE@XZ  004085b0 f i dgate.obj
 0001:000075c0       ??0NEventReportRSP@@QAE@XZ 004085c0 f i dgate.obj
 0001:000075d0       ??0ASCPRQ@@QAE@XZ          004085d0 f i dgate.obj
 0001:000075e0       ?GetUID@ASCPRQ@@UAEHAAVUID@@@Z 004085e0 f i dgate.obj
 0001:00007630       ??0ASCPRSP@@QAE@XZ         00408630 f i dgate.obj
 0001:00007640       ?GetUID@ASCPRSP@@UAEHAAVUID@@@Z 00408640 f i dgate.obj
 0001:00007690       ??0ESCPRQ@@QAE@XZ          00408690 f i dgate.obj
 0001:000076a0       ?GetUID@ESCPRQ@@UAEHAAVUID@@@Z 004086a0 f i dgate.obj
 0001:000076f0       ??0ESCPRSP@@QAE@XZ         004086f0 f i dgate.obj
 0001:00007700       ?GetUID@ESCPRSP@@UAEHAAVUID@@@Z 00408700 f i dgate.obj
 0001:00007750       ?MakeQueryString@@YAHPAUDBENTRY@@PAD@Z 00408750 f   dgate.obj
 0001:000078f0       ??0MyBridgeStorage@@QAE@XZ 004088f0 f i dgate.obj
 0001:00007910       ??0CEchoRQ@@QAE@XZ         00408910 f i dgate.obj
 0001:00007920       ??0CEchoRSP@@QAE@XZ        00408920 f i dgate.obj
 0001:00007930       ??0PatientRootRetrieveNKI@@QAE@XZ 00408930 f i dgate.obj
 0001:00007950       ?uGetUID@PatientRootRetrieveNKI@@UAEHAAVUID@@@Z 00408950 f i dgate.obj
 0001:00007960       ??0PatientRootRetrieveGeneric@@QAE@XZ 00408960 f i dgate.obj
 0001:00007980       ?uGetUID@PatientRootRetrieveGeneric@@UAEHAAVUID@@@Z 00408980 f i dgate.obj
 0001:00007990       ??0StudyRootRetrieveNKI@@QAE@XZ 00408990 f i dgate.obj
 0001:000079b0       ?uGetUID@StudyRootRetrieveNKI@@UAEHAAVUID@@@Z 004089b0 f i dgate.obj
 0001:000079c0       ??0StudyRootRetrieveGeneric@@QAE@XZ 004089c0 f i dgate.obj
 0001:000079e0       ?uGetUID@StudyRootRetrieveGeneric@@UAEHAAVUID@@@Z 004089e0 f i dgate.obj
 0001:000079f0       ??0PatientStudyOnlyRetrieveNKI@@QAE@XZ 004089f0 f i dgate.obj
 0001:00007a10       ?uGetUID@PatientStudyOnlyRetrieveNKI@@UAEHAAVUID@@@Z 00408a10 f i dgate.obj
 0001:00007a20       ??0PatientStudyOnlyRetrieveGeneric@@QAE@XZ 00408a20 f i dgate.obj
 0001:00007a40       ?uGetUID@PatientStudyOnlyRetrieveGeneric@@UAEHAAVUID@@@Z 00408a40 f i dgate.obj
 0001:00007a50       ??0CMoveRQ@@QAE@XZ         00408a50 f i dgate.obj
 0001:00007a60       ??0CMoveRSP@@QAE@XZ        00408a60 f i dgate.obj
 0001:00007a70       ??0StorageApp@@QAE@XZ      00408a70 f i dgate.obj
 0001:00007a90       ?SetStringVR@@YAXPAPAVVR@@HHPBD@Z 00408a90 f   dgate.obj
 0001:00007b50       ?processhtml@@YAHPAD0H@Z   00408b50 f   dgate.obj
 0001:00007bf0       ?GetSize@?$Array@VTransferSyntax@@@@QAEIXZ 00408bf0 f i dgate.obj
 0001:00007c00       ??4?$Array@VTransferSyntax@@@@QAEABV0@AAV0@@Z 00408c00 f i dgate.obj
 0001:00007c30       ?GetSize@?$Array@VPresentationContext@@@@QAEIXZ 00408c30 f i dgate.obj
 0001:00007c40       ?GetSize@?$Array@PAD@@QAEIXZ 00408c40 f i dgate.obj
 0001:00007c50       ?GetSize@?$Array@PAVDICOMDataObject@@@@QAEIXZ 00408c50 f i dgate.obj
 0001:00007c60       ??0?$Array@PAVDICOMDataObject@@@@QAE@XZ 00408c60 f i dgate.obj
 0001:00007c90       ?GetSize@?$Array@PAH@@QAEIXZ 00408c90 f i dgate.obj
 0001:00007ca0       ?Get@?$FixedArray@IU_RTCElement@@@@QAEAAU_RTCElement@@H@Z 00408ca0 f i dgate.obj
 0001:00007cc0       ?GetSize@?$FixedArray@IU_RTCElement@@@@QAEIXZ 00408cc0 f i dgate.obj
 0001:00007cd0       ?Get@?$Array@VTransferSyntax@@@@QAEAAVTransferSyntax@@I@Z 00408cd0 f i dgate.obj
 0001:00007d70       ?Get@?$Array@VPresentationContext@@@@QAEAAVPresentationContext@@I@Z 00408d70 f i dgate.obj
 0001:00007e10       ?Get@?$Array@PAD@@QAEAAPADI@Z 00408e10 f i dgate.obj
 0001:00007eb0       ?Get@?$Array@PAVDICOMDataObject@@@@QAEAAPAVDICOMDataObject@@I@Z 00408eb0 f i dgate.obj
 0001:00007f50       ?RemoveAt@?$Array@PAVDICOMDataObject@@@@QAEHI@Z 00408f50 f i dgate.obj
 0001:00008000       ??1?$Array@PAVDICOMDataObject@@@@UAE@XZ 00409000 f i dgate.obj
 0001:000080b0       ?Get@?$Array@PAH@@QAEAAPAHI@Z 004090b0 f i dgate.obj
 0001:00008150       ??0?$DataLink@PAVDICOMDataObject@@@@QAE@XZ 00409150 f i dgate.obj
 0001:00008160       ?GetUID@PatientRootRetrieveGeneric@@W3AEHAAVUID@@@Z 00409160 f i dgate.obj
 0001:00008170       ?GetUID@StudyRootRetrieveNKI@@W3AEHAAVUID@@@Z 00409170 f i dgate.obj
 0001:00008180       ??_EExtendedPDU_Service@@WDMI@AEPAXI@Z 00409180 f i dgate.obj
 0001:00008190       ?GetUID@PatientStudyOnlyRetrieveGeneric@@W3AEHAAVUID@@@Z 00409190 f i dgate.obj
 0001:000081a0       ?GetUID@PatientStudyOnlyRetrieveNKI@@W3AEHAAVUID@@@Z 004091a0 f i dgate.obj
 0001:000081b0       ??_EExtendedPDU_Service@@WDOI@AEPAXI@Z 004091b0 f i dgate.obj
 0001:000081c0       ??_EExtendedPDU_Service@@WEAI@AEPAXI@Z 004091c0 f i dgate.obj
 0001:000081d0       ?GetUID@PatientRootRetrieveNKI@@W3AEHAAVUID@@@Z 004091d0 f i dgate.obj
 0001:000081e0       ??_EExtendedPDU_Service@@WFA@AEPAXI@Z 004091e0 f i dgate.obj
 0001:000081f0       ?GetUID@StudyRootRetrieveGeneric@@W3AEHAAVUID@@@Z 004091f0 f i dgate.obj
 0001:00008200       ??_EExtendedPDU_Service@@WDNI@AEPAXI@Z 00409200 f i dgate.obj
 0001:00008210       ??_EExtendedPDU_Service@@WDPI@AEPAXI@Z 00409210 f i dgate.obj
 0001:00008220       ??_EExtendedPDU_Service@@WCAM@AEPAXI@Z 00409220 f i dgate.obj
 0001:00008230       ?GetUID@UnknownStorage@@W3AEHAAVUID@@@Z 00409230 f i dgate.obj
 0001:00008240       ??0UID@@QAE@PBD@Z          00409240 f i dgate.obj
 0001:00008290       ?GetInstance@ACRNemaMap@@SAPAV1@XZ 00409290 f i dgate.obj
 0001:000082d0       ?GetInstance@IniValue@@SAPAV1@XZ 004092d0 f i dgate.obj
 0001:00008310       ??1ExtendedPDU_Service@@UAE@XZ 00409310 f i dgate.obj
 0001:00008400       ??_GExtendedPDU_Service@@UAEPAXI@Z 00409400 f i dgate.obj
 0001:00008400       ??_EExtendedPDU_Service@@UAEPAXI@Z 00409400 f i dgate.obj
 0001:00008430       ?MyDcmError@@YAXHPBDH@Z    00409430 f   dgate.obj
 0001:000085b0       ?StatusDisplay@@YAXPAU_iobuf@@@Z 004095b0 f   dgate.obj
 0001:00008b10       ??4PresentationContext@@QAEAAV0@AAV0@@Z 00409b10 f i dgate.obj
 0001:00008b90       ?NonDestructiveDumpDICOMObject@@YAHPAVDICOMObject@@PAU_iobuf@@H@Z 00409b90 f   dgate.obj
 0001:00008d40       ?PrintFreeSpace@@YAHXZ     00409d40 f   dgate.obj
 0001:00008e90       ?PrintKFactorFile@@YAHXZ   00409e90 f   dgate.obj
 0001:00008ff0       ?DeletePatient@@YAHPADH@Z  00409ff0 f   dgate.obj
 0001:000090e0       ?DeleteStudy@@YAHPADH@Z    0040a0e0 f   dgate.obj
 0001:000092d0       ?DeleteStudies@@YAHPADH@Z  0040a2d0 f   dgate.obj
 0001:000093e0       ?DeleteSeries@@YAHPADH@Z   0040a3e0 f   dgate.obj
 0001:000095d0       ?DeleteImage@@YAHPADH@Z    0040a5d0 f   dgate.obj
 0001:000096e0       ?GenUID@@YAHPAD@Z          0040a6e0 f   dgate.obj
 0001:00009810       ?TestFilter@@YAHPAD0H0@Z   0040a810 f   dgate.obj
 0001:00009c30       ??0StandardStorage@@QAE@XZ 0040ac30 f i dgate.obj
 0001:00009c50       ?GetUID@StandardStorage@@UAEHAAVUID@@@Z 0040ac50 f i dgate.obj
 0001:00009c60       ?CheckObject@StandardStorage@@UAEGPAVDICOMDataObject@@PAVPDU_Service@@@Z 0040ac60 f i dgate.obj
 0001:00009c70       ?GetUID@StandardStorage@@W3AEHAAVUID@@@Z 0040ac70 f i dgate.obj
 0001:0000a210       ?new_queue@@YAPAUconquest_queue@@HHHP6AHPADPAVExtendedPDU_Service@@0@Z1H@Z 0040b210 f   dgate.obj
 0001:0000a300       ?mirrorcopy_queue@@YAXPAD0@Z 0040b300 f   dgate.obj
 0001:0000a430       ?PrefetchPatientData@@YAHPADI@Z 0040b430 f   dgate.obj
 0001:0000b9b0       ?DcmMove2@@YAHPADPBDHHPAVDICOMDataObject@@1@Z 0040c9b0 f   dgate.obj
 0001:0000ce10       ?new_prefetcherqueue@@YAPAUconquest_queue@@XZ 0040de10 f   dgate.obj
 0001:0000cf20       ?prefetcher@@YAHPAVDICOMDataObject@@H@Z 0040df20 f   dgate.obj
 0001:0000d0f0       ?ApplyWorklist@@YAHPAVDICOMDataObject@@PAVDatabase@@@Z 0040e0f0 f   dgate.obj
 0001:0000df70       ?StartZipThread@@YAXXZ     0040ef70 f   dgate.obj
 0001:0000dfb0       ??0StandardQuery@@QAE@XZ   0040efb0 f i dgate.obj
 0001:0000dfd0       ?GetUID@StandardQuery@@UAEHAAVUID@@@Z 0040efd0 f i dgate.obj
 0001:0000dfe0       ?GetUID@StandardQuery@@W3AEHAAVUID@@@Z 0040efe0 f i dgate.obj
 0001:0000e840       ?VirtualServer2@@YAHPAUReadAheadThreadData@@H@Z 0040f840 f   dgate.obj
 0001:00010330       ?RetrieveOn@@YAHPAVDICOMDataObject@@PAPAV1@PAPAVStandardStorage@@AAVRunTimeClassStorage@@PAVDICOMCommandObject@@PAV?$Array@PAVDICOMDataObject@@@@PAX@Z 00411330 f   dgate.obj
 0001:00011370       ?RetrieveOn@MyPatientRootRetrieve@@UAEHPAVDICOMDataObject@@PAPAV2@PAPAVStandardStorage@@@Z 00412370 f   dgate.obj
 0001:000113c0       ?RetrieveOn@MyPatientRootRetrieveNKI@@UAEHPAVDICOMDataObject@@PAPAV2@PAPAVStandardStorage@@PAVDICOMCommandObject@@PAV?$Array@PAVDICOMDataObject@@@@PAX@Z 004123c0 f   dgate.obj
 0001:00011410       ?RetrieveOn@MyPatientRootRetrieveGeneric@@UAEHPAVDICOMDataObject@@PAPAV2@PAPAVStandardStorage@@PAVDICOMCommandObject@@PAV?$Array@PAVDICOMDataObject@@@@PAX@Z 00412410 f   dgate.obj
 0001:00011460       ?RetrieveOn@MyStudyRootRetrieve@@UAEHPAVDICOMDataObject@@PAPAV2@PAPAVStandardStorage@@@Z 00412460 f   dgate.obj
 0001:000114b0       ?RetrieveOn@MyStudyRootRetrieveNKI@@UAEHPAVDICOMDataObject@@PAPAV2@PAPAVStandardStorage@@PAVDICOMCommandObject@@PAV?$Array@PAVDICOMDataObject@@@@PAX@Z 004124b0 f   dgate.obj
 0001:00011500       ?RetrieveOn@MyStudyRootRetrieveGeneric@@UAEHPAVDICOMDataObject@@PAPAV2@PAPAVStandardStorage@@PAVDICOMCommandObject@@PAV?$Array@PAVDICOMDataObject@@@@PAX@Z 00412500 f   dgate.obj
 0001:00011550       ?RetrieveOn@MyPatientStudyOnlyRetrieve@@UAEHPAVDICOMDataObject@@PAPAV2@PAPAVStandardStorage@@@Z 00412550 f   dgate.obj
 0001:000115a0       ?RetrieveOn@MyPatientStudyOnlyRetrieveNKI@@UAEHPAVDICOMDataObject@@PAPAV2@PAPAVStandardStorage@@PAVDICOMCommandObject@@PAV?$Array@PAVDICOMDataObject@@@@PAX@Z 004125a0 f   dgate.obj
 0001:000115f0       ?RetrieveOn@MyPatientStudyOnlyRetrieveGeneric@@UAEHPAVDICOMDataObject@@PAPAV2@PAPAVStandardStorage@@PAVDICOMCommandObject@@PAV?$Array@PAVDICOMDataObject@@@@PAX@Z 004125f0 f   dgate.obj
 0001:00011640       ?QualifyOn@@YAHPAE0000@Z   00412640 f   dgate.obj
 0001:00011740       ?QualifyOn@MyPatientRootRetrieve@@UAEHPAE000@Z 00412740 f   dgate.obj
 0001:000117a0       ?QualifyOn@MyPatientRootRetrieveNKI@@UAEHPAE0000@Z 004127a0 f   dgate.obj
 0001:000117d0       ?QualifyOn@MyPatientRootRetrieveGeneric@@UAEHPAE0000@Z 004127d0 f   dgate.obj
 0001:00011800       ?QualifyOn@MyStudyRootRetrieve@@UAEHPAE000@Z 00412800 f   dgate.obj
 0001:00011860       ?QualifyOn@MyStudyRootRetrieveNKI@@UAEHPAE0000@Z 00412860 f   dgate.obj
 0001:00011890       ?QualifyOn@MyStudyRootRetrieveGeneric@@UAEHPAE0000@Z 00412890 f   dgate.obj
 0001:000118c0       ?QualifyOn@MyPatientStudyOnlyRetrieve@@UAEHPAE000@Z 004128c0 f   dgate.obj
 0001:00011920       ?QualifyOn@MyPatientStudyOnlyRetrieveNKI@@UAEHPAE0000@Z 00412920 f   dgate.obj
 0001:00011950       ?QualifyOn@MyPatientStudyOnlyRetrieveGeneric@@UAEHPAE0000@Z 00412950 f   dgate.obj
 0001:00011980       ?Server@DriverApp@@QAEHPAE@Z 00412980 f   dgate.obj
 0001:00011b60       ??0MyUnknownStorage@@QAE@XZ 00412b60 f i dgate.obj
 0001:00011b80       ??0CFSRQ@@QAE@XZ           00412b80 f i dgate.obj
 0001:00011b90       ?GetUID@CFSRQ@@UAEHAAVUID@@@Z 00412b90 f i dgate.obj
 0001:00011be0       ??0CFSRSP@@QAE@XZ          00412be0 f i dgate.obj
 0001:00011bf0       ?GetUID@CFSRSP@@UAEHAAVUID@@@Z 00412bf0 f i dgate.obj
 0001:00011c40       ??0DFSRQ@@QAE@XZ           00412c40 f i dgate.obj
 0001:00011c50       ?GetUID@DFSRQ@@UAEHAAVUID@@@Z 00412c50 f i dgate.obj
 0001:00011ca0       ??0DFSRSP@@QAE@XZ          00412ca0 f i dgate.obj
 0001:00011cb0       ?GetUID@DFSRSP@@UAEHAAVUID@@@Z 00412cb0 f i dgate.obj
 0001:00011d00       ??0SFSRQ@@QAE@XZ           00412d00 f i dgate.obj
 0001:00011d10       ?GetUID@SFSRQ@@UAEHAAVUID@@@Z 00412d10 f i dgate.obj
 0001:00011d60       ??0SFSRSP@@QAE@XZ          00412d60 f i dgate.obj
 0001:00011d70       ?GetUID@SFSRSP@@UAEHAAVUID@@@Z 00412d70 f i dgate.obj
 0001:00011dc0       ??0AFSRQ@@QAE@XZ           00412dc0 f i dgate.obj
 0001:00011dd0       ?GetUID@AFSRQ@@UAEHAAVUID@@@Z 00412dd0 f i dgate.obj
 0001:00011e20       ??0AFSRSP@@QAE@XZ          00412e20 f i dgate.obj
 0001:00011e30       ?GetUID@AFSRSP@@UAEHAAVUID@@@Z 00412e30 f i dgate.obj
 0001:00011e80       ??0CFBRQ@@QAE@XZ           00412e80 f i dgate.obj
 0001:00011e90       ?GetUID@CFBRQ@@UAEHAAVUID@@@Z 00412e90 f i dgate.obj
 0001:00011ee0       ??0CFBRSP@@QAE@XZ          00412ee0 f i dgate.obj
 0001:00011ef0       ?GetUID@CFBRSP@@UAEHAAVUID@@@Z 00412ef0 f i dgate.obj
 0001:00011f40       ??0DFBRQ@@QAE@XZ           00412f40 f i dgate.obj
 0001:00011f50       ?GetUID@DFBRQ@@UAEHAAVUID@@@Z 00412f50 f i dgate.obj
 0001:00011fa0       ??0DFBRSP@@QAE@XZ          00412fa0 f i dgate.obj
 0001:00011fb0       ?GetUID@DFBRSP@@UAEHAAVUID@@@Z 00412fb0 f i dgate.obj
 0001:00012000       ??0AFBRQ@@QAE@XZ           00413000 f i dgate.obj
 0001:00012010       ?GetUID@AFBRQ@@UAEHAAVUID@@@Z 00413010 f i dgate.obj
 0001:00012060       ??0AFBRSP@@QAE@XZ          00413060 f i dgate.obj
 0001:00012070       ?GetUID@AFBRSP@@UAEHAAVUID@@@Z 00413070 f i dgate.obj
 0001:000120c0       ??0SFBRQ@@QAE@XZ           004130c0 f i dgate.obj
 0001:000120d0       ?GetUID@SFBRQ@@UAEHAAVUID@@@Z 004130d0 f i dgate.obj
 0001:00012120       ??0SFBRSP@@QAE@XZ          00413120 f i dgate.obj
 0001:00012130       ?GetUID@SFBRSP@@UAEHAAVUID@@@Z 00413130 f i dgate.obj
 0001:00012180       ??0SBGIBRQ@@QAE@XZ         00413180 f i dgate.obj
 0001:00012190       ?GetUID@SBGIBRQ@@UAEHAAVUID@@@Z 00413190 f i dgate.obj
 0001:000121e0       ??0SBGIBRRSP@@QAE@XZ       004131e0 f i dgate.obj
 0001:000121f0       ?GetUID@SBGIBRRSP@@UAEHAAVUID@@@Z 004131f0 f i dgate.obj
 0001:00012240       ??0SBCIBRQ@@QAE@XZ         00413240 f i dgate.obj
 0001:00012250       ?GetUID@SBCIBRQ@@UAEHAAVUID@@@Z 00413250 f i dgate.obj
 0001:000122a0       ??0SBCIBRRSP@@QAE@XZ       004132a0 f i dgate.obj
 0001:000122b0       ?GetUID@SBCIBRRSP@@UAEHAAVUID@@@Z 004132b0 f i dgate.obj
 0001:00012300       ??0GPRQ@@QAE@XZ            00413300 f i dgate.obj
 0001:00012310       ?GetUID@GPRQ@@UAEHAAVUID@@@Z 00413310 f i dgate.obj
 0001:00012360       ??0GPRSP@@QAE@XZ           00413360 f i dgate.obj
 0001:00012370       ?GetUID@GPRSP@@UAEHAAVUID@@@Z 00413370 f i dgate.obj
 0001:000123c0       ??0EPRQ@@QAE@XZ            004133c0 f i dgate.obj
 0001:000123d0       ?GetUID@EPRQ@@UAEHAAVUID@@@Z 004133d0 f i dgate.obj
 0001:00012420       ??0EPRSP@@QAE@XZ           00413420 f i dgate.obj
 0001:00012430       ?GetUID@EPRSP@@UAEHAAVUID@@@Z 00413430 f i dgate.obj
 0001:00012480       ?StorageCommitmentSupport@StorageApp@@QAEHPAVCheckedPDU_Service@@PAVDICOMCommandObject@@PAPAVDICOMDataObject@@@Z 00413480 f   dgate.obj
 0001:00012c70       ?NewTempFile@@YAXPADPBD@Z  00413c70 f   dgate.obj
 0001:00012e10       ??0Verification@@QAE@XZ    00413e10 f i dgate.obj
 0001:00012e30       ?GetUID@Verification@@W3AEHAAVUID@@@Z 00413e30 f i dgate.obj
 0001:00012e40       ??0PatientStudyOnlyQuery@@QAE@XZ 00413e40 f i dgate.obj
 0001:00012e60       ?uGetUID@PatientStudyOnlyQuery@@UAEHAAVUID@@@Z 00413e60 f i dgate.obj
 0001:00012e70       ?GetUID@PatientStudyOnlyQuery@@W3AEHAAVUID@@@Z 00413e70 f i dgate.obj
 0001:00012e80       ??0StandardRetrieve@@QAE@XZ 00413e80 f i dgate.obj
 0001:00012ea0       ?GetUID@StandardRetrieve@@UAEHAAVUID@@@Z 00413ea0 f i dgate.obj
 0001:00012eb0       ?GetUID@StandardRetrieve@@W3AEHAAVUID@@@Z 00413eb0 f i dgate.obj
 0001:00012ec0       ?GrabImagesFromServer@@YAHPAEPBDPAD@Z 00413ec0 f   dgate.obj
 0001:00014120       ?SendServerCommand@@YAHPBD0HPADHH@Z 00415120 f   dgate.obj
 0001:00014d60       ??A?$Array@PAVDICOMDataObject@@@@QAEAAPAVDICOMDataObject@@I@Z 00415d60 f i dgate.obj
 0001:00014d70       ??_G?$Array@PAVDICOMDataObject@@@@UAEPAXI@Z 00415d70 f i dgate.obj
 0001:00014d70       ??_E?$Array@PAVDICOMDataObject@@@@UAEPAXI@Z 00415d70 f i dgate.obj
 0001:00014da0       ?Add@?$Array@PAVDICOMDataObject@@@@QAEAAPAVDICOMDataObject@@AAPAV2@@Z 00415da0 f i dgate.obj
 0001:00014e10       ?IARQ@@YAXAAVAAssociateRQ@@H@Z 00415e10 f   dgate.obj
 0001:000152e0       ?LoadForGUI@@YAPAVDICOMDataObject@@PAD@Z 004162e0 f   dgate.obj
 0001:00015900       ?LoadForBridge@@YAPAVDICOMDataObject@@PAD0@Z 00416900 f   dgate.obj
 0001:00015bb0       ?DeleteImageFile@@YAHPADH@Z 00416bb0 f   dgate.obj
 0001:00015da0       ?GetImageFileUID@@YAHPAD0@Z 00416da0 f   dgate.obj
 0001:00016a40       ?MergeUIDofDDO@@YAHPAVDICOMDataObject@@PBD1@Z 00417a40 f   dgate.obj
 0001:00017380       ?SearchDICOMObject@@YAHPAVDICOMObject@@PBDPADPAPAV?$Array@PAVDICOMDataObject@@@@PAPAVDICOMDataObject@@@Z 00418380 f   dgate.obj
 0001:00017d80       ??0RunTimeClassStorage@@QAE@XZ 00418d80 f i dgate.obj
 0001:00017dc0       ?uGetUID@RunTimeClassStorage@@UAEHAAVUID@@@Z 00418dc0 f i dgate.obj
 0001:00017dd0       ?GetUID@RunTimeClassStorage@@W3AEHAAVUID@@@Z 00418dd0 f i dgate.obj
 0001:00017de0       ??0PatientRootQuery@@QAE@XZ 00418de0 f i dgate.obj
 0001:00017e00       ?uGetUID@PatientRootQuery@@UAEHAAVUID@@@Z 00418e00 f i dgate.obj
 0001:00017e10       ?GetUID@PatientRootQuery@@W3AEHAAVUID@@@Z 00418e10 f i dgate.obj
 0001:00017e20       ??0StudyRootQuery@@QAE@XZ  00418e20 f i dgate.obj
 0001:00017e40       ?uGetUID@StudyRootQuery@@UAEHAAVUID@@@Z 00418e40 f i dgate.obj
 0001:00017e50       ?GetUID@StudyRootQuery@@W3AEHAAVUID@@@Z 00418e50 f i dgate.obj
 0001:00017e60       ??0ModalityWorkListQuery@@QAE@XZ 00418e60 f i dgate.obj
 0001:00017e80       ?uGetUID@ModalityWorkListQuery@@UAEHAAVUID@@@Z 00418e80 f i dgate.obj
 0001:00017e90       ?GetUID@ModalityWorkListQuery@@W3AEHAAVUID@@@Z 00418e90 f i dgate.obj
 0001:00017ea0       ?RemoveQueryDuplicates@@YAXPBDPAV?$Array@PAVDICOMDataObject@@@@@Z 00418ea0 f   dgate.obj
 0001:00018240       ?SearchOn@MyModalityWorkListQuery@@UAEHPAVDICOMDataObject@@PAV?$Array@PAVDICOMDataObject@@@@@Z 00419240 f   dgate.obj
 0001:00018610       ?FailSafeStorage@StorageApp@@QAEXPAVCheckedPDU_Service@@@Z 00419610 f   dgate.obj
 0001:00018850       ?TestForward@@YAXPADPBD0PAVExtendedPDU_Service@@@Z 00419850 f   dgate.obj
 0001:00018f00       ?PrinterSupport@StorageApp@@QAEHPAVCheckedPDU_Service@@PAVDICOMCommandObject@@QAPAVDICOMDataObject@@@Z 00419f00 f   dgate.obj
 0001:0001b340       ??0MyPatientRootRetrieveNKI@@QAE@XZ 0041c340 f i dgate.obj
 0001:0001b3a0       ??0MyPatientRootRetrieveGeneric@@QAE@XZ 0041c3a0 f i dgate.obj
 0001:0001b400       ??0MyStudyRootRetrieveNKI@@QAE@XZ 0041c400 f i dgate.obj
 0001:0001b460       ??0MyStudyRootRetrieveGeneric@@QAE@XZ 0041c460 f i dgate.obj
 0001:0001b4c0       ??0MyPatientStudyOnlyQuery@@QAE@XZ 0041c4c0 f i dgate.obj
 0001:0001b4e0       ??0MyPatientStudyOnlyRetrieveNKI@@QAE@XZ 0041c4e0 f i dgate.obj
 0001:0001b540       ??0MyPatientStudyOnlyRetrieveGeneric@@QAE@XZ 0041c540 f i dgate.obj
 0001:0001b5a0       ??0PatientRootRetrieve@@QAE@XZ 0041c5a0 f i dgate.obj
 0001:0001b5c0       ?uGetUID@PatientRootRetrieve@@UAEHAAVUID@@@Z 0041c5c0 f i dgate.obj
 0001:0001b5d0       ?GetUID@PatientRootRetrieve@@W3AEHAAVUID@@@Z 0041c5d0 f i dgate.obj
 0001:0001b5e0       ??0StudyRootRetrieve@@QAE@XZ 0041c5e0 f i dgate.obj
 0001:0001b600       ?uGetUID@StudyRootRetrieve@@UAEHAAVUID@@@Z 0041c600 f i dgate.obj
 0001:0001b610       ?GetUID@StudyRootRetrieve@@W3AEHAAVUID@@@Z 0041c610 f i dgate.obj
 0001:0001b620       ??0PatientStudyOnlyRetrieve@@QAE@XZ 0041c620 f i dgate.obj
 0001:0001b640       ?uGetUID@PatientStudyOnlyRetrieve@@UAEHAAVUID@@@Z 0041c640 f i dgate.obj
 0001:0001b650       ?GetUID@PatientStudyOnlyRetrieve@@W3AEHAAVUID@@@Z 0041c650 f i dgate.obj
 0001:0001b660       ?CheckObject@MyBridgeStorage@@UAEGPAVDICOMDataObject@@PAVPDU_Service@@@Z 0041c660 f i dgate.obj
 0001:0001b9a0       ??0MyPatientRootQuery@@QAE@XZ 0041c9a0 f i dgate.obj
 0001:0001b9c0       ??0MyStudyRootQuery@@QAE@XZ 0041c9c0 f i dgate.obj
 0001:0001b9e0       ??0MyModalityWorkListQuery@@QAE@XZ 0041c9e0 f i dgate.obj
 0001:0001ba00       ??0MyPatientRootRetrieve@@QAE@XZ 0041ca00 f i dgate.obj
 0001:0001ba60       ??0MyStudyRootRetrieve@@QAE@XZ 0041ca60 f i dgate.obj
 0001:0001bac0       ??0MyPatientStudyOnlyRetrieve@@QAE@XZ 0041cac0 f i dgate.obj
 0001:0001bb20       ?VirtualQuery@@YAHPAVDICOMDataObject@@PBDHPAV?$Array@PAVDICOMDataObject@@@@PAD@Z 0041cb20 f   dgate.obj
 0001:0001d070       ?PatientStudyFinder@@YAHPAD00PAU_iobuf@@PBD@Z 0041e070 f   dgate.obj
 0001:0001ea00       ?ImageFileLister@@YAHPBDPAD1111PAU_iobuf@@@Z 0041fa00 f   dgate.obj
 0001:0001f7a0       ?SeriesUIDLister@@YAHPAD000PAU_iobuf@@@Z 004207a0 f   dgate.obj
 0001:0001fc50       ?DcmMergeStudy@@YAHPBDPAD1111PAVExtendedPDU_Service@@@Z 00420c50 f   dgate.obj
 0001:00020390       ?DcmSubmitData@@YAHPAD000000H0@Z 00421390 f   dgate.obj
 0001:00020b20       ?prefetchprocess@@YAHPADPAVExtendedPDU_Service@@0@Z 00421b20 f   dgate.obj
 0001:00021030       ?prefetch_queue@@YAHPBDPAD000000000H0@Z 00422030 f   dgate.obj
 0001:00021420       ?VirtualQueryCached@@YAHPAVDICOMDataObject@@PBDHPAV?$Array@PAVDICOMDataObject@@@@@Z 00422420 f   dgate.obj
 0001:000222a0       ?VirtualQueryToDB@@YAHPAVDICOMDataObject@@HPAD@Z 004232a0 f   dgate.obj
 0001:00022d90       ?SearchOn@MyPatientRootQuery@@UAEHPAVDICOMDataObject@@PAV?$Array@PAVDICOMDataObject@@@@@Z 00423d90 f   dgate.obj
 0001:00023120       ?SearchOn@MyStudyRootQuery@@UAEHPAVDICOMDataObject@@PAV?$Array@PAVDICOMDataObject@@@@@Z 00424120 f   dgate.obj
 0001:00023640       ?SearchOn@MyPatientStudyOnlyQuery@@UAEHPAVDICOMDataObject@@PAV?$Array@PAVDICOMDataObject@@@@@Z 00424640 f   dgate.obj
 0001:00023b20       ?SearchOn@MyPatientRootRetrieve@@UAEHPAVDICOMDataObject@@PAV?$Array@PAVDICOMDataObject@@@@@Z 00424b20 f   dgate.obj
 0001:00023ef0       ?SearchOn@MyPatientRootRetrieveNKI@@UAEHPAVDICOMDataObject@@PAV?$Array@PAVDICOMDataObject@@@@@Z 00424ef0 f   dgate.obj
 0001:000242c0       ?SearchOn@MyPatientRootRetrieveGeneric@@UAEHPAVDICOMDataObject@@PAV?$Array@PAVDICOMDataObject@@@@@Z 004252c0 f   dgate.obj
 0001:00024690       ?SearchOn@MyStudyRootRetrieve@@UAEHPAVDICOMDataObject@@PAV?$Array@PAVDICOMDataObject@@@@@Z 00425690 f   dgate.obj
 0001:00024a60       ?SearchOn@MyStudyRootRetrieveNKI@@UAEHPAVDICOMDataObject@@PAV?$Array@PAVDICOMDataObject@@@@@Z 00425a60 f   dgate.obj
 0001:00024e30       ?SearchOn@MyStudyRootRetrieveGeneric@@UAEHPAVDICOMDataObject@@PAV?$Array@PAVDICOMDataObject@@@@@Z 00425e30 f   dgate.obj
 0001:00025200       ?SearchOn@MyPatientStudyOnlyRetrieve@@UAEHPAVDICOMDataObject@@PAV?$Array@PAVDICOMDataObject@@@@@Z 00426200 f   dgate.obj
 0001:000255d0       ?SearchOn@MyPatientStudyOnlyRetrieveNKI@@UAEHPAVDICOMDataObject@@PAV?$Array@PAVDICOMDataObject@@@@@Z 004265d0 f   dgate.obj
 0001:000259a0       ?SearchOn@MyPatientStudyOnlyRetrieveGeneric@@UAEHPAVDICOMDataObject@@PAV?$Array@PAVDICOMDataObject@@@@@Z 004269a0 f   dgate.obj
 0001:00025d70       ?CloneDB@@YAXPAD@Z         00426d70 f   dgate.obj
 0001:00026110       ?CallImportConverterN@@YAHPAVDICOMDataObject@@HPAD111PAVExtendedPDU_Service@@11@Z 00427110 f   dgate.obj
 0001:0002e3a0       ?CallImportConverters@@YAHPAVDICOMDataObject@@PAD111PAVExtendedPDU_Service@@1@Z 0042f3a0 f   dgate.obj
 0001:0002e480       ?QueryMoveScript@MyPatientRootQuery@@UAEHPAVPDU_Service@@PAVDICOMCommandObject@@PAVDICOMDataObject@@@Z 0042f480 f   dgate.obj
 0001:0002e4c0       ?QueryResultScript@MyPatientRootQuery@@UAEHPAVPDU_Service@@PAVDICOMCommandObject@@PAVDICOMDataObject@@@Z 0042f4c0 f   dgate.obj
 0001:0002e570       ?QueryMoveScript@MyStudyRootQuery@@UAEHPAVPDU_Service@@PAVDICOMCommandObject@@PAVDICOMDataObject@@@Z 0042f570 f   dgate.obj
 0001:0002e5b0       ?QueryResultScript@MyStudyRootQuery@@UAEHPAVPDU_Service@@PAVDICOMCommandObject@@PAVDICOMDataObject@@@Z 0042f5b0 f   dgate.obj
 0001:0002e660       ?QueryMoveScript@MyPatientStudyOnlyQuery@@UAEHPAVPDU_Service@@PAVDICOMCommandObject@@PAVDICOMDataObject@@@Z 0042f660 f   dgate.obj
 0001:0002e6a0       ?QueryResultScript@MyPatientStudyOnlyQuery@@UAEHPAVPDU_Service@@PAVDICOMCommandObject@@PAVDICOMDataObject@@@Z 0042f6a0 f   dgate.obj
 0001:0002e750       ?QueryMoveScript@MyModalityWorkListQuery@@UAEHPAVPDU_Service@@PAVDICOMCommandObject@@PAVDICOMDataObject@@@Z 0042f750 f   dgate.obj
 0001:0002e790       ?QueryResultScript@MyModalityWorkListQuery@@UAEHPAVPDU_Service@@PAVDICOMCommandObject@@PAVDICOMDataObject@@@Z 0042f790 f   dgate.obj
 0001:0002e7d0       ?QueryMoveScript@MyPatientRootRetrieve@@UAEHPAVPDU_Service@@PAVDICOMCommandObject@@PAVDICOMDataObject@@@Z 0042f7d0 f   dgate.obj
 0001:0002e910       ?QueryMoveScript@MyPatientRootRetrieveNKI@@UAEHPAVPDU_Service@@PAVDICOMCommandObject@@PAVDICOMDataObject@@@Z 0042f910 f   dgate.obj
 0001:0002ea50       ?QueryMoveScript@MyPatientRootRetrieveGeneric@@UAEHPAVPDU_Service@@PAVDICOMCommandObject@@PAVDICOMDataObject@@@Z 0042fa50 f   dgate.obj
 0001:0002eb90       ?QueryMoveScript@MyStudyRootRetrieve@@UAEHPAVPDU_Service@@PAVDICOMCommandObject@@PAVDICOMDataObject@@@Z 0042fb90 f   dgate.obj
 0001:0002ecd0       ?QueryMoveScript@MyStudyRootRetrieveNKI@@UAEHPAVPDU_Service@@PAVDICOMCommandObject@@PAVDICOMDataObject@@@Z 0042fcd0 f   dgate.obj
 0001:0002ee10       ?QueryMoveScript@MyStudyRootRetrieveGeneric@@UAEHPAVPDU_Service@@PAVDICOMCommandObject@@PAVDICOMDataObject@@@Z 0042fe10 f   dgate.obj
 0001:0002ef50       ?QueryMoveScript@MyPatientStudyOnlyRetrieve@@UAEHPAVPDU_Service@@PAVDICOMCommandObject@@PAVDICOMDataObject@@@Z 0042ff50 f   dgate.obj
 0001:0002f090       ?QueryMoveScript@MyPatientStudyOnlyRetrieveNKI@@UAEHPAVPDU_Service@@PAVDICOMCommandObject@@PAVDICOMDataObject@@@Z 00430090 f   dgate.obj
 0001:0002f1d0       ?QueryMoveScript@MyPatientStudyOnlyRetrieveGeneric@@UAEHPAVPDU_Service@@PAVDICOMCommandObject@@PAVDICOMDataObject@@@Z 004301d0 f   dgate.obj
 0001:0002f310       ?CallExportConverterN@@YAHPADH0000PAVExtendedPDU_Service@@000@Z 00430310 f   dgate.obj
 0001:00034390       ?exportprocessN@@YAHPADPAVExtendedPDU_Service@@0@Z 00435390 f   dgate.obj
 0001:000343f0       ?export_queueN@@YAXPAPAUconquest_queue@@PADH111111@Z 004353f0 f   dgate.obj
 0001:000346d0       ?QueueExportConverters@@YAXPAD000000@Z 004356d0 f   dgate.obj
 0001:000347f0       ?SaveToDisk@@YAHAAVDatabase@@PAVDICOMDataObject@@PADHPAVExtendedPDU_Service@@HH@Z 004357f0 f   dgate.obj
 0001:000355e0       ?CheckObject@MyUnknownStorage@@UAEGPAVDICOMDataObject@@PAVPDU_Service@@@Z 004365e0 f i dgate.obj
 0001:00035ad0       ?TestCompress@@YAXPADPBDPAVExtendedPDU_Service@@@Z 00436ad0 f   dgate.obj
 0001:00036450       ?TestSyntax@@YAXPADHPAVExtendedPDU_Service@@@Z 00437450 f   dgate.obj
 0001:000367a0       ?TestThreadedSave@@YAXPAD@Z 004377a0 f   dgate.obj
 0001:000367d0       ?AddImageFile@@YAHPAD0PAVExtendedPDU_Service@@@Z 004377d0 f   dgate.obj
 0001:00036ef0       ?ModifyPATIDofImageFile@@YAHPAD0H0PAVExtendedPDU_Service@@@Z 00437ef0 f   dgate.obj
 0001:000375c0       ?ModifyImageFile@@YAHPAD0PAVExtendedPDU_Service@@@Z 004385c0 f   dgate.obj
 0001:00037680       ?ModifyData@@YAHPAD000PAVExtendedPDU_Service@@@Z 00438680 f   dgate.obj
 0001:00037820       ?AttachFile@@YAHPAD00PAVExtendedPDU_Service@@@Z 00438820 f   dgate.obj
 0001:00037a00       ?AttachRTPLANToRTSTRUCT@@YAHPAD0PAVExtendedPDU_Service@@@Z 00438a00 f   dgate.obj
 0001:00037be0       ?AttachAnyToPatient@@YAHPAD0PAVExtendedPDU_Service@@@Z 00438be0 f   dgate.obj
 0001:00037d70       ?AttachAnyToStudy@@YAHPAD0PAVExtendedPDU_Service@@@Z 00438d70 f   dgate.obj
 0001:00037f20       ?AttachAnyToSeries@@YAHPAD0PAVExtendedPDU_Service@@@Z 00438f20 f   dgate.obj
 0001:00038100       ?LoadAndDeleteDir@@YAHPAD0PAVExtendedPDU_Service@@@Z 00439100 f   dgate.obj
 0001:00038460       ?StartMonitorThread@@YAXPAD@Z 00439460 f   dgate.obj
 0001:00038490       ?ServerChild@StorageApp@@UAEHHI@Z 00439490 f   dgate.obj
 0001:000468f0       _main                      004478f0 f   dgate.obj
 0001:00047280       ?isxdig@@YAHD@Z            00448280 f   dgateweb.obj
 0001:000472d0       ?htoin@@YAHPBDH@Z          004482d0 f   dgateweb.obj
 0001:00047370       ?HTML@@YAXPBDZZ            00448370 f   dgateweb.obj
 0001:00047420       ?CGI@@YAHPADPBD1@Z         00448420 f   dgateweb.obj
 0001:00048360       ?DgateCgi@@YAXPAD0@Z       00449360 f   dgateweb.obj
 0001:000510a0       ?parseHL7@@YAXPAPADPAD11111@Z 004520a0 f   dgatehl7.obj
 0001:000517e0       ?ProcessHL7Data@@YAXPAD@Z  004527e0 f   dgatehl7.obj
 0001:00051f00       ?GetIniInitPtr@IniValue@@QAEPAHPBD@Z 00452f00 f i luaint.obj
 0001:00051f20       ?GetIniStringLen@IniValue@@QAEHPBDPAPAD@Z 00452f20 f i luaint.obj
 0001:00051f50       _getsd                     00452f50 f   luaint.obj
 0001:00054a20       ?luaopen_pack@@YAHPAUlua_State@@@Z 00455a20 f   luaint.obj
 0001:00054a50       ?heapinfo@@YAPADXZ         00455a50 f   luaint.obj
 0001:00054cf0       _getExtInt                 00455cf0 f   luaint.obj
 0001:00055830       _getExtSLen                00456830 f   luaint.obj
 0001:00058b20       ?do_lua@@YAPBDPAPAUlua_State@@PBDPAUscriptdata@@@Z 00459b20 f   luaint.obj
 0001:000594d0       ?lua_setvar@@YAXPAVExtendedPDU_Service@@PAD1@Z 0045a4d0 f   luaint.obj
 0001:00059580       ?lua_getstring@@YAXPAVExtendedPDU_Service@@PAVDICOMCommandObject@@PAVDICOMDataObject@@PAD3@Z 0045a580 f   luaint.obj
 0001:000596e0       ?IniReadDone@IniValue@@QAEHXZ 0045a6e0 f i odbci.obj
 0001:00059710       ?qlock@@YAHPADHH@Z         0045a710 f   odbci.obj
 0001:00059890       ?qunlock@@YAHPADHH@Z       0045a890 f   odbci.obj
 0001:00059a20       ?write_dbheader@@YAXPAUdbase_header@@@Z 0045aa20 f   odbci.obj
 0001:00059a60       ?read_dbheader@@YAXPAUdbase_header@@@Z 0045aa60 f   odbci.obj
 0001:00059ac0       ?set_dbdate@@YAXPAUdbase_header@@@Z 0045aac0 f   odbci.obj
 0001:00059b50       ?lock_dbheader@@YAHPAUdbase_header@@@Z 0045ab50 f   odbci.obj
 0001:00059be0       ?unlock_dbheader@@YAXPAUdbase_header@@@Z 0045abe0 f   odbci.obj
 0001:00059c10       ?dbase_open@@YAHPADPAPAUdbase_header@@@Z 0045ac10 f   odbci.obj
 0001:0005a2b0       ?dbase_lock@@YAHPAUdbase_header@@HHH@Z 0045b2b0 f   odbci.obj
 0001:0005a3c0       ?mmatch@@YAHPAD0HH@Z       0045b3c0 f   odbci.obj
 0001:0005a670       ?dbase_query@@YAHPAUdbase_header@@PAHPAPAD1H@Z 0045b670 f   odbci.obj
 0001:0005d860       ?dbase_dup@@YAPAUdbase_header@@PADPAU1@@Z 0045e860 f   odbci.obj
 0001:0005da00       ?dbase_read@@YAHPAUdbase_header@@HPAPAD@Z 0045ea00 f   odbci.obj
 0001:0005dc70       ?dbase_write@@YAHPAUdbase_header@@HPAPADH@Z 0045ec70 f   odbci.obj
 0001:0005e190       ?dbase_trunc@@YAHPAUdbase_header@@H@Z 0045f190 f   odbci.obj
 0001:0005e2a0       ?dbase_pack@@YAHPAUdbase_header@@@Z 0045f2a0 f   odbci.obj
 0001:0005e5c0       ?hash_id@@YAHPADH@Z        0045f5c0 f   odbci.obj
 0001:0005e630       ?search_hash@@YAHPADH@Z    0045f630 f   odbci.obj
 0001:0005e800       ?enter_hash@@YAXPADHH@Z    0045f800 f   odbci.obj
 0001:0005ee10       ?UpdateIndex@@YAXPAUdbase_header@@HH@Z 0045fe10 f   odbci.obj
 0001:0005eef0       ?LoadMySQL@@YAXXZ          0045fef0 f   odbci.obj
 0001:0005f050       ?LoadPostgres@@YAXXZ       00460050 f   odbci.obj
 0001:0005f260       ?LoadSQLITE@@YAXXZ         00460260 f   odbci.obj
 0001:0005f270       ?LoadODBC@@YAXXZ           00460270 f   odbci.obj
 0001:0005f370       ??0Database@@QAE@W4DBTYPE@@@Z 00460370 f   odbci.obj
 0001:0005f520       ?NewStatement@Database@@AAEHXZ 00460520 f   odbci.obj
 0001:0005f5d0       ?QueryTables@Database@@UAEHPAD000@Z 004605d0 f   odbci.obj
 0001:0005f6e0       ?PGSQLExec@Database@@UAEHPAD@Z 004606e0 f   odbci.obj
 0001:0005f840       ?MYSQLExec@Database@@UAEHPADH@Z 00460840 f   odbci.obj
 0001:0005f910       ?SQLITEExec@Database@@UAEHPADH@Z 00460910 f   odbci.obj
 0001:0005fad0       ?DeleteRecord@Database@@UAEHPBD0@Z 00460ad0 f   odbci.obj
 0001:0005fec0       ?BindField@Database@@UAEHGFPAXJPAJ@Z 00460ec0 f   odbci.obj
 0001:000602b0       ?CreateIndex@Database@@UAEHPBD00@Z 004612b0 f   odbci.obj
 0001:00060550       ?CreateUniqueIndex@Database@@UAEHPAD0PBD@Z 00461550 f   odbci.obj
 0001:000607e0       ?DeleteTable@Database@@UAEHPBD@Z 004617e0 f   odbci.obj
 0001:00060a10       ?Exec@Database@@UAEHPBD@Z  00461a10 f   odbci.obj
 0001:00060ba0       ?PrintLastError@Database@@UAEHXZ 00461ba0 f   odbci.obj
 0001:00060c80       ?GetNativeError@Database@@AAEJXZ 00461c80 f   odbci.obj
 0001:00060c90       ?dbase_close@@YAXPAUdbase_header@@@Z 00461c90 f   odbci.obj
 0001:00060dd0       ?dbase_create@@YAHPADPAPADPAPAUdbase_header@@@Z 00461dd0 f   odbci.obj
 0001:00061340       ?process_escape@@YAXPAD@Z  00462340 f   odbci.obj
 0001:000613e0       ?process_escapeValue@@YAXPAD@Z 004623e0 f   odbci.obj
 0001:00061480       ??0Database@@QAE@XZ        00462480 f   odbci.obj
 0001:00061690       ?Open@Database@@UAEHPBD000@Z 00462690 f   odbci.obj
 0001:00062190       ?Close@Database@@UAEHXZ    00463190 f   odbci.obj
 0001:00062460       ?SQLExecDirectWithRetry@Database@@UAEHPAXPAEJ@Z 00463460 f   odbci.obj
 0001:000625b0       ?Query@Database@@UAEHPBD000@Z 004635b0 f   odbci.obj
 0001:000626d0       ?InternalQuery@Database@@UAEHPBD000H@Z 004636d0 f   odbci.obj
 0001:00063ae0       ?QueryDistinct@Database@@UAEHPADPBD11@Z 00464ae0 f   odbci.obj
 0001:000644f0       ?AddRecord@Database@@UAEHPBD00@Z 004654f0 f   odbci.obj
 0001:00064cb0       ?NextRecord@Database@@UAEHXZ 00465cb0 f   odbci.obj
 0001:00065790       ?CreateTable@Database@@UAEHPBD0@Z 00466790 f   odbci.obj
 0001:00065d20       ?UpdateRecords@Database@@UAEHPAD0PBD@Z 00466d20 f   odbci.obj
 0001:00066400       ?ExtractRecords@Database@@UAEHPBD0PAD@Z 00467400 f   odbci.obj
 0001:000665f0       ?CreateDatabase@Database@@UAEHPAD00@Z 004675f0 f   odbci.obj
 0001:00066950       ??1Database@@UAE@XZ        00467950 f   odbci.obj
 0001:00066a10       ??_EDatabase@@UAEPAXI@Z    00467a10 f i odbci.obj
 0001:00066a10       ??_GDatabase@@UAEPAXI@Z    00467a10 f i odbci.obj
 0001:00066a40       ?ParseComment@@YAHAAVLex@@@Z 00467a40 f   parse.obj
 0001:00066ab0       ?GetSize@?$Array@UDBENTRY@@@@QAEIXZ 00467ab0 f i parse.obj
 0001:00066ac0       ??0?$Array@UDBENTRY@@@@QAE@XZ 00467ac0 f i parse.obj
 0001:00066af0       ?Get@?$Array@UDBENTRY@@@@QAEAAUDBENTRY@@I@Z 00467af0 f i parse.obj
 0001:00066b90       ??0?$DataLink@UDBENTRY@@@@QAE@XZ 00467b90 f i parse.obj
 0001:00066ba0       ?RemoveAt@?$Array@UDBENTRY@@@@QAEHI@Z 00467ba0 f i parse.obj
 0001:00066d30       ?Add@?$Array@UDBENTRY@@@@QAEAAUDBENTRY@@AAU2@@Z 00467d30 f i parse.obj
 0001:00066db0       ??1?$Array@UDBENTRY@@@@UAE@XZ 00467db0 f i parse.obj
 0001:00067460       ??_E?$Array@UDBENTRY@@@@UAEPAXI@Z 00468460 f i parse.obj
 0001:00067460       ??_G?$Array@UDBENTRY@@@@UAEPAXI@Z 00468460 f i parse.obj
 0001:000675c0       ?LoadKFactorFile@@YAHPAD@Z 004685c0 f   parse.obj
 0001:00067820       ?ParseArgs@@YAHHQAPADPAVExtendedPDU_Service@@@Z 00468820 f   parseargs.obj
 0001:00069ae0       ?CurrentTime@@YAKXZ        0046aae0 f   dbsql.obj
 0001:00069b00       ?UniqueKey@@YAPBDPAUDBENTRY@@@Z 0046ab00 f   dbsql.obj
 0001:00069b20       ?AddStudyInstanceUID@@YAHPAVDICOMDataObject@@@Z 0046ab20 f   dbsql.obj
 0001:00069c10       ?AddSeriesInstanceUID@@YAHPAVDICOMDataObject@@@Z 0046ac10 f   dbsql.obj
 0001:00069d00       ?into_UpdateCache@@YAHPAD@Z 0046ad00 f   dbsql.obj
 0001:00069e20       ?isin_UpdateCache@@YAHPAD@Z 0046ae20 f   dbsql.obj
 0001:00069f20       ?clear_UpdateCache@@YAXXZ  0046af20 f   dbsql.obj
 0001:00069fa0       ?PrintTable@@YAHPAUDBENTRY@@PAD@Z 0046afa0 f   dbsql.obj
 0001:0006a040       ?MakeTableString@@YAHPAUDBENTRY@@PADH@Z 0046b040 f   dbsql.obj
 0001:0006a330       ?VerifyIsInDBE@@YAHPAVVR@@PAUDBENTRY@@AAPAU2@@Z 0046b330 f   dbsql.obj
 0001:0006a3d0       ?LastDBE@@YAIPAUDBENTRY@@@Z 0046b3d0 f   dbsql.obj
 0001:0006a400       ?DBEIndex@@YAIPAUDBENTRY@@PAVVR@@@Z 0046b400 f   dbsql.obj
 0001:0006a450       ?FindDBE@@YAPAUDBENTRY@@PAVVR@@@Z 0046b450 f   dbsql.obj
 0001:0006a540       ?ConstructVRFromSQL@@YAPAVVR@@PAUDBENTRY@@GGIPAD@Z 0046b540 f   dbsql.obj
 0001:0006a850       ?GetSize@?$Array@PAVVR@@@@QAEIXZ 0046b850 f i dbsql.obj
 0001:0006a860       ??0?$Array@PAVVR@@@@QAE@XZ 0046b860 f i dbsql.obj
 0001:0006a890       ?Get@?$Array@PAVVR@@@@QAEAAPAVVR@@I@Z 0046b890 f i dbsql.obj
 0001:0006a930       ??0?$DataLink@PAVVR@@@@QAE@XZ 0046b930 f i dbsql.obj
 0001:0006a940       ?RemoveAt@?$Array@PAVVR@@@@QAEHI@Z 0046b940 f i dbsql.obj
 0001:0006a9f0       ?UniqueLink@@YAPBDPAUDBENTRY@@@Z 0046b9f0 f   dbsql.obj
 0001:0006aa30       ?FixImage@@YAHPAVDICOMDataObject@@@Z 0046ba30 f   dbsql.obj
 0001:0006af10       ?SetString@@YAPADPAVVR@@PADI@Z 0046bf10 f   dbsql.obj
 0001:0006b1e0       ?ChangeUID@@YAHPADPBD0@Z   0046c1e0 f   dbsql.obj
 0001:0006b610       ?ChangeUIDTo@@YAHPAD00@Z   0046c610 f   dbsql.obj
 0001:0006b9f0       ?ChangeUIDBack@@YAHPAD0@Z  0046c9f0 f   dbsql.obj
 0001:0006bbc0       ?DeleteUIDChanges@@YAHPAD@Z 0046cbc0 f   dbsql.obj
 0001:0006bd10       ?MergeUIDs@@YAHQAPADHPBDPAD@Z 0046cd10 f   dbsql.obj
 0001:0006c1a0       ?MakeSafeStringValues@@YAHPAVVR@@PAD@Z 0046d1a0 f   dbsql.obj
 0001:0006c310       ?MakeSafeDate@@YAHPAVVR@@PAD@Z 0046d310 f   dbsql.obj
 0001:0006c470       ?NewDeleteFromDB@@YAHPAVDICOMDataObject@@AAVDatabase@@@Z 0046d470 f   dbsql.obj
 0001:0006cbf0       ?RemoveDuplicates@@YAHAAVDatabase@@PAUDBENTRY@@PADPAVDICOMDataObject@@H@Z 0046dbf0 f   dbsql.obj
 0001:0006cdd0       ?InitializeTables@@YAHH@Z  0046ddd0 f   dbsql.obj
 0001:0006db00       ?ConstructAE@@YAPAVVR@@XZ  0046eb00 f   dbsql.obj
 0001:0006dbc0       ?Add@?$Array@PAVVR@@@@QAEAAPAVVR@@AAPAV2@@Z 0046ebc0 f i dbsql.obj
 0001:0006dc30       ??1?$Array@PAVVR@@@@UAE@XZ 0046ec30 f i dbsql.obj
 0001:0006dce0       ?DICOM2SQLValue@@YAHPAD@Z  0046ece0 f   dbsql.obj
 0001:0006ddb0       ?AddToTable@@YAHAAVDatabase@@PAUDBENTRY@@PADPAVDICOMDataObject@@22@Z 0046edb0 f   dbsql.obj
 0001:0006e4e0       ?UpdateOrAddToTable@@YAHAAVDatabase@@PAUDBENTRY@@PADPAVDICOMDataObject@@PBD422PAHHH@Z 0046f4e0 f   dbsql.obj
 0001:000704b0       ?UpdateAccessTimes@@YAHAAVDatabase@@PAD@Z 004714b0 f   dbsql.obj
 0001:00070a40       ?GetFileName@@YAHPAVVR@@PAD1AAVDatabase@@H111@Z 00471a40 f   dbsql.obj
 0001:00070e60       ?MakeCopy@@YAPAVDICOMDataObject@@PAV1@@Z 00471e60 f   dbsql.obj
 0001:00071100       ?NewDeleteSopFromDB@@YAHPAD000AAVDatabase@@@Z 00472100 f   dbsql.obj
 0001:00071790       ?RemoveFromWorld@@YAHPAVDICOMDataObject@@AAVDatabase@@@Z 00472790 f   dbsql.obj
 0001:00071880       ?RemoveFromPACS@@YAHPAVDICOMDataObject@@H@Z 00472880 f   dbsql.obj
 0001:00072160       ??_E?$Array@PAVVR@@@@UAEPAXI@Z 00473160 f i dbsql.obj
 0001:00072160       ??_G?$Array@PAVVR@@@@UAEPAXI@Z 00473160 f i dbsql.obj
 0001:00072190       ?SaveToDataBase@@YAHAAVDatabase@@PAVDICOMDataObject@@PADPBDH@Z 00473190 f   dbsql.obj
 0001:000726b0       ?GetFileName@@YAHPAVVR@@PAD1H111@Z 004736b0 f   dbsql.obj
 0001:00072b30       ?GenerateFileName@@YAHPAVDICOMDataObject@@PAD11HH11PAVDatabase@@@Z 00473b30 f   dgatefn.obj
 0001:000757e0       ??0CBufferedIO@@QAE@H@Z    004767e0 f   loadddo.obj
 0001:00075800       ??1CBufferedIO@@QAE@XZ     00476800 f   loadddo.obj
 0001:00075820       ?read@CBufferedIO@@QAEHHPAXI@Z 00476820 f   loadddo.obj
 0001:00075920       ?lseek@CBufferedIO@@QAEJHJH@Z 00476920 f   loadddo.obj
 0001:00075990       ??_GCBufferedIO@@QAEPAXI@Z 00476990 f i loadddo.obj
 0001:00075ff0       ?LoadImplicitLittleEndianFile@@YAPAVDICOMDataObject@@PADI@Z 00476ff0 f   loadddo.obj
 0001:000762d0       ??0Debug@@QAE@XZ           004772d0 f   dprintf.obj
 0001:00076330       ?Off@Debug@@QAEXXZ         00477330 f   dprintf.obj
 0001:00076380       ??1Debug@@QAE@XZ           00477380 f   dprintf.obj
 0001:000763e0       ?On@Debug@@QAEXXZ          004773e0 f   dprintf.obj
 0001:00076460       ?On@Debug@@QAEXPAU_iobuf@@@Z 00477460 f   dprintf.obj
 0001:000764f0       ?On@Debug@@QAEXPAD@Z       004774f0 f   dprintf.obj
 0001:00076590       ?OnMsgPipe@Debug@@QAEXPAD@Z 00477590 f   dprintf.obj
 0001:00076640       ?OnMsgPipe@Debug@@QAEXPADH@Z 00477640 f   dprintf.obj
 0001:000766f0       ?printf@Debug@@QAAHPBDZZ   004776f0 f   dprintf.obj
 0001:00076a50       ?OnUDP@Debug@@QAEXPADPBD@Z 00477a50 f   dprintf.obj
 0001:00076b10       ?RegenToDatabase@@YAHPAVDatabase@@PAD1PBD@Z 00477b10 f   regen.obj
 0001:00076d00       ?RegenDir@@YAHPAVDatabase@@PADPBD@Z 00477d00 f   regen.obj
 0001:00077020       ?RegenFile@@YAHPAD@Z       00478020 f   regen.obj
 0001:00077290       ?Regen@@YAHPBDHPAD@Z       00478290 f   regen.obj
 0001:00077890       ?Regen@@YAHXZ              00478890 f   regen.obj
 0001:000779f0       ?DirectoryExists@@YAHPAD@Z 004789f0 f   device.obj
 0001:00077fb0       ?MakeSafeString@@YAHPBDPADPAVDatabase@@@Z 00478fb0 f   device.obj
 0001:000780c0       ?TestFile@@YAHPAD0@Z       004790c0 f   device.obj
 0001:000783c0       ?CalcMegsOnDevice@@YAIPAD@Z 004793c0 f   device.obj
 0001:000784b0       ?CheckFreeStoreOnMAGDevice@@YAII@Z 004794b0 f   device.obj
 0001:00078650       ?CheckFreeStoreOnMIRRORDevice@@YAII@Z 00479650 f   device.obj
 0001:000787a0       ?CheckFreeStoreOnCACHEDevice@@YAII@Z 004797a0 f   device.obj
 0001:00078940       ?GetPhysicalDevice@@YAHPBDPAD@Z 00479940 f   device.obj
 0001:00078da0       ?FindPhysicalDevice@@YAHPAD00@Z 00479da0 f   device.obj
 0001:00079750       ?GetKBUsedOnDevice@@YAHPAD@Z 0047a750 f   device.obj
 0001:00079c70       ?GetKBUsedForPatient@@YAHPAD0H@Z 0047ac70 f   device.obj
 0001:0007a130       ?GetKBUsedForSeries@@YAHPAD0H@Z 0047b130 f   device.obj
 0001:0007a5d0       ?RecompressPatient@@YAXPAD00PAVExtendedPDU_Service@@@Z 0047b5d0 f   device.obj
 0001:0007aa80       ?ProcessMoveDevicePatient@@YAXPAD0@Z 0047ba80 f   device.obj
 0001:0007adc0       ?ProcessMoveDeviceSeries@@YAXPAD0@Z 0047bdc0 f   device.obj
 0001:0007b100       ?ModifyDeviceNameForPatient@@YAHPADPBD0@Z 0047c100 f   device.obj
 0001:0007b3b0       ?ModifyDeviceNameForSeries@@YAHPADPBD0@Z 0047c3b0 f   device.obj
 0001:0007b620       ?MovePatientData@@YAHPAD000@Z 0047c620 f   device.obj
 0001:0007bbc0       ?CopyPatientData@@YAHPAD000@Z 0047cbc0 f   device.obj
 0001:0007c0d0       ?CopySeriesData@@YAHPAD000@Z 0047d0d0 f   device.obj
 0001:0007c5e0       ?ComparePatientData@@YAHPAD000@Z 0047d5e0 f   device.obj
 0001:0007ca10       ?CompareSeriesData@@YAHPAD000@Z 0047da10 f   device.obj
 0001:0007ce40       ?TestPatientData@@YAHPAD00@Z 0047de40 f   device.obj
 0001:0007d1e0       ?TestSeriesData@@YAHPAD00@Z 0047e1e0 f   device.obj
 0001:0007d580       ?DeletePatientData@@YAHPAD000@Z 0047e580 f   device.obj
 0001:0007daf0       ?DeleteSeriesData@@YAHPAD000@Z 0047eaf0 f   device.obj
 0001:0007e060       ?FindCacheDirectory@@YAHPAD0@Z 0047f060 f   device.obj
 0001:0007e260       ?MakeListOfPatientsOnDevice@@YAHPADPAPAD@Z 0047f260 f   device.obj
 0001:0007e860       ?RestoreMAGFlags@@YAHXZ    0047f860 f   device.obj
 0001:0007e980       ?MakeListOfSeriesOnDevice@@YAHPADPAPADHH@Z 0047f980 f   device.obj
 0001:0007edc0       ?SelectSeriesForArchival@@YAHPADHH@Z 0047fdc0 f   device.obj
 0001:0007ef30       ?MoveDataToDevice@@YAHPAD0@Z 0047ff30 f   device.obj
 0001:0007f3a0       ?MoveSeriesToDevice@@YAHPAD0@Z 004803a0 f   device.obj
 0001:0007f810       ?CompareBunchAfterBurning@@YAHPAD@Z 00480810 f   device.obj
 0001:0007f9f0       ?DeleteBunchAfterBurning@@YAHPAD@Z 004809f0 f   device.obj
 0001:0007fd40       ?VerifyMirrorDisk@@YAHPAD@Z 00480d40 f   device.obj
 0001:0007ff30       ?TestImages@@YAHPAD@Z      00480f30 f   device.obj
 0001:000800a0       ?RenameDevice@@YAHPAD0@Z   004810a0 f   device.obj
 0001:00080180       ?MakeListOfOldestPatientsOnDevice@@YAHPAPADHPBDPAD@Z 00481180 f   device.obj
 0001:000808e0       ?LargestFreeMAG@@YAIXZ     004818e0 f   device.obj
 0001:00080960       ?MaxMagDevice@@YAIXZ       00481960 f   device.obj
 0001:000809f0       ?MaxCACHEDevice@@YAHI@Z    004819f0 f   device.obj
 0001:00080ca0       ?SelectLRUForArchival@@YAHPADHPAVExtendedPDU_Service@@@Z 00481ca0 f   device.obj
 0001:00080f90       ?PrepareBunchForBurning@@YAHPAD0@Z 00481f90 f   device.obj
 0001:00081740       ?PanicKillOff@@YAHI@Z      00482740 f   device.obj
 0001:00081c20       ?MAGRampage@@YGHXZ         00482c20 f   device.obj
 0001:00081ca0       ?GetDevice@@YAHPADI@Z      00482ca0 f   device.obj
 0001:00081e90       ?safestrcat@@YAXPADPBDH@Z  00482e90 f   vrtosql.obj
 0001:00081ef0       ?BuildColumnString@@YAHPAUDBENTRY@@PADPAVVR@@1@Z 00482ef0 f   vrtosql.obj
 0001:00081fa0       ?SQLRealSize@@YAIPADJ@Z    00482fa0 f   vrtosql.obj
 0001:00081fc0       ??0?$Array@PAD@@QAE@XZ     00482fc0 f i vrtosql.obj
 0001:00081ff0       ?GetSize@?$Array@PAJ@@QAEIXZ 00482ff0 f i vrtosql.obj
 0001:00082000       ??0?$Array@PAJ@@QAE@XZ     00483000 f i vrtosql.obj
 0001:00082030       ??0?$Array@PAUDBENTRY@@@@QAE@XZ 00483030 f i vrtosql.obj
 0001:00082060       ?GetSize@?$Array@H@@QAEIXZ 00483060 f i vrtosql.obj
 0001:00082070       ??0?$Array@H@@QAE@XZ       00483070 f i vrtosql.obj
 0001:000820a0       ?RemoveAt@?$Array@PAD@@QAEHI@Z 004830a0 f i vrtosql.obj
 0001:00082150       ??1?$Array@PAD@@UAE@XZ     00483150 f i vrtosql.obj
 0001:00082200       ?Get@?$Array@PAJ@@QAEAAPAJI@Z 00483200 f i vrtosql.obj
 0001:000822a0       ?RemoveAt@?$Array@PAJ@@QAEHI@Z 004832a0 f i vrtosql.obj
 0001:00082350       ??1?$Array@PAJ@@UAE@XZ     00483350 f i vrtosql.obj
 0001:00082400       ?Get@?$Array@PAUDBENTRY@@@@QAEAAPAUDBENTRY@@I@Z 00483400 f i vrtosql.obj
 0001:000824a0       ?Get@?$Array@H@@QAEAAHI@Z  004834a0 f i vrtosql.obj
 0001:00082540       ?RemoveAt@?$Array@H@@QAEHI@Z 00483540 f i vrtosql.obj
 0001:000825f0       ??1?$Array@H@@UAE@XZ       004835f0 f i vrtosql.obj
 0001:000826a0       ??0?$DataLink@PAD@@QAE@XZ  004836a0 f i vrtosql.obj
 0001:000826b0       ??0?$DataLink@PAJ@@QAE@XZ  004836b0 f i vrtosql.obj
 0001:000826c0       ??0?$DataLink@PAUDBENTRY@@@@QAE@XZ 004836c0 f i vrtosql.obj
 0001:000826d0       ??0?$DataLink@H@@QAE@XZ    004836d0 f i vrtosql.obj
 0001:000826e0       ?RemoveAt@?$Array@PAUDBENTRY@@@@QAEHI@Z 004836e0 f i vrtosql.obj
 0001:00082790       ?MakeSafeString@@YAHPAVVR@@PADPAVDatabase@@@Z 00483790 f   vrtosql.obj
 0001:00082c30       ?DICOM2SQLQuery@@YAHPADPAVDatabase@@@Z 00483c30 f   vrtosql.obj
 0001:00082d00       ?BuildSearchString@@YAHPAVDatabase@@PAUDBENTRY@@PADPAVVR@@22H@Z 00483d00 f   vrtosql.obj
 0001:000833f0       ??_G?$Array@PAD@@UAEPAXI@Z 004843f0 f i vrtosql.obj
 0001:000833f0       ??_E?$Array@PAD@@UAEPAXI@Z 004843f0 f i vrtosql.obj
 0001:00083420       ??_E?$Array@PAJ@@UAEPAXI@Z 00484420 f i vrtosql.obj
 0001:00083420       ??_G?$Array@PAJ@@UAEPAXI@Z 00484420 f i vrtosql.obj
 0001:00083450       ??_E?$Array@H@@UAEPAXI@Z   00484450 f i vrtosql.obj
 0001:00083450       ??_G?$Array@H@@UAEPAXI@Z   00484450 f i vrtosql.obj
 0001:00083480       ?Add@?$Array@PAD@@QAEAAPADAAPAD@Z 00484480 f i vrtosql.obj
 0001:000834f0       ?Add@?$Array@PAJ@@QAEAAPAJAAPAJ@Z 004844f0 f i vrtosql.obj
 0001:00083560       ?Add@?$Array@PAUDBENTRY@@@@QAEAAPAUDBENTRY@@AAPAU2@@Z 00484560 f i vrtosql.obj
 0001:000835d0       ??1?$Array@PAUDBENTRY@@@@UAE@XZ 004845d0 f i vrtosql.obj
 0001:00083680       ?Add@?$Array@H@@QAEAAHAAH@Z 00484680 f i vrtosql.obj
 0001:000836f0       ?QueryOnStudy@@YAHPAVDICOMDataObject@@PAV?$Array@PAVDICOMDataObject@@@@@Z 004846f0 f   vrtosql.obj
 0001:00085650       ?QueryOnImage@@YAHPAVDICOMDataObject@@PAV?$Array@PAVDICOMDataObject@@@@@Z 00486650 f   vrtosql.obj
 0001:00088280       ?QueryOnModalityWorkList@@YAHPAVDICOMDataObject@@PAV?$Array@PAVDICOMDataObject@@@@@Z 00489280 f   vrtosql.obj
 0001:00089750       ??_G?$Array@PAUDBENTRY@@@@UAEPAXI@Z 0048a750 f i vrtosql.obj
 0001:00089750       ??_E?$Array@PAUDBENTRY@@@@UAEPAXI@Z 0048a750 f i vrtosql.obj
 0001:00089db0       ?QueryOnPatient@@YAHPAVDICOMDataObject@@PAV?$Array@PAVDICOMDataObject@@@@@Z 0048adb0 f   vrtosql.obj
 0001:0008b4f0       ?QueryOnSeries@@YAHPAVDICOMDataObject@@PAV?$Array@PAVDICOMDataObject@@@@@Z 0048c4f0 f   vrtosql.obj
 0001:0008da20       ?ComputeCRC@@YAIPADI@Z     0048ea20 f   nkiqrsop.obj
 0001:0008da60       ?GetUID@PatientRootRetrieveNKI@@UAEHAAVUID@@@Z 0048ea60 f   nkiqrsop.obj
 0001:0008dab0       ?GetUID@StudyRootRetrieveNKI@@UAEHAAVUID@@@Z 0048eab0 f   nkiqrsop.obj
 0001:0008db00       ?GetUID@PatientStudyOnlyRetrieveNKI@@UAEHAAVUID@@@Z 0048eb00 f   nkiqrsop.obj
 0001:0008db50       ?GetUID@PatientRootRetrieveGeneric@@UAEHAAVUID@@@Z 0048eb50 f   nkiqrsop.obj
 0001:0008dba0       ?GetUID@StudyRootRetrieveGeneric@@UAEHAAVUID@@@Z 0048eba0 f   nkiqrsop.obj
 0001:0008dbf0       ?GetUID@PatientStudyOnlyRetrieveGeneric@@UAEHAAVUID@@@Z 0048ebf0 f   nkiqrsop.obj
 0001:0008dcc0       ?nki_private_compress@@YAHPACPAFHH@Z 0048ecc0 f   nkiqrsop.obj
 0001:0008e600       ?get_nki_private_decompressed_length@@YAHPAC@Z 0048f600 f   nkiqrsop.obj
 0001:0008e610       ?get_nki_private_compress_mode@@YAHPAC@Z 0048f610 f   nkiqrsop.obj
 0001:0008e620       ?nki_private_decompress@@YAHPAFPACH@Z 0048f620 f   nkiqrsop.obj
 0001:0008efb0       ?DecompressNKI@@YAHPAVDICOMDataObject@@@Z 0048ffb0 f   nkiqrsop.obj
 0001:0008f100       ?CompressNKI@@YAHPAVDICOMDataObject@@H@Z 00490100 f   nkiqrsop.obj
 0001:0008f210       ?GetNumberOfFrames@@YAHPAVDICOMDataObject@@@Z 00490210 f   nkiqrsop.obj
 0001:0008f3c0       ?DcmConvertPixelData@@YAHPAVDICOMDataObject@@HHHHHHMMM@Z 004903c0 f   nkiqrsop.obj
 0001:0008fb30       ?SaveDICOMDataObject@@YAXPADPAVDICOMDataObject@@@Z 00490b30 f   nkiqrsop.obj
 0001:0008fcf0       ?getpSliceInfo@@YAPAUSLICE_INFO@@PAVDICOMDataObject@@@Z 00490cf0 f   nkiqrsop.obj
 0001:0008fe60       ?DePlane@@YAPADPADH@Z      00490e60 f   nkiqrsop.obj
 0001:0008fef0       ?DeYBRFULL@@YAXPADH@Z      00490ef0 f   nkiqrsop.obj
 0001:00090020       ?MakeSegTable@@YAPAEPAVVR@@IPAI@Z 00491020 f   nkiqrsop.obj
 0001:00090460       ?jpeg_type@@YADPAVVR@@@Z   00491460 f   nkiqrsop.obj
 0001:000905d0       ?AddTransferSyntaxs@ExtendedPDU_Service@@EAEHAAVPresentationContext@@@Z 004915d0 f   nkiqrsop.obj
 0001:00090c40       ?SetRequestedCompressionType@ExtendedPDU_Service@@QAEHPBD@Z 00491c40 f   nkiqrsop.obj
 0001:00090c70       ?GetAcceptedCompressionType@ExtendedPDU_Service@@QAEPADVUID@@@Z 00491c70 f   nkiqrsop.obj
 0001:00091030       ?UseBuiltInDecompressor@@YAHPAH@Z 00492030 f   nkiqrsop.obj
 0001:000910b0       ??0StandardRetrieveNKI@@QAE@XZ 004920b0 f   nkiqrsop.obj
 0001:000910d0       ?GetUID@StandardRetrieveNKI@@UAEHAAVUID@@@Z 004920d0 f i nkiqrsop.obj
 0001:000910e0       ?GetUID@StandardRetrieveNKI@@W3AEHAAVUID@@@Z 004920e0 f i nkiqrsop.obj
 0001:000910f0       ?Write@StandardRetrieveNKI@@QAEHPAVPDU_Service@@PAVDICOMDataObject@@PAE@Z 004920f0 f   nkiqrsop.obj
 0001:000917c0       ?DecodePalette@@YAHPAVDICOMDataObject@@@Z 004927c0 f   nkiqrsop.obj
 0001:00092620       ?NewTempFileWExt@@YAXPADPBD@Z 00493620 f   nkiqrsop.obj
 0001:000927c0       ?NewTempFile@@YAXPAD@Z     004937c0 f   nkiqrsop.obj
 0001:000927e0       ?DecompressImage@@YAHPAPAVDICOMDataObject@@PAH@Z 004937e0 f   nkiqrsop.obj
 0001:00092f60       ?CompressJPEGImage@@YAHPAPAVDICOMDataObject@@HPAHH@Z 00493f60 f   nkiqrsop.obj
 0001:00093660       ?ExtractFrame@@YAHPAVDICOMDataObject@@I@Z 00494660 f   nkiqrsop.obj
 0001:00093860       ?ExtractFrames@@YAHPAVDICOMDataObject@@IIH@Z 00494860 f   nkiqrsop.obj
 0001:00093c00       ?MaybeDownsize@@YAHPAVDICOMDataObject@@PAVDICOMCommandObject@@H@Z 00494c00 f   nkiqrsop.obj
 0001:000941f0       ?ProcessDDO@@YAHPAPAVDICOMDataObject@@PAVDICOMCommandObject@@PAVExtendedPDU_Service@@@Z 004951f0 f   nkiqrsop.obj
 0001:000943a0       ?recompress@@YAHPAPAVDICOMDataObject@@PBD1HPAVExtendedPDU_Service@@@Z 004953a0 f   nkiqrsop.obj
 0001:00094b60       ?To8bitMonochromeOrRGB@@YAHPAVDICOMDataObject@@HPAH1PAPAEHHHI@Z 00495b60 f   nkiqrsop.obj
 0001:00095ee0       ?ToGif@@YAHPAVDICOMDataObject@@PADHHHHI@Z 00496ee0 f   nkiqrsop.obj
 0001:00096270       ?ToBMP@@YAHPAVDICOMDataObject@@PADHHHHI@Z 00497270 f   nkiqrsop.obj
 0001:00096410       ?Read@StandardRetrieveNKI@@QAEHPAVExtendedPDU_Service@@PAVDICOMCommandObject@@PAX@Z 00497410 f   nkiqrsop.obj
 0001:00097340       ?recompressFile@@YAHPAD0PAVExtendedPDU_Service@@@Z 00498340 f   nkiqrsop.obj
 0001:000975b0       ?ToJPG@@YAHPAVDICOMDataObject@@PADHHHHI@Z 004985b0 f   jpegconv.obj
 0001:00097a70       ?DecompressJPEGL@@YAHPAVDICOMDataObject@@@Z 00498a70 f   jpegconv.obj
 0001:00098260       ?DecompressJPEG2K@@YAHPAVDICOMDataObject@@@Z 00499260 f   jpegconv.obj
 0001:00098db0       ?CompressJPEGL@@YAHPAVDICOMDataObject@@HH@Z 00499db0 f   jpegconv.obj
 0001:0009a850       ?CompressJPEG2K@@YAHPAVDICOMDataObject@@H@Z 0049b850 f   jpegconv.obj
 0001:0009cca0       ??0TK@@QAE@XZ              0049dca0 f   lex.obj
 0001:0009ccb0       ??0TK@@QAE@H@Z             0049dcb0 f   lex.obj
 0001:0009ccc0       ??0TK@@QAE@HHPAD@Z         0049dcc0 f   lex.obj
 0001:0009ccd0       ??1TK@@QAE@XZ              0049dcd0 f   lex.obj
 0001:0009cce0       ??0Lex@@QAE@XZ             0049dce0 f   lex.obj
 0001:0009ccf0       ??1Lex@@QAE@XZ             0049dcf0 f   lex.obj
 0001:0009cd40       ?Start@Lex@@QAEHPADPAU_TOKENSTRUCT@@@Z 0049dd40 f   lex.obj
 0001:0009d360       ?Stop@Lex@@QAEHXZ          0049e360 f   lex.obj
 0001:0009d370       ?Peek@Lex@@QAEHPAVTK@@@Z   0049e370 f   lex.obj
 0001:0009d3b0       ?Get@Lex@@QAEHPAVTK@@@Z    0049e3b0 f   lex.obj
 0001:0009d410       ?GetString@Lex@@QAEHPAVTK@@D@Z 0049e410 f   lex.obj
 0001:0009d420       ??0GifManager@@QAE@XZ      0049e420 f   xvgifwr.obj
 0001:0009d440       ?WritePalette@@YAHPAU_iobuf@@PAUGifStore@@H@Z 0049e440 f   xvgifwr.obj
 0001:0009d4b0       ?WriteComment@@YAHPAU_iobuf@@PAD@Z 0049e4b0 f   xvgifwr.obj
 0001:0009d6c0       ?WriteGIFHeader@@YAHPAU_iobuf@@HHPAE11HW4ColorStyleType@@PAD@Z 0049e6c0 f   xvgifwr.obj
 0001:0009deb0       ?WriteGIFFrame@@YAHPAU_iobuf@@PAEHH111HHHW4ColorStyleType@@@Z 0049eeb0 f   xvgifwr.obj
 0001:0009e330       ?WriteGIF@@YAHPAU_iobuf@@PAEHHH111HHPBD@Z 0049f330 f   xvgifwr.obj
 0001:000a1db0       ?encodeMCU@@YAPAEPAU_JPEG_ENCODER_STRUCTURE@@IPAE@Z 004a2db0 f   jpeg_encoder.obj
 0001:000a1f30       ?encode_image@@YAIPAE0IIII@Z 004a2f30 f   jpeg_encoder.obj
 0001:000a2500       ??0IniValue@@IAE@XZ        004a3500 f   configpacs.obj
 0001:000a2700       ??1IniValue@@IAE@XZ        004a3700 f   configpacs.obj
 0001:000a2870       ?addToCharArray@IniValue@@AAEHPBDPAPAV?$Array@PAD@@@Z 004a3870 f   configpacs.obj
 0001:000a2980       ?addToIntArray@IniValue@@AAEHHPAPAV?$Array@PAH@@@Z 004a3980 f   configpacs.obj
 0001:000a2a60       ?chechThreadError@IniValue@@AAEHPAX@Z 004a3a60 f   configpacs.obj
 0001:000a2ab0       ?defaultIni@IniValue@@AAEXXZ 004a3ab0 f   configpacs.obj
 0001:000a32c0       ?DeleteNameFromIniFile@IniValue@@QAEHPBD@Z 004a42c0 f   configpacs.obj
 0001:000a3370       ?DeleteNameFromIniFile@IniValue@@QAEHPBD0@Z 004a4370 f   configpacs.obj
 0001:000a35c0       ?dumpCharArray@IniValue@@AAEXPAU_iobuf@@PAV?$Array@PAD@@PBD@Z 004a45c0 f   configpacs.obj
 0001:000a3630       ?dumpIEGroup@IniValue@@AAEXPAU_iobuf@@PAU_iEGroup@@PBD@Z 004a4630 f   configpacs.obj
 0001:000a36e0       ?DumpIni@IniValue@@QAEXPAU_iobuf@@@Z 004a46e0 f   configpacs.obj
 0001:000a4e10       ?dumpIntArray@IniValue@@AAEXPAU_iobuf@@PAV?$Array@PAH@@PBD@Z 004a5e10 f   configpacs.obj
 0001:000a4e80       ?dumpsourceLines@IniValue@@AAEXPAU_iobuf@@PAU_sourceLines@@PBD@Z 004a5e80 f   configpacs.obj
 0001:000a4f50       ?dumpTime@IniValue@@AAEXPAU_iobuf@@PAUtm@@PBD@Z 004a5f50 f   configpacs.obj
 0001:000a4fb0       ?errorCleanNewConfigFile@IniValue@@AAEXXZ 004a5fb0 f   configpacs.obj
 0001:000a5000       ?errorToBuffer@IniValue@@AAEHPBD@Z 004a6000 f   configpacs.obj
 0001:000a5030       ?freeCharArray@IniValue@@AAEXPAPAV?$Array@PAD@@@Z 004a6030 f   configpacs.obj
 0001:000a50b0       ?freeIEGroup@IniValue@@AAEXPAPAU_iEGroup@@@Z 004a60b0 f   configpacs.obj
 0001:000a5150       ?freeIntArray@IniValue@@AAEXPAPAV?$Array@PAH@@@Z 004a6150 f   configpacs.obj
 0001:000a51d0       ?freeLua@IniValue@@AAEXXZ  004a61d0 f   configpacs.obj
 0001:000a5350       ?freesscscp@IniValue@@AAEXXZ 004a6350 f   configpacs.obj
 0001:000a5540       ?freeSourceLines@IniValue@@AAEXPAPAU_sourceLines@@@Z 004a6540 f   configpacs.obj
 0001:000a5590       ?freesection@IniValue@@AAEXXZ 004a6590 f   configpacs.obj
 0001:000a5600       ?freewadoservers@IniValue@@AAEXXZ 004a6600 f   configpacs.obj
 0001:000a5640       ?freewebdefaults@IniValue@@AAEXXZ 004a6640 f   configpacs.obj
 0001:000a5680       ?getBoolWithTemp@IniValue@@AAEHXZ 004a6680 f   configpacs.obj
 0001:000a56c0       ?getIniBoolString@IniValue@@AAEPADXZ 004a66c0 f   configpacs.obj
 0001:000a5730       ?getIniInitFromArray@IniValue@@AAEPADPAPAV?$Array@PAH@@@Z 004a6730 f   configpacs.obj
 0001:000a5880       ?getIniInitFromArray@IniValue@@AAEPADPAPAPAV?$Array@PAH@@@Z 004a6880 f   configpacs.obj
 0001:000a58b0       ?GetIniInitPtr@IniValue@@QAEPAHPBD0@Z 004a68b0 f   configpacs.obj
 0001:000a5c70       ?GetIniLine@IniValue@@QAEPADPBD@Z 004a6c70 f   configpacs.obj
 0001:000a5e80       ?getIniString@IniValue@@AAEPADXZ 004a6e80 f   configpacs.obj
 0001:000a5ec0       ?getIniStringFromArrayH@IniValue@@AAEPADPAPAV?$Array@PAD@@@Z 004a6ec0 f   configpacs.obj
 0001:000a6000       ?getIniStringFromArrayDH@IniValue@@AAEPADPAPAPAV?$Array@PAD@@@Z 004a7000 f   configpacs.obj
 0001:000a6030       ?GetIniString@IniValue@@QAEPADPBD@Z 004a7030 f   configpacs.obj
 0001:000a60b0       ?GetIniString@IniValue@@QAEPADPBD0@Z 004a70b0 f   configpacs.obj
 0001:000a6d00       ?GetIniStringLen@IniValue@@QAEHPBDPAPAD0@Z 004a7d00 f   configpacs.obj
 0001:000a7330       ?GetIniTableValue@IniValue@@QAEPADPBDPAV?$Array@PAU_iniTable@@@@@Z 004a8330 f   configpacs.obj
 0001:000a73c0       ?getIniTime@IniValue@@AAEPADXZ 004a83c0 f   configpacs.obj
 0001:000a7470       ?getStringPtrFromArray@IniValue@@AAEPADXZ 004a8470 f   configpacs.obj
 0001:000a74e0       ?getTypeForLua@IniValue@@AAE?AW4DATAPTRTYPE@@XZ 004a84e0 f   configpacs.obj
 0001:000a7c00       ?getTypeForsourceLines@IniValue@@AAE?AW4DATAPTRTYPE@@XZ 004a8c00 f   configpacs.obj
 0001:000a7de0       ?getTypeForsscscp@IniValue@@AAE?AW4DATAPTRTYPE@@XZ 004a8de0 f   configpacs.obj
 0001:000a9880       ?getTypeForWebDefaults@IniValue@@AAE?AW4DATAPTRTYPE@@XZ 004aa880 f   configpacs.obj
 0001:000a9bb0       ?getReplyLength@IniValue@@AAEHXZ 004aabb0 f   configpacs.obj
 0001:000a9c20       ?GetUnknownSectionTableValue@IniValue@@QAEPADPBD0@Z 004aac20 f   configpacs.obj
 0001:000a9cb0       ?goToNextDataLine@IniValue@@AAEHXZ 004aacb0 f   configpacs.obj
 0001:000a9d50       ?goToNextSection@IniValue@@AAEHXZ 004aad50 f   configpacs.obj
 0001:000a9e30       ?goToStartIsBlank@IniValue@@AAEHXZ 004aae30 f   configpacs.obj
 0001:000a9f20       ?goToStartOfName@IniValue@@AAEHPBD@Z 004aaf20 f   configpacs.obj
 0001:000aa010       ?initIEGroup@IniValue@@AAEXPAU_iEGroup@@@Z 004ab010 f   configpacs.obj
 0001:000aa060       ?intTableValue@IniValue@@AAEPADPAV?$Array@PAU_iniTable@@@@PBD@Z 004ab060 f   configpacs.obj
 0001:000aa090       ?isIEGroup@IniValue@@AAEHI@Z 004ab090 f   configpacs.obj
 0001:000aa330       ?keepLine@IniValue@@AAEHPBD@Z 004ab330 f   configpacs.obj
 0001:000aa440       ?lstrcpysplim@IniValue@@AAEPADPADI@Z 004ab440 f   configpacs.obj
 0001:000aa4c0       ?lstrieq@IniValue@@AAEHPBD@Z 004ab4c0 f   configpacs.obj
 0001:000aa5a0       ?lstrileq@IniValue@@AAEHPBD@Z 004ab5a0 f   configpacs.obj
 0001:000aa6a0       ?lstrileqNum@IniValue@@AAEHPBD@Z 004ab6a0 f   configpacs.obj
 0001:000aa860       ?makeFullPath@IniValue@@AAEXPAD@Z 004ab860 f   configpacs.obj
 0001:000aa940       ?mallocReturnBuf@IniValue@@AAEPADPBD@Z 004ab940 f   configpacs.obj
 0001:000aa9b0       ?openNewConfigFile@IniValue@@AAEHXZ 004ab9b0 f   configpacs.obj
 0001:000aaa70       ?ReadIni@IniValue@@QAEHXZ  004aba70 f   configpacs.obj
 0001:000ab250       ?readIniFile@IniValue@@AAEHXZ 004ac250 f   configpacs.obj
 0001:000ab2d0       ?readlua@IniValue@@AAEHXZ  004ac2d0 f   configpacs.obj
 0001:000ab560       ?readScripts@IniValue@@AAEHXZ 004ac560 f   configpacs.obj
 0001:000ab650       ?readsourceLines@IniValue@@AAEHPAPAU_sourceLines@@@Z 004ac650 f   configpacs.obj
 0001:000ab7f0       ?readsscscp@IniValue@@AAEHXZ 004ac7f0 f   configpacs.obj
 0001:000abdc0       ?readsscscpFixes@IniValue@@AAEXXZ 004acdc0 f   configpacs.obj
 0001:000abe30       ?readUknownSection@IniValue@@AAEHXZ 004ace30 f   configpacs.obj
 0001:000ac050       ?readwadoservers@IniValue@@AAEHXZ 004ad050 f   configpacs.obj
 0001:000ac1c0       ?readwebdefaults@IniValue@@AAEHXZ 004ad1c0 f   configpacs.obj
 0001:000ac390       ?printAllocateError@IniValue@@AAEHHPBD@Z 004ad390 f   configpacs.obj
 0001:000ac3c0       ?SetBasePath@IniValue@@QAEHPBD@Z 004ad3c0 f   configpacs.obj
 0001:000ac560       ?setIniBool@IniValue@@AAEXXZ 004ad560 f   configpacs.obj
 0001:000ac640       ?SetIniFile@IniValue@@QAEHPBD@Z 004ad640 f   configpacs.obj
 0001:000ac840       ?setIniFullPath@IniValue@@AAEXXZ 004ad840 f   configpacs.obj
 0001:000ac880       ?setIniINT@IniValue@@AAEXPAH@Z 004ad880 f   configpacs.obj
 0001:000ac8f0       ?setIniString@IniValue@@AAEXPADI@Z 004ad8f0 f   configpacs.obj
 0001:000acb10       ?setIntForArray@IniValue@@AAEXPAPAPAV?$Array@PAH@@@Z 004adb10 f   configpacs.obj
 0001:000acb60       ?setIniTime@IniValue@@AAEXXZ 004adb60 f   configpacs.obj
 0001:000acc30       ?setIniUINT@IniValue@@AAEXPAI@Z 004adc30 f   configpacs.obj
 0001:000ace80       ?setStringForArray@IniValue@@AAEHPAPAPAV?$Array@PAD@@@Z 004ade80 f   configpacs.obj
 0001:000acef0       ?setUIntForArray@IniValue@@AAEXPAPAPAV?$Array@PAI@@@Z 004adef0 f   configpacs.obj
 0001:000acf40       ?skipComments@IniValue@@AAEHXZ 004adf40 f   configpacs.obj
 0001:000ad040       ?swapConfigFiles@IniValue@@AAEHXZ 004ae040 f   configpacs.obj
 0001:000ad1a0       ?swapPointers@IniValue@@AAEXPAPAX0@Z 004ae1a0 f   configpacs.obj
 0001:000ad1d0       ?threadError@IniValue@@AAEPADXZ 004ae1d0 f   configpacs.obj
 0001:000ad200       ?unknownEntry@IniValue@@AAEHPAPAV?$Array@PAU_iniTable@@@@@Z 004ae200 f   configpacs.obj
 0001:000ad3e0       ?unknownPrint@IniValue@@AAEXPAV?$Array@PAU_iniTable@@@@PAU_iobuf@@@Z 004ae3e0 f   configpacs.obj
 0001:000ad470       ?writeByPutParms@IniValue@@AAEHPBD@Z 004ae470 f   configpacs.obj
 0001:000ad600       ?writeNameValue@IniValue@@AAEHPBD0@Z 004ae600 f   configpacs.obj
 0001:000ad720       ?WriteToIni@IniValue@@QAEHPBD0@Z 004ae720 f   configpacs.obj
 0001:000ad7d0       ?WriteToIni@IniValue@@QAEHPBD00@Z 004ae7d0 f   configpacs.obj
 0001:000adb60       ?writeTonewConfigFile@IniValue@@AAEHPBDI@Z 004aeb60 f   configpacs.obj
 0001:000b0990       ??0?$Array@PAH@@QAE@XZ     004b1990 f i configpacs.obj
 0001:000b0a00       ?GetSize@?$Array@PAU_sectionTable@@@@QAEIXZ 004b1a00 f i configpacs.obj
 0001:000b0a20       ??0?$Array@PAU_sectionTable@@@@QAE@XZ 004b1a20 f i configpacs.obj
 0001:000b0a90       ?GetSize@?$Array@PAU_iniTable@@@@QAEIXZ 004b1a90 f i configpacs.obj
 0001:000b0ab0       ??0?$Array@PAU_iniTable@@@@QAE@XZ 004b1ab0 f i configpacs.obj
 0001:000b0b20       ??_G?$Array@PAH@@UAEPAXI@Z 004b1b20 f i configpacs.obj
 0001:000b0b20       ??_E?$Array@PAH@@UAEPAXI@Z 004b1b20 f i configpacs.obj
 0001:000b0b60       ??_G?$Array@PAU_sectionTable@@@@UAEPAXI@Z 004b1b60 f i configpacs.obj
 0001:000b0b60       ??_E?$Array@PAU_sectionTable@@@@UAEPAXI@Z 004b1b60 f i configpacs.obj
 0001:000b0ba0       ??_G?$Array@PAU_iniTable@@@@UAEPAXI@Z 004b1ba0 f i configpacs.obj
 0001:000b0ba0       ??_E?$Array@PAU_iniTable@@@@UAEPAXI@Z 004b1ba0 f i configpacs.obj
 0001:000b0be0       ?ReplaceAt@?$Array@PAD@@QAEAAPADAAPADI@Z 004b1be0 f i configpacs.obj
 0001:000b0d20       ?Add@?$Array@PAH@@QAEAAPAHAAPAH@Z 004b1d20 f i configpacs.obj
 0001:000b0de0       ?ReplaceAt@?$Array@PAH@@QAEAAPAHAAPAHI@Z 004b1de0 f i configpacs.obj
 0001:000b0f20       ?RemoveAt@?$Array@PAH@@QAEHI@Z 004b1f20 f i configpacs.obj
 0001:000b1070       ??1?$Array@PAH@@UAE@XZ     004b2070 f i configpacs.obj
 0001:000b10b0       ?Add@?$Array@PAU_sectionTable@@@@QAEAAPAU_sectionTable@@AAPAU2@@Z 004b20b0 f i configpacs.obj
 0001:000b1170       ?Get@?$Array@PAU_sectionTable@@@@QAEAAPAU_sectionTable@@I@Z 004b2170 f i configpacs.obj
 0001:000b1290       ?RemoveAt@?$Array@PAU_sectionTable@@@@QAEHI@Z 004b2290 f i configpacs.obj
 0001:000b13e0       ??1?$Array@PAU_sectionTable@@@@UAE@XZ 004b23e0 f i configpacs.obj
 0001:000b1420       ?Add@?$Array@PAU_iniTable@@@@QAEAAPAU_iniTable@@AAPAU2@@Z 004b2420 f i configpacs.obj
 0001:000b14e0       ?Get@?$Array@PAU_iniTable@@@@QAEAAPAU_iniTable@@I@Z 004b24e0 f i configpacs.obj
 0001:000b1600       ?ReplaceAt@?$Array@PAU_iniTable@@@@QAEAAPAU_iniTable@@AAPAU2@I@Z 004b2600 f i configpacs.obj
 0001:000b1740       ??1?$Array@PAU_iniTable@@@@UAE@XZ 004b2740 f i configpacs.obj
 0001:000b1780       ??0?$DataLink@PAH@@QAE@XZ  004b2780 f i configpacs.obj
 0001:000b17b0       ??0?$DataLink@PAU_sectionTable@@@@QAE@XZ 004b27b0 f i configpacs.obj
 0001:000b17e0       ??0?$DataLink@PAU_iniTable@@@@QAE@XZ 004b27e0 f i configpacs.obj
 0001:000b1810       ?RemoveAt@?$Array@PAU_iniTable@@@@QAEHI@Z 004b2810 f i configpacs.obj
 0001:000b68d0       _sqlite3_expired           004b78d0 f   sqlite3.obj
 0001:000b68f0       _sqlite3_value_type        004b78f0 f   sqlite3.obj
 0001:000b6900       _sqlite3_user_data         004b7900 f   sqlite3.obj
 0001:000b6910       _sqlite3_get_auxdata       004b7910 f   sqlite3.obj
 0001:000b6940       _sqlite3_aggregate_count   004b7940 f   sqlite3.obj
 0001:000b6950       _sqlite3_column_count      004b7950 f   sqlite3.obj
 0001:000b6970       _sqlite3_data_count        004b7970 f   sqlite3.obj
 0001:000b69a0       _sqlite3_bind_parameter_count 004b79a0 f   sqlite3.obj
 0001:000b6a10       _sqlite3_bind_parameter_name 004b7a10 f   sqlite3.obj
 0001:000b6a50       _sqlite3_bind_parameter_index 004b7a50 f   sqlite3.obj
 0001:000b6ae0       _sqlite3_db_handle         004b7ae0 f   sqlite3.obj
 0001:000b6b40       _sqlite3_blob_bytes        004b7b40 f   sqlite3.obj
 0001:000b7200       _sqlite3_set_authorizer    004b8200 f   sqlite3.obj
 0001:000b7840       _sqlite3_complete          004b8840 f   sqlite3.obj
 0001:000b82a0       _sqlite3_enable_load_extension 004b92a0 f   sqlite3.obj
 0001:000b9bf0       _sqlite3_libversion        004babf0 f   sqlite3.obj
 0001:000b9c00       _sqlite3_libversion_number 004bac00 f   sqlite3.obj
 0001:000b9d20       _sqlite3_last_insert_rowid 004bad20 f   sqlite3.obj
 0001:000b9d30       _sqlite3_changes           004bad30 f   sqlite3.obj
 0001:000b9d40       _sqlite3_total_changes     004bad40 f   sqlite3.obj
 0001:000b9fe0       _sqlite3_busy_handler      004bafe0 f   sqlite3.obj
 0001:000ba040       _sqlite3_progress_handler  004bb040 f   sqlite3.obj
 0001:000ba0c0       _sqlite3_busy_timeout      004bb0c0 f   sqlite3.obj
 0001:000ba130       _sqlite3_interrupt         004bb130 f   sqlite3.obj
 0001:000ba160       _sqlite3_free              004bb160 f   sqlite3.obj
 0001:000ba180       _sqlite3_malloc            004bb180 f   sqlite3.obj
 0001:000ba1a0       _sqlite3_realloc           004bb1a0 f   sqlite3.obj
 0001:000ba1f0       _sqlite3_trace             004bb1f0 f   sqlite3.obj
 0001:000ba210       _sqlite3_profile           004bb210 f   sqlite3.obj
 0001:000ba230       _sqlite3_commit_hook       004bb230 f   sqlite3.obj
 0001:000ba250       _sqlite3_update_hook       004bb250 f   sqlite3.obj
 0001:000ba270       _sqlite3_rollback_hook     004bb270 f   sqlite3.obj
 0001:000ba290       _sqlite3_errcode           004bb290 f   sqlite3.obj
 0001:000ba2f0       _sqlite3_collation_needed  004bb2f0 f   sqlite3.obj
 0001:000ba350       _sqlite3_collation_needed16 004bb350 f   sqlite3.obj
 0001:000ba3b0       _sqlite3_global_recover    004bb3b0 f   sqlite3.obj
 0001:000ba3c0       _sqlite3_get_autocommit    004bb3c0 f   sqlite3.obj
 0001:000ba3d0       _sqlite3_thread_cleanup    004bb3d0 f   sqlite3.obj
 0001:000ba440       _sqlite3_sleep             004bb440 f   sqlite3.obj
 0001:000ba460       _sqlite3_extended_result_codes 004bb460 f   sqlite3.obj
 0001:000bc7d0       _sqlite3_result_double     004bd7d0 f   sqlite3.obj
 0001:000bc840       _sqlite3_result_int        004bd840 f   sqlite3.obj
 0001:000bc870       _sqlite3_result_int64      004bd870 f   sqlite3.obj
 0001:000bc8b0       _sqlite3_result_null       004bd8b0 f   sqlite3.obj
 0001:000bc8e0       _sqlite3_result_zeroblob   004bd8e0 f   sqlite3.obj
[...]
 0003:003f277c       __stdbuf                   00a4177c     LIBCMT:_sftbuf.obj
 0003:003f2784       __crtheap                  00a41784     LIBCMT:heapinit.obj
 0003:003f28d8       ___sbh_pHeaderDefer        00a418d8     LIBCMT:sbheap.obj
 0003:003f28dc       ?_pnhHeap@@3P6AHI@ZA       00a418dc     LIBCMT:handler.obj
 0003:003f28e0       __newmode                  00a418e0     LIBCMT:_newmode.obj
 0003:003f28e4       __maxwait                  00a418e4     LIBCMT:crtheap.obj
 0003:003f28e8       ?__pInconsistency@@3P6AXXZA 00a418e8     LIBCMT:hooks.obj
 0003:003f2924       __old_pfxlen               00a41924     LIBCMT:rmtmp.obj
 0003:003f2928       __commode                  00a41928     LIBCMT:ncommode.obj
 0003:003f2a58       ?pArgList@UnDecorator@@0PAVReplicator@@A 00a41a58     LIBCMT:undname.obj
 0003:003f2a5c       ?pZNameList@UnDecorator@@0PAVReplicator@@A 00a41a5c     LIBCMT:undname.obj
 0003:003f2a60       ?pTemplateArgList@UnDecorator@@0PAVReplicator@@A 00a41a60     LIBCMT:undname.obj
 0003:003f2a64       ?gName@UnDecorator@@0PBDB  00a41a64     LIBCMT:undname.obj
 0003:003f2a68       ?name@UnDecorator@@0PBDB   00a41a68     LIBCMT:undname.obj
 0003:003f2a6c       ?outputString@UnDecorator@@0PADA 00a41a6c     LIBCMT:undname.obj
 0003:003f2a70       ?maxStringLength@UnDecorator@@0HA 00a41a70     LIBCMT:undname.obj
 0003:003f2a74       ?disableFlags@UnDecorator@@0KA 00a41a74     LIBCMT:undname.obj
 0003:003f2a78       ?m_pGetParameter@UnDecorator@@0P6APADJ@ZA 00a41a78     LIBCMT:undname.obj
 0003:003f2a7c       ?fExplicitTemplateParams@UnDecorator@@0_NA 00a41a7c     LIBCMT:undname.obj
 0003:003f2a7d       ?fGetTemplateArgumentList@UnDecorator@@0_NA 00a41a7d     LIBCMT:undname.obj
 0003:003f2a9c       __outputformat             00a41a9c     LIBCMT:outputformat.obj
 0003:003f2aa4       __fmode                    00a41aa4     LIBCMT:txtmode.obj
 0003:003f2b14       ?_Clocptr@_Locimp@locale@std@@0PAV123@A 00a41b14     libcpmt:locale0.obj
 0003:003f2b18       ?_Id_cnt@id@locale@std@@0HA 00a41b18     libcpmt:locale0.obj
 0003:003f2b1c       ?id@?$ctype@D@std@@2V0locale@2@A 00a41b1c     libcpmt:locale0.obj
 0003:003f2b20       ?id@?$codecvt@GDH@std@@2V0locale@2@A 00a41b20     libcpmt:locale0.obj
 0003:003f2b24       ?id@?$ctype@_W@std@@2V0locale@2@A 00a41b24     libcpmt:locale0.obj
 0003:003f2b28       ?id@?$codecvt@_WDH@std@@2V0locale@2@A 00a41b28     libcpmt:locale0.obj
 0003:003f2b30       ?id@?$ctype@G@std@@2V0locale@2@A 00a41b30     libcpmt:locale0.obj
 0003:003f2b38       ?_Fpz@std@@3_JA            00a41b38     libcpmt:ios.obj
 0003:003f2b40       ?_Index@ios_base@std@@0HA  00a41b40     libcpmt:ios.obj
 0003:003f2b78       ?_Ptr_cin@std@@3PAV?$basic_istream@DU?$char_traits@D@std@@@1@A 00a41b78     libcpmt:iosptrs.obj
 0003:003f2b7c       ?_Ptr_cout@std@@3PAV?$basic_ostream@DU?$char_traits@D@std@@@1@A 00a41b7c     libcpmt:iosptrs.obj
 0003:003f2b80       ?_Ptr_cerr@std@@3PAV?$basic_ostream@DU?$char_traits@D@std@@@1@A 00a41b80     libcpmt:iosptrs.obj
 0003:003f2b84       ?_Ptr_clog@std@@3PAV?$basic_ostream@DU?$char_traits@D@std@@@1@A 00a41b84     libcpmt:iosptrs.obj
 0003:003f2b88       ?_Ptr_wcin@std@@3PAV?$basic_istream@_WU?$char_traits@_W@std@@@1@A 00a41b88     libcpmt:iosptrs.obj
 0003:003f2b8c       ?_Ptr_wcout@std@@3PAV?$basic_ostream@_WU?$char_traits@_W@std@@@1@A 00a41b8c     libcpmt:iosptrs.obj
 0003:003f2b90       ?_Ptr_wcerr@std@@3PAV?$basic_ostream@_WU?$char_traits@_W@std@@@1@A 00a41b90     libcpmt:iosptrs.obj
 0003:003f2b94       ?_Ptr_wclog@std@@3PAV?$basic_ostream@_WU?$char_traits@_W@std@@@1@A 00a41b94     libcpmt:iosptrs.obj
 0003:003f2bc8       _ras_dummy                 00a41bc8     <common>
 0003:003f3f40       _jpc_refnmsedec            00a42f40     <common>
 0003:003f4140       _jpc_mqctxs                00a43140     <common>
 0003:003f41e0       _jpc_signmsedec            00a431e0     <common>
 0003:003f43e0       _jpc_signmsedec0           00a433e0     <common>
 0003:003f45e0       _jpc_zcctxnolut            00a435e0     <common>
 0003:003f55e0       _jpc_spblut                00a445e0     <common>
 0003:003f59e0       _jpc_scctxnolut            00a449e0     <common>
 0003:003f5de0       _jpc_refnmsedec0           00a44de0     <common>
 0003:003f5fe0       _jpc_magctxnolut           00a44fe0     <common>
 0003:003f9fe0       __debugger_hook_dummy      00a48fe0     <common>
 0003:003f9fec       __pmatherr                 00a48fec     <common>
 0003:003f9ff8       ___sbh_initialized         00a48ff8     <common>
 0003:003fa00c       ___sbh_cntHeaderList       00a4900c     <common>
 0003:003fa010       ___sbh_pHeaderList         00a49010     <common>
 0003:003fa014       ___sbh_threshold           00a49014     <common>
 0003:003fa018       ___sbh_pHeaderScan         00a49018     <common>
 0003:003fa01c       ___sbh_sizeHeaderList      00a4901c     <common>
 0003:003fa020       ___sbh_indGroupDefer       00a49020     <common>
 0003:003fa024       ___active_heap             00a49024     <common>
 0003:003fa030       __nhandle                  00a49030     <common>
 0003:003fa080       ___pioinfo                 00a49080     <common>
 0003:003fa180       ___use_sse2_mathfcns       00a49180     <common>
 0003:003fa190       ___sse2_available          00a49190     <common>
 0003:003fa194       __acmdln                   00a49194     <common>
 0003:003fa1a0       ___setlc_active            00a491a0     <common>
 0003:003fa1b0       ___unguarded_readlc_active 00a491b0     <common>
 0003:003fa1b4       __setjmpexused             00a491b4     <common>
 0003:003fa1c0       ___env_initialized         00a491c0     <common>
 0003:003fa1d4       ___onexitend               00a491d4     <common>
 0003:003fa1d8       ___onexitbegin             00a491d8     <common>
 0003:003fa1dc       ___mbctype_initialized     00a491dc     <common>
 0003:003fa1e0       ___dyn_tls_init_callback   00a491e0     <common>
 0003:003fa1e4       ___piob                    00a491e4     <common>
 0003:003fa540       __bufin                    00a49540     <common>
 0003:003fb540       __nstream                  00a4a540     <common>
 0004:00000000       __IMPORT_DESCRIPTOR_WSOCK32 00a4b000     wsock32:WSOCK32.dll
 0004:00000014       __IMPORT_DESCRIPTOR_USER32 00a4b014     user32:USER32.dll
 0004:00000028       __IMPORT_DESCRIPTOR_KERNEL32 00a4b028     kernel32:KERNEL32.dll
 0004:0000003c       __NULL_IMPORT_DESCRIPTOR   00a4b03c     wsock32:WSOCK32.dll
 0004:000003c4       __imp__PeekConsoleInputA@16 00a4b3c4     kernel32:KERNEL32.dll
 0004:000003c8       __imp__SetConsoleMode@8    00a4b3c8     kernel32:KERNEL32.dll
 0004:000003cc       __imp__ReadConsoleInputA@16 00a4b3cc     kernel32:KERNEL32.dll
 0004:000003d0       __imp__RemoveDirectoryA@4  00a4b3d0     kernel32:KERNEL32.dll
 0004:000003d4       __imp__CreateDirectoryA@8  00a4b3d4     kernel32:KERNEL32.dll
 0004:000003d8       __imp__SetEnvironmentVariableA@8 00a4b3d8     kernel32:KERNEL32.dll
 0004:000003dc       __imp__GetConsoleOutputCP@0 00a4b3dc     kernel32:KERNEL32.dll
 0004:000003e0       __imp__WriteConsoleA@20    00a4b3e0     kernel32:KERNEL32.dll
 0004:000003e4       __imp__GetLocaleInfoW@16   00a4b3e4     kernel32:KERNEL32.dll
 0004:000003e8       __imp__QueryPerformanceCounter@4 00a4b3e8     kernel32:KERNEL32.dll
 0004:000003ec       __imp__GetEnvironmentStringsW@0 00a4b3ec     kernel32:KERNEL32.dll
 0004:000003f0       __imp__FreeEnvironmentStringsW@4 00a4b3f0     kernel32:KERNEL32.dll
 0004:000003f4       __imp__GetEnvironmentStrings@0 00a4b3f4     kernel32:KERNEL32.dll
 0004:000003f8       __imp__FreeEnvironmentStringsA@4 00a4b3f8     kernel32:KERNEL32.dll
 0004:000003fc       __imp__GetStringTypeW@16   00a4b3fc     kernel32:KERNEL32.dll
 0004:00000400       __imp__GetStringTypeA@20   00a4b400     kernel32:KERNEL32.dll
 0004:00000404       __imp__IsValidLocale@8     00a4b404     kernel32:KERNEL32.dll
 0004:00000408       __imp__EnumSystemLocalesA@8 00a4b408     kernel32:KERNEL32.dll
 0004:0000040c       __imp__GetLocaleInfoA@16   00a4b40c     kernel32:KERNEL32.dll
 0004:00000410       __imp__GetUserDefaultLCID@0 00a4b410     kernel32:KERNEL32.dll
 0004:00000414       __imp__GetExitCodeProcess@8 00a4b414     kernel32:KERNEL32.dll
 0004:00000418       __imp__CloseHandle@4       00a4b418     kernel32:KERNEL32.dll
 0004:0000041c       __imp__WaitForSingleObject@8 00a4b41c     kernel32:KERNEL32.dll
 0004:00000420       __imp__GetLastError@0      00a4b420     kernel32:KERNEL32.dll
 0004:00000424       __imp__CreateProcessA@40   00a4b424     kernel32:KERNEL32.dll
 0004:00000428       __imp__Sleep@4             00a4b428     kernel32:KERNEL32.dll
 0004:0000042c       __imp__LeaveCriticalSection@4 00a4b42c     kernel32:KERNEL32.dll
 0004:00000430       __imp__EnterCriticalSection@4 00a4b430     kernel32:KERNEL32.dll
 0004:00000434       __imp__ReadFile@20         00a4b434     kernel32:KERNEL32.dll
 0004:00000438       __imp__CreateFileA@28      00a4b438     kernel32:KERNEL32.dll
 0004:0000043c       __imp__GetTickCount@0      00a4b43c     kernel32:KERNEL32.dll
 0004:00000440       __imp__CreateThread@24     00a4b440     kernel32:KERNEL32.dll
 0004:00000444       __imp__InitializeCriticalSection@4 00a4b444     kernel32:KERNEL32.dll
 0004:00000448       __imp__WinExec@8           00a4b448     kernel32:KERNEL32.dll
 0004:0000044c       __imp__FindClose@4         00a4b44c     kernel32:KERNEL32.dll
 0004:00000450       __imp__FindNextFileA@8     00a4b450     kernel32:KERNEL32.dll
 0004:00000454       __imp__FindFirstFileA@8    00a4b454     kernel32:KERNEL32.dll
 0004:00000458       __imp__HeapUnlock@4        00a4b458     kernel32:KERNEL32.dll
 0004:0000045c       __imp__HeapLock@4          00a4b45c     kernel32:KERNEL32.dll
 0004:00000460       __imp__GetProcessHeap@0    00a4b460     kernel32:KERNEL32.dll
 0004:00000464       __imp__GetProcAddress@8    00a4b464     kernel32:KERNEL32.dll
 0004:00000468       __imp__LoadLibraryA@4      00a4b468     kernel32:KERNEL32.dll
 0004:0000046c       __imp__DeleteCriticalSection@4 00a4b46c     kernel32:KERNEL32.dll
 0004:00000470       __imp__UnmapViewOfFile@4   00a4b470     kernel32:KERNEL32.dll
 0004:00000474       __imp__MapViewOfFile@20    00a4b474     kernel32:KERNEL32.dll
 0004:00000478       __imp__OpenFileMappingA@12 00a4b478     kernel32:KERNEL32.dll
 0004:0000047c       __imp__CallNamedPipeA@28   00a4b47c     kernel32:KERNEL32.dll
 0004:00000480       __imp__WaitNamedPipeA@8    00a4b480     kernel32:KERNEL32.dll
 0004:00000484       __imp__GetDiskFreeSpaceExA@16 00a4b484     kernel32:KERNEL32.dll
 0004:00000488       __imp__GetVersionExA@4     00a4b488     kernel32:KERNEL32.dll
 0004:0000048c       __imp__WriteFile@20        00a4b48c     kernel32:KERNEL32.dll
 0004:00000490       __imp__SetFilePointer@16   00a4b490     kernel32:KERNEL32.dll
 0004:00000494       __imp__FlushFileBuffers@4  00a4b494     kernel32:KERNEL32.dll
 0004:00000498       __imp__SetEndOfFile@4      00a4b498     kernel32:KERNEL32.dll
 0004:0000049c       __imp__GetFileSize@8       00a4b49c     kernel32:KERNEL32.dll
 0004:000004a0       __imp__UnlockFile@20       00a4b4a0     kernel32:KERNEL32.dll
 0004:000004a4       __imp__LockFile@20         00a4b4a4     kernel32:KERNEL32.dll
 0004:000004a8       __imp__FreeLibrary@4       00a4b4a8     kernel32:KERNEL32.dll
 0004:000004ac       __imp__GetSystemTime@4     00a4b4ac     kernel32:KERNEL32.dll
 0004:000004b0       __imp__GetSystemTimeAsFileTime@4 00a4b4b0     kernel32:KERNEL32.dll
 0004:000004b4       __imp__TlsSetValue@8       00a4b4b4     kernel32:KERNEL32.dll
 0004:000004b8       __imp__TlsGetValue@4       00a4b4b8     kernel32:KERNEL32.dll
 0004:000004bc       __imp__TlsAlloc@0          00a4b4bc     kernel32:KERNEL32.dll
 0004:000004c0       __imp__LockFileEx@24       00a4b4c0     kernel32:KERNEL32.dll
 0004:000004c4       __imp__MultiByteToWideChar@24 00a4b4c4     kernel32:KERNEL32.dll
 0004:000004c8       __imp__WideCharToMultiByte@32 00a4b4c8     kernel32:KERNEL32.dll
 0004:000004cc       __imp__AreFileApisANSI@0   00a4b4cc     kernel32:KERNEL32.dll
 0004:000004d0       __imp__GetFileAttributesA@4 00a4b4d0     kernel32:KERNEL32.dll
 0004:000004d4       __imp__DeleteFileA@4       00a4b4d4     kernel32:KERNEL32.dll
 0004:000004d8       __imp__GetFileAttributesW@4 00a4b4d8     kernel32:KERNEL32.dll
 0004:000004dc       __imp__DeleteFileW@4       00a4b4dc     kernel32:KERNEL32.dll
 0004:000004e0       __imp__GetTempPathA@8      00a4b4e0     kernel32:KERNEL32.dll
 0004:000004e4       __imp__GetTempPathW@8      00a4b4e4     kernel32:KERNEL32.dll
 0004:000004e8       __imp__GetFullPathNameA@16 00a4b4e8     kernel32:KERNEL32.dll
 0004:000004ec       __imp__GetFullPathNameW@16 00a4b4ec     kernel32:KERNEL32.dll
 0004:000004f0       __imp__LoadLibraryW@4      00a4b4f0     kernel32:KERNEL32.dll
 0004:000004f4       __imp__CreateFileW@28      00a4b4f4     kernel32:KERNEL32.dll
 0004:000004f8       __imp__FormatMessageA@28   00a4b4f8     kernel32:KERNEL32.dll
 0004:000004fc       __imp__GetModuleFileNameA@12 00a4b4fc     kernel32:KERNEL32.dll
 0004:00000500       __imp__GetNumberOfConsoleInputEvents@8 00a4b500     kernel32:KERNEL32.dll
 0004:00000504       __imp__FileTimeToSystemTime@8 00a4b504     kernel32:KERNEL32.dll
 0004:00000508       __imp__FileTimeToLocalFileTime@8 00a4b508     kernel32:KERNEL32.dll
 0004:0000050c       __imp__GetDriveTypeA@4     00a4b50c     kernel32:KERNEL32.dll
 0004:00000510       __imp__HeapFree@12         00a4b510     kernel32:KERNEL32.dll
 0004:00000514       __imp__HeapAlloc@12        00a4b514     kernel32:KERNEL32.dll
 0004:00000518       __imp__GetModuleHandleA@4  00a4b518     kernel32:KERNEL32.dll
 0004:0000051c       __imp__ExitProcess@4       00a4b51c     kernel32:KERNEL32.dll
 0004:00000520       __imp__HeapValidate@12     00a4b520     kernel32:KERNEL32.dll
 0004:00000524       __imp__HeapWalk@8          00a4b524     kernel32:KERNEL32.dll
 0004:00000528       __imp__GetTimeFormatA@24   00a4b528     kernel32:KERNEL32.dll
 0004:0000052c       __imp__GetDateFormatA@24   00a4b52c     kernel32:KERNEL32.dll
 0004:00000530       __imp__MoveFileA@8         00a4b530     kernel32:KERNEL32.dll
 0004:00000534       __imp__RtlUnwind@16        00a4b534     kernel32:KERNEL32.dll
 0004:00000538       __imp__HeapReAlloc@16      00a4b538     kernel32:KERNEL32.dll
 0004:0000053c       __imp__UnhandledExceptionFilter@4 00a4b53c     kernel32:KERNEL32.dll
 0004:00000540       __imp__SetUnhandledExceptionFilter@4 00a4b540     kernel32:KERNEL32.dll
 0004:00000544       __imp__WriteConsoleW@20    00a4b544     kernel32:KERNEL32.dll
 0004:00000548       __imp__GetFileType@4       00a4b548     kernel32:KERNEL32.dll
 0004:0000054c       __imp__GetStdHandle@4      00a4b54c     kernel32:KERNEL32.dll
 0004:00000550       __imp__GetModuleFileNameW@12 00a4b550     kernel32:KERNEL32.dll
 0004:00000554       __imp__DuplicateHandle@28  00a4b554     kernel32:KERNEL32.dll
 0004:00000558       __imp__GetCurrentProcess@0 00a4b558     kernel32:KERNEL32.dll
 0004:0000055c       __imp__InterlockedIncrement@4 00a4b55c     kernel32:KERNEL32.dll
 0004:00000560       __imp__InterlockedDecrement@4 00a4b560     kernel32:KERNEL32.dll
 0004:00000564       __imp__GetCommandLineA@0   00a4b564     kernel32:KERNEL32.dll
 0004:00000568       __imp__TerminateProcess@8  00a4b568     kernel32:KERNEL32.dll
 0004:0000056c       __imp__IsDebuggerPresent@0 00a4b56c     kernel32:KERNEL32.dll
 0004:00000570       __imp__RaiseException@16   00a4b570     kernel32:KERNEL32.dll
 0004:00000574       __imp__GetTimeZoneInformation@4 00a4b574     kernel32:KERNEL32.dll
 0004:00000578       __imp__TlsFree@4           00a4b578     kernel32:KERNEL32.dll
 0004:0000057c       __imp__SetLastError@4      00a4b57c     kernel32:KERNEL32.dll
 0004:00000580       __imp__GetCurrentThreadId@0 00a4b580     kernel32:KERNEL32.dll
 0004:00000584       __imp__GetCurrentThread@0  00a4b584     kernel32:KERNEL32.dll
 0004:00000588       __imp__GetCurrentDirectoryA@8 00a4b588     kernel32:KERNEL32.dll
 0004:0000058c       __imp__SetCurrentDirectoryA@4 00a4b58c     kernel32:KERNEL32.dll
 0004:00000590       __imp__GetCPInfo@8         00a4b590     kernel32:KERNEL32.dll
 0004:00000594       __imp__GetACP@0            00a4b594     kernel32:KERNEL32.dll
 0004:00000598       __imp__GetOEMCP@0          00a4b598     kernel32:KERNEL32.dll
 0004:0000059c       __imp__IsValidCodePage@4   00a4b59c     kernel32:KERNEL32.dll
 0004:000005a0       __imp__SetHandleCount@4    00a4b5a0     kernel32:KERNEL32.dll
 0004:000005a4       __imp__GetStartupInfoA@4   00a4b5a4     kernel32:KERNEL32.dll
 0004:000005a8       __imp__HeapDestroy@4       00a4b5a8     kernel32:KERNEL32.dll
 0004:000005ac       __imp__HeapCreate@12       00a4b5ac     kernel32:KERNEL32.dll
 0004:000005b0       __imp__VirtualFree@12      00a4b5b0     kernel32:KERNEL32.dll
 0004:000005b4       __imp__FatalAppExitA@8     00a4b5b4     kernel32:KERNEL32.dll
 0004:000005b8       __imp__VirtualAlloc@16     00a4b5b8     kernel32:KERNEL32.dll
 0004:000005bc       __imp__HeapSize@12         00a4b5bc     kernel32:KERNEL32.dll
 0004:000005c0       __imp__SetConsoleCtrlHandler@8 00a4b5c0     kernel32:KERNEL32.dll
 0004:000005c4       __imp__InterlockedExchange@8 00a4b5c4     kernel32:KERNEL32.dll
 0004:000005c8       __imp__GetConsoleCP@0      00a4b5c8     kernel32:KERNEL32.dll
 0004:000005cc       __imp__GetConsoleMode@8    00a4b5cc     kernel32:KERNEL32.dll
 0004:000005d0       __imp__LCMapStringA@24     00a4b5d0     kernel32:KERNEL32.dll
 0004:000005d4       __imp__LCMapStringW@24     00a4b5d4     kernel32:KERNEL32.dll
 0004:000005d8       __imp__SetStdHandle@8      00a4b5d8     kernel32:KERNEL32.dll
 0004:000005dc       __imp__GetCurrentProcessId@0 00a4b5dc     kernel32:KERNEL32.dll
 0004:000005e0       __imp__CompareStringA@24   00a4b5e0     kernel32:KERNEL32.dll
 0004:000005e4       __imp__CompareStringW@24   00a4b5e4     kernel32:KERNEL32.dll
 0004:000005e8       __imp__CreatePipe@16       00a4b5e8     kernel32:KERNEL32.dll
 0004:000005ec       \177KERNEL32_NULL_THUNK_DATA 00a4b5ec     kernel32:KERNEL32.dll
 0004:00000684       __imp__MessageBoxA@16      00a4b684     user32:USER32.dll
 0004:00000688       \177USER32_NULL_THUNK_DATA 00a4b688     user32:USER32.dll
 0004:000006b4       __imp__accept@12           00a4b6b4     wsock32:WSOCK32.dll
 0004:000006b8       __imp__listen@8            00a4b6b8     wsock32:WSOCK32.dll
 0004:000006bc       __imp__bind@12             00a4b6bc     wsock32:WSOCK32.dll
 0004:000006c0       __imp__WSAGetLastError@0   00a4b6c0     wsock32:WSOCK32.dll
 0004:000006c4       __imp__recv@16             00a4b6c4     wsock32:WSOCK32.dll
 0004:000006c8       __imp__send@16             00a4b6c8     wsock32:WSOCK32.dll
 0004:000006cc       __imp__select@20           00a4b6cc     wsock32:WSOCK32.dll
 0004:000006d0       __imp__socket@12           00a4b6d0     wsock32:WSOCK32.dll
 0004:000006d4       __imp__setsockopt@20       00a4b6d4     wsock32:WSOCK32.dll
 0004:000006d8       __imp__connect@12          00a4b6d8     wsock32:WSOCK32.dll
 0004:000006dc       __imp__getservbyname@8     00a4b6dc     wsock32:WSOCK32.dll
 0004:000006e0       __imp__htons@4             00a4b6e0     wsock32:WSOCK32.dll
 0004:000006e4       __imp__gethostbyname@4     00a4b6e4     wsock32:WSOCK32.dll
 0004:000006e8       __imp__inet_addr@4         00a4b6e8     wsock32:WSOCK32.dll
 0004:000006ec       __imp__shutdown@8          00a4b6ec     wsock32:WSOCK32.dll
 0004:000006f0       __imp__WSACleanup@0        00a4b6f0     wsock32:WSOCK32.dll
 0004:000006f4       __imp__WSAStartup@8        00a4b6f4     wsock32:WSOCK32.dll
 0004:000006f8       __imp__inet_ntoa@4         00a4b6f8     wsock32:WSOCK32.dll
 0004:000006fc       __imp__closesocket@4       00a4b6fc     wsock32:WSOCK32.dll
 0004:00000700       \177WSOCK32_NULL_THUNK_DATA 00a4b700     wsock32:WSOCK32.dll

 entry point at        0001:001a9308

