 dicomp

 Timestamp is 51685473 (Fri Apr 12 14:37:39 2013)

 Preferred load address is 00400000

 Start         Length     Name                   Class
 0001:00000000 0006ffd0H .text                   CODE
 0001:0006ffd0 00006a3eH .text$x                 CODE
 0001:00076a0e 000010caH .text$yc                CODE
 0001:00077ad8 00001070H .text$yd                CODE
 0002:00000000 00000104H .CRT$XCA                DATA
 0002:00000104 00000121H .CRT$XCC                DATA
 0002:00000228 00000104H .CRT$XCU                DATA
 0002:0000032c 00000104H .CRT$XCZ                DATA
 0002:00000430 00000104H .CRT$XIA                DATA
 0002:00000534 00000118H .CRT$XIC                DATA
 0002:0000064c 00000104H .CRT$XID                DATA
 0002:00000750 00000104H .CRT$XIY                DATA
 0002:00000854 00000104H .CRT$XIZ                DATA
 0002:00000958 00000104H .CRT$XPA                DATA
 0002:00000a5c 00000104H .CRT$XPX                DATA
 0002:00000b60 00000104H .CRT$XPXA               DATA
 0002:00000c64 00000104H .CRT$XPZ                DATA
 0002:00000d68 00000104H .CRT$XTA                DATA
 0002:00000e6c 00000104H .CRT$XTZ                DATA
 0002:00000f70 00006924H .rdata                  DATA
 0002:00007894 0000014aH .rdata$debug            DATA
 0002:000079e0 0000335cH .rdata$r                DATA
 0002:0000ad40 00000696H .rdata$sxdata           DATA
 0002:0000b3d8 00000104H .rtc$IAA                DATA
 0002:0000b4dc 00000104H .rtc$IZZ                DATA
 0002:0000b5e0 00000104H .rtc$TAA                DATA
 0002:0000b6e4 00000104H .rtc$TZZ                DATA
 0002:0000b7e8 00005fa4H .xdata$x                DATA
 0002:0001178c 00000000H .edata                  DATA
 0003:00000000 00002d40H .data                   DATA
 0003:00002d40 000024a4H .bss                    DATA
 0004:00000000 00000028H .idata$2                DATA
 0004:00000028 00000014H .idata$3                DATA
 0004:0000003c 0000025cH .idata$4                DATA
 0004:00000298 0000025cH .idata$5                DATA
 0004:000004f4 00000833H .idata$6                DATA

  Address         Publics by Value              Rva+Base       Lib:Object

 0000:00000000       __except_list              00000000     <absolute>
 0000:0000012a       ___safe_se_handler_count   0000012a     <absolute>
 0000:00000000       ___ImageBase               00400000     <linker-defined>
 0001:00001330       ??0id@locale@std@@QAE@I@Z  00402330 f i dicomp.obj
 0001:00001340       ??0UID@@QAE@XZ             00402340 f i dicomp.obj
 0001:00001370       ?Set@UID@@QAEXPAE@Z        00402370 f i dicomp.obj
 0001:000013c0       ?GetBuffer@UID@@QAEPAEI@Z  004023c0 f i dicomp.obj
 0001:000013d0       ?SetLength@UID@@QAEXI@Z    004023d0 f i dicomp.obj
 0001:00001400       ?GetSize@UID@@QAEIXZ       00402400 f i dicomp.obj
 0001:00001410       ??4UID@@QAE?AV0@AAV0@@Z    00402410 f i dicomp.obj
 0001:00001470       ??4AbstractSyntax@@QAEAAV0@AAV0@@Z 00402470 f i dicomp.obj
 0001:000014e0       ??4TransferSyntax@@QAEAAV0@AAV0@@Z 004024e0 f i dicomp.obj
 0001:00001560       ?IsAlpha@@YAHE@Z           00402560 f   dicomp.obj
 0001:00001590       ?IsDataAlpha@@YAHIPAE@Z    00402590 f   dicomp.obj
 0001:000015e0       ?PrintUDATA@@YAHIPAXG@Z    004025e0 f   dicomp.obj
 0001:00001ab0       ?DumpVR@@YAHPAVVR@@PAVRTC@@@Z 00402ab0 f   dicomp.obj
 0001:00001be0       ??0DICOMDataObject@@QAE@XZ 00402be0 f i dicomp.obj
 0001:00001c50       ??1DICOMDataObject@@UAE@XZ 00402c50 f i dicomp.obj
 0001:00001cb0       ??_GDICOMDataObject@@UAEPAXI@Z 00402cb0 f i dicomp.obj
 0001:00001cb0       ??_EDICOMDataObject@@UAEPAXI@Z 00402cb0 f i dicomp.obj
 0001:00001d20       ??_GVR@@QAEPAXI@Z          00402d20 f i dicomp.obj
 0001:00001d50       ??0PolaroidPDU_Service@@QAE@XZ 00402d50 f i dicomp.obj
 0001:00001e10       ?ShouldIAcceptRemoteApTitle@PDU_Service@@MAEHPAE@Z 00402e10 f i dicomp.obj
 0001:00001e20       ?ShouldIAcceptLocalApTitle@PDU_Service@@MAEHPAE@Z 00402e20 f i dicomp.obj
 0001:00001e30       ?ShouldIAcceptApplicationContext@PDU_Service@@MAEHAAVApplicationContext@@@Z 00402e30 f i dicomp.obj
 0001:00001e40       ?ShouldIAcceptPresentationContext@PDU_Service@@MAEHAAVPresentationContext@@AAVPresentationContextAccept@@@Z 00402e40 f i dicomp.obj
 0001:00001e50       ?ShouldIAcceptAbstractSyntax@PDU_Service@@MAEHAAVAbstractSyntax@@@Z 00402e50 f i dicomp.obj
 0001:00001e60       ?ReadBinary@PDU_Service@@UAEHPAEI@Z 00402e60 f i dicomp.obj
 0001:00001e70       ?SendBinary@PDU_Service@@UAEHPAEI@Z 00402e70 f i dicomp.obj
 0001:00001e80       ??1PolaroidPDU_Service@@UAE@XZ 00402e80 f i dicomp.obj
 0001:00001ee0       ??_EPolaroidPDU_Service@@UAEPAXI@Z 00402ee0 f i dicomp.obj
 0001:00001ee0       ??_GPolaroidPDU_Service@@UAEPAXI@Z 00402ee0 f i dicomp.obj
 0001:00001f50       ??1BasicGrayscalePrintManagementMeta@@UAE@XZ 00402f50 f i dicomp.obj
 0001:00001fb0       ??0NSetRQ@@QAE@XZ          00402fb0 f i dicomp.obj
 0001:00001fc0       ??0NSetRSP@@QAE@XZ         00402fc0 f i dicomp.obj
 0001:00001fd0       ??0DICOMCommandObject@@QAE@XZ 00402fd0 f i dicomp.obj
 0001:00002040       ??1DICOMCommandObject@@UAE@XZ 00403040 f i dicomp.obj
 0001:000020a0       ??_GDICOMCommandObject@@UAEPAXI@Z 004030a0 f i dicomp.obj
 0001:000020a0       ??_EDICOMCommandObject@@UAEPAXI@Z 004030a0 f i dicomp.obj
 0001:00002110       ?GetSize@?$Array@VTransferSyntax@@@@QAEIXZ 00403110 f i dicomp.obj
 0001:00002120       ??4?$Array@VTransferSyntax@@@@QAEABV0@AAV0@@Z 00403120 f i dicomp.obj
 0001:00002150       ?GetSize@?$Array@VPresentationContext@@@@QAEIXZ 00403150 f i dicomp.obj
 0001:00002160       ?GetSize@?$Array@VPresentationContextAccept@@@@QAEIXZ 00403160 f i dicomp.obj
 0001:00002170       ?GetSize@?$Array@PAVDICOMDataObject@@@@QAEIXZ 00403170 f i dicomp.obj
 0001:00002180       ??0?$Array@PAVDICOMDataObject@@@@QAE@XZ 00403180 f i dicomp.obj
 0001:000021b0       ?Get@?$Array@VTransferSyntax@@@@QAEAAVTransferSyntax@@I@Z 004031b0 f i dicomp.obj
 0001:00002250       ?Get@?$Array@VPresentationContext@@@@QAEAAVPresentationContext@@I@Z 00403250 f i dicomp.obj
 0001:000022f0       ?Get@?$Array@VPresentationContextAccept@@@@QAEAAVPresentationContextAccept@@I@Z 004032f0 f i dicomp.obj
 0001:00002390       ?Get@?$Array@PAVDICOMDataObject@@@@QAEAAPAVDICOMDataObject@@I@Z 00403390 f i dicomp.obj
 0001:00002430       ??0?$DataLink@PAVDICOMDataObject@@@@QAE@XZ 00403430 f i dicomp.obj
 0001:00002440       ?RemoveAt@?$Array@PAVDICOMDataObject@@@@QAEHI@Z 00403440 f i dicomp.obj
 0001:000024f0       ??_EPolaroidPDU_Service@@WCAM@AEPAXI@Z 004034f0 f i dicomp.obj
 0001:00002500       ??_EPolaroidPDU_Service@@WDMI@AEPAXI@Z 00403500 f i dicomp.obj
 0001:00002510       ??_EPolaroidPDU_Service@@WDOI@AEPAXI@Z 00403510 f i dicomp.obj
 0001:00002520       ??_EPolaroidPDU_Service@@WEAI@AEPAXI@Z 00403520 f i dicomp.obj
 0001:00002530       ??_EPolaroidPDU_Service@@WFA@AEPAXI@Z 00403530 f i dicomp.obj
 0001:00002540       ??_EPolaroidPDU_Service@@WDNI@AEPAXI@Z 00403540 f i dicomp.obj
 0001:00002550       ??_EPolaroidPDU_Service@@WDPI@AEPAXI@Z 00403550 f i dicomp.obj
 0001:00002560       ??0UID@@QAE@PBD@Z          00403560 f i dicomp.obj
 0001:000025b0       ?FixPolaroidConnection@PolaroidPDU_Service@@QAEHXZ 004035b0 f i dicomp.obj
 0001:00002710       ??4PresentationContext@@QAEAAV0@AAV0@@Z 00403710 f i dicomp.obj
 0001:00002790       ??4PresentationContextAccept@@QAEAAV0@AAV0@@Z 00403790 f i dicomp.obj
 0001:000027f0       ?DumpDDO@@YAHPAVDICOMDataObject@@IPAVRTC@@@Z 004037f0 f   dicomp.obj
 0001:000029d0       ?StripDDOForPrinting@@YAHPAVDICOMDataObject@@@Z 004039d0 f   dicomp.obj
 0001:00002be0       ??1MyGrayscalePrintManagement@@UAE@XZ 00403be0 f i dicomp.obj
 0001:00002c40       ??0StandardBox@@QAE@XZ     00403c40 f i dicomp.obj
 0001:00002c60       ?GetUID@StandardBox@@UAEHAAVUID@@@Z 00403c60 f i dicomp.obj
 0001:00002c70       ?GetUID@StandardBox@@W3AEHAAVUID@@@Z 00403c70 f i dicomp.obj
 0001:00002c80       ?Add@?$Array@PAVDICOMDataObject@@@@QAEAAPAVDICOMDataObject@@AAPAV2@@Z 00403c80 f i dicomp.obj
 0001:00002d40       ??1?$Array@PAVDICOMDataObject@@@@UAE@XZ 00403d40 f i dicomp.obj
 0001:00002df0       ?Dump@@YAXAAVAAssociateRQ@@@Z 00403df0 f   dicomp.obj
 0001:000031e0       ?Dump@@YAXAAVAAssociateAC@@@Z 004041e0 f   dicomp.obj
 0001:00003510       ??0BasicGrayscaleImageBox@@QAE@XZ 00404510 f i dicomp.obj
 0001:00003530       ??_E?$Array@PAVDICOMDataObject@@@@UAEPAXI@Z 00404530 f i dicomp.obj
 0001:00003530       ??_G?$Array@PAVDICOMDataObject@@@@UAEPAXI@Z 00404530 f i dicomp.obj
 0001:00003560       ??0BasicGrayscalePrintManagementMeta@@QAE@XZ 00404560 f i dicomp.obj
 0001:00003600       ?ActionStore@AbstractFilmSession@@UAEHPAVDICOMDataObject@@@Z 00404600 f i dicomp.obj
 0001:00003610       ?ActionRetreive@AbstractFilmSession@@UAEHPAVDICOMDataObject@@@Z 00404610 f i dicomp.obj
 0001:00003620       ?GetImageBox@BasicGrayscalePrintManagementMeta@@EAEPAVStandardBox@@XZ 00404620 f i dicomp.obj
 0001:00003630       ?GetLUTBox@BasicGrayscalePrintManagementMeta@@EAEPAVStandardAdvancedBox@@XZ 00404630 f i dicomp.obj
 0001:00003640       ??_EBasicGrayscalePrintManagementMeta@@UAEPAXI@Z 00404640 f i dicomp.obj
 0001:00003640       ??_GBasicGrayscalePrintManagementMeta@@UAEPAXI@Z 00404640 f i dicomp.obj
 0001:000036b0       ??0MyGrayscalePrintManagement@@QAE@XZ 004046b0 f i dicomp.obj
 0001:00003720       ??0bad_alloc@std@@QAE@PBD@Z 00404720 f i dicomp.obj
 0001:000037a0       ??1bad_alloc@std@@UAE@XZ   004047a0 f i dicomp.obj
 0001:00003800       ??_Ebad_alloc@std@@UAEPAXI@Z 00404800 f i dicomp.obj
 0001:00003800       ??_Gbad_alloc@std@@UAEPAXI@Z 00404800 f i dicomp.obj
 0001:00003880       ?assign@?$char_traits@D@std@@SAXAADABD@Z 00404880 f i dicomp.obj
 0001:00003890       ?length@?$char_traits@D@std@@SAIPBD@Z 00404890 f i dicomp.obj
 0001:000038b0       ?_Copy_s@?$char_traits@D@std@@SAPADPADIPBDI@Z 004048b0 f i dicomp.obj
 0001:000038e0       ?_Move_s@?$char_traits@D@std@@SAPADPADIPBDI@Z 004048e0 f i dicomp.obj
 0001:00003910       ?to_int_type@?$char_traits@D@std@@SAHABD@Z 00404910 f i dicomp.obj
 0001:00003920       ?eq_int_type@?$char_traits@D@std@@SA_NABH0@Z 00404920 f i dicomp.obj
 0001:00003940       ?eof@?$char_traits@D@std@@SAHXZ 00404940 f i dicomp.obj
 0001:00003950       ??0_Iterator_base@std@@QAE@XZ 00404950 f i dicomp.obj
 0001:00003960       ?_Getcvt@_Locinfo@std@@QBE?AU_Cvtvec@@XZ 00404960 f i dicomp.obj
 0001:00003980       ??Bid@locale@std@@QAEIXZ   00404980 f i dicomp.obj
 0001:00003a20       ?_Incref@facet@locale@std@@QAEXXZ 00404a20 f i dicomp.obj
 0001:00003aa0       ?_Decref@facet@locale@std@@QAEPAV123@XZ 00404aa0 f i dicomp.obj
 0001:00003b40       ?_Register@facet@locale@std@@QAEXXZ 00404b40 f i dicomp.obj
 0001:00003b50       ??1facet@locale@std@@UAE@XZ 00404b50 f i dicomp.obj
 0001:00003b60       ??0facet@locale@std@@IAE@I@Z 00404b60 f i dicomp.obj
 0001:00003b80       ??0locale@std@@QAE@ABV01@@Z 00404b80 f i dicomp.obj
 0001:00003ba0       ??1locale@std@@QAE@XZ      00404ba0 f i dicomp.obj
 0001:00003bc0       ?_Getfacet@locale@std@@QBEPBVfacet@12@I@Z 00404bc0 f i dicomp.obj
 0001:00003c10       ??_Efacet@locale@std@@UAEPAXI@Z 00404c10 f i dicomp.obj
 0001:00003c10       ??_Gfacet@locale@std@@UAEPAXI@Z 00404c10 f i dicomp.obj
 0001:00003c40       ?rdstate@ios_base@std@@QBEHXZ 00404c40 f i dicomp.obj
 0001:00003c50       ?good@ios_base@std@@QBE_NXZ 00404c50 f i dicomp.obj
 0001:00003c60       ?fail@ios_base@std@@QBE_NXZ 00404c60 f i dicomp.obj
 0001:00003c70       ?flags@ios_base@std@@QBEHXZ 00404c70 f i dicomp.obj
 0001:00003c80       ?width@ios_base@std@@QBEHXZ 00404c80 f i dicomp.obj
 0001:00003c90       ?width@ios_base@std@@QAEHH@Z 00404c90 f i dicomp.obj
 0001:00003ca0       ?getloc@ios_base@std@@QBE?AVlocale@2@XZ 00404ca0 f i dicomp.obj
 0001:00003d20       ?GetClass@ErrorDescription@@QBEPBDXZ 00404d20 f i dicomp.obj
 0001:00003d30       ?GetMethod@ErrorDescription@@QBEPBDXZ 00404d30 f i dicomp.obj
 0001:00003d40       ?GetMessageA@ErrorDescription@@QBEPBDXZ 00404d40 f i dicomp.obj
 0001:00003d50       ?GetFile@ErrorDescription@@QBEPBDXZ 00404d50 f i dicomp.obj
 0001:00003d60       ?GetLine@ErrorDescription@@QBEHXZ 00404d60 f i dicomp.obj
 0001:00003d70       ?ActionPrint@MyGrayscalePrintManagement@@EAEHPAVAbstractFilmSession@@PAVDICOMDataObject@@@Z 00404d70 f i dicomp.obj
 0001:00003d80       ?ActionPrint@MyGrayscalePrintManagement@@EAEHPAVAbstractFilmBox@@PAVDICOMDataObject@@@Z 00404d80 f i dicomp.obj
 0001:00003d90       ?size@?$basic_string@DU?$char_traits@D@std@@V?$allocator@D@2@@std@@QBEIXZ 00404d90 f i dicomp.obj
 0001:00003da0       ??6?$basic_ostream@DU?$char_traits@D@std@@@std@@QAEAAV01@P6AAAV01@AAV01@@Z@Z 00404da0 f i dicomp.obj
 0001:00003db0       ?rdbuf@?$basic_ios@DU?$char_traits@D@std@@@std@@QBEPAV?$basic_streambuf@DU?$char_traits@D@std@@@2@XZ 00404db0 f i dicomp.obj
 0001:00003dc0       ?_Myptr@?$basic_string@DU?$char_traits@D@std@@V?$allocator@D@2@@std@@IBEPBDXZ 00404dc0 f i dicomp.obj
 0001:00003de0       ??0?$allocator@D@std@@QAE@XZ 00404de0 f i dicomp.obj
 0001:00003df0       ?fill@?$basic_ios@DU?$char_traits@D@std@@@std@@QBEDXZ 00404df0 f i dicomp.obj
 0001:00003e00       ?pubsync@?$basic_streambuf@DU?$char_traits@D@std@@@std@@QAEHXZ 00404e00 f i dicomp.obj
 0001:00003e10       ?_Unlock@?$basic_streambuf@DU?$char_traits@D@std@@@std@@QAEXXZ 00404e10 f i dicomp.obj
 0001:00003e20       ?_Pnavail@?$basic_streambuf@DU?$char_traits@D@std@@@std@@IBEHXZ 00404e20 f i dicomp.obj
 0001:00003e40       ??Bsentry@?$basic_ostream@DU?$char_traits@D@std@@@std@@QBE_NXZ 00404e40 f i dicomp.obj
 0001:00003e50       ?put@?$num_put@DV?$ostreambuf_iterator@DU?$char_traits@D@std@@@std@@@std@@QBE?AV?$ostreambuf_iterator@DU?$char_traits@D@std@@@2@V32@AAVios_base@2@DJ@Z 00404e50 f i dicomp.obj
 0001:00003ea0       ?put@?$num_put@DV?$ostreambuf_iterator@DU?$char_traits@D@std@@@std@@@std@@QBE?AV?$ostreambuf_iterator@DU?$char_traits@D@std@@@2@V32@AAVios_base@2@DK@Z 00404ea0 f i dicomp.obj
 0001:00003ef0       ?failed@?$ostreambuf_iterator@DU?$char_traits@D@std@@@std@@QBE_NXZ 00404ef0 f i dicomp.obj
 0001:00003f00       ??0?$_Iterator_with_base@Uoutput_iterator_tag@std@@XXXXU_Iterator_base@2@@std@@QAE@XZ 00404f00 f i dicomp.obj
 0001:00003f10       ?_Myptr@?$basic_string@DU?$char_traits@D@std@@V?$allocator@D@2@@std@@IAEPADXZ 00404f10 f i dicomp.obj
 0001:00003f30       ??0?$allocator@D@std@@QAE@ABV01@@Z 00404f30 f i dicomp.obj
 0001:00003f40       ?deallocate@?$allocator@D@std@@QAEXPADI@Z 00404f40 f i dicomp.obj
 0001:00003f60       ?tie@?$basic_ios@DU?$char_traits@D@std@@@std@@QBEPAV?$basic_ostream@DU?$char_traits@D@std@@@2@XZ 00404f60 f i dicomp.obj
 0001:00003f70       ?_Lock@?$basic_streambuf@DU?$char_traits@D@std@@@std@@QAEXXZ 00404f70 f i dicomp.obj
 0001:00003f80       ?_Pninc@?$basic_streambuf@DU?$char_traits@D@std@@@std@@IAEPADXZ 00404f80 f i dicomp.obj
 0001:00003fa0       ??0_Sentry_base@?$basic_ostream@DU?$char_traits@D@std@@@std@@QAE@AAV12@@Z 00404fa0 f i dicomp.obj
 0001:00003fd0       ??1_Sentry_base@?$basic_ostream@DU?$char_traits@D@std@@@std@@QAE@XZ 00404fd0 f i dicomp.obj
 0001:00003ff0       ?_Inside@?$basic_string@DU?$char_traits@D@std@@V?$allocator@D@2@@std@@IAE_NPBD@Z 00404ff0 f i dicomp.obj
 0001:00004040       ?max_size@?$allocator@D@std@@QBEIXZ 00405040 f i dicomp.obj
 0001:00004050       ??$_Allocate@D@std@@YAPADIPAD@Z 00405050 f i dicomp.obj
 0001:000040b0       ??0bad_alloc@std@@QAE@ABV01@@Z 004050b0 f i dicomp.obj
 0001:00004130       ?sputn@?$basic_streambuf@DU?$char_traits@D@std@@@std@@QAEHPBDH@Z 00405130 f i dicomp.obj
 0001:00004140       ?_Init@?$num_put@DV?$ostreambuf_iterator@DU?$char_traits@D@std@@@std@@@std@@IAEXABV_Locinfo@2@@Z 00405140 f i dicomp.obj
 0001:00004160       ??$_Char_traits_cat@U?$char_traits@D@std@@@std@@YA?AU_Secure_char_traits_tag@0@XZ 00405160 f i dicomp.obj
 0001:00004170       ??$copy_s@U?$char_traits@D@std@@@_Traits_helper@std@@YAPADPADIPBDIU_Secure_char_traits_tag@1@@Z 00405170 f i dicomp.obj
 0001:000041a0       ??$move_s@U?$char_traits@D@std@@@_Traits_helper@std@@YAPADPADIPBDIU_Secure_char_traits_tag@1@@Z 004051a0 f i dicomp.obj
 0001:000041d0       ??_EMyGrayscalePrintManagement@@UAEPAXI@Z 004051d0 f i dicomp.obj
 0001:000041d0       ??_GMyGrayscalePrintManagement@@UAEPAXI@Z 004051d0 f i dicomp.obj
 0001:00004240       ??0?$_String_val@DV?$allocator@D@std@@@std@@IAE@V?$allocator@D@1@@Z 00405240 f i dicomp.obj
 0001:00004250       ??0?$_String_val@DV?$allocator@D@std@@@std@@QAE@ABV01@@Z 00405250 f i dicomp.obj
 0001:00004260       ?sputc@?$basic_streambuf@DU?$char_traits@D@std@@@std@@QAEHD@Z 00405260 f i dicomp.obj
 0001:000042b0       ??0?$_Outit_with_base@U_Iterator_base@std@@@std@@QAE@XZ 004052b0 f i dicomp.obj
 0001:000042c0       ?_Eos@?$basic_string@DU?$char_traits@D@std@@V?$allocator@D@2@@std@@IAEXI@Z 004052c0 f i dicomp.obj
 0001:000042f0       ?max_size@?$basic_string@DU?$char_traits@D@std@@V?$allocator@D@2@@std@@QBEIXZ 004052f0 f i dicomp.obj
 0001:00004300       ?allocate@?$allocator@D@std@@QAEPADI@Z 00405300 f i dicomp.obj
 0001:00004360       ??$copy_s@U?$char_traits@D@std@@@_Traits_helper@std@@YAPADPADIPBDI@Z 00405360 f i dicomp.obj
 0001:00004390       ??$move_s@U?$char_traits@D@std@@@_Traits_helper@std@@YAPADPADIPBDI@Z 00405390 f i dicomp.obj
 0001:000043c0       ?_Tidy@?$basic_string@DU?$char_traits@D@std@@V?$allocator@D@2@@std@@IAEX_NI@Z 004053c0 f i dicomp.obj
 0001:00004420       ??0?$ostreambuf_iterator@DU?$char_traits@D@std@@@std@@QAE@PAV?$basic_streambuf@DU?$char_traits@D@std@@@1@@Z 00405420 f i dicomp.obj
 0001:00004440       ?erase@?$basic_string@DU?$char_traits@D@std@@V?$allocator@D@2@@std@@QAEAAV12@II@Z 00405440 f i dicomp.obj
 0001:000044f0       ?_Copy@?$basic_string@DU?$char_traits@D@std@@V?$allocator@D@2@@std@@IAEXII@Z 004054f0 f i dicomp.obj
 0001:000046a0       ??0?$basic_string@DU?$char_traits@D@std@@V?$allocator@D@2@@std@@QAE@XZ 004056a0 f i dicomp.obj
 0001:000046c0       ??1?$basic_string@DU?$char_traits@D@std@@V?$allocator@D@2@@std@@QAE@XZ 004056c0 f i dicomp.obj
 0001:000046f0       ?_Grow@?$basic_string@DU?$char_traits@D@std@@V?$allocator@D@2@@std@@IAE_NI_N@Z 004056f0 f i dicomp.obj
 0001:000047e0       ??1runtime_error@std@@UAE@XZ 004057e0 f i dicomp.obj
 0001:00004880       ?c_str@?$basic_string@DU?$char_traits@D@std@@V?$allocator@D@2@@std@@QBEPBDXZ 00405880 f i dicomp.obj
 0001:000048a0       ?what@runtime_error@std@@UBEPBDXZ 004058a0 f i dicomp.obj
 0001:000048c0       ??_Eruntime_error@std@@UAEPAXI@Z 004058c0 f i dicomp.obj
 0001:000048c0       ??_Gruntime_error@std@@UAEPAXI@Z 004058c0 f i dicomp.obj
 0001:000048f0       ??1_Locinfo@std@@QAE@XZ    004058f0 f i dicomp.obj
 0001:00004a10       ?assign@?$basic_string@DU?$char_traits@D@std@@V?$allocator@D@2@@std@@QAEAAV12@ABV12@II@Z 00405a10 f i dicomp.obj
 0001:00004b20       ?assign@?$basic_string@DU?$char_traits@D@std@@V?$allocator@D@2@@std@@QAEAAV12@PBDI@Z 00405b20 f i dicomp.obj
 0001:00005b60       _main                      00406b60 f   dicomp.obj
 0001:000060c0       ??0?$basic_string@DU?$char_traits@D@std@@V?$allocator@D@2@@std@@QAE@ABV01@@Z 004070c0 f i dicomp.obj
 0001:000060f0       ?assign@?$basic_string@DU?$char_traits@D@std@@V?$allocator@D@2@@std@@QAEAAV12@PBD@Z 004070f0 f i dicomp.obj
 0001:00006120       ??0runtime_error@std@@QAE@ABV?$basic_string@DU?$char_traits@D@std@@V?$allocator@D@2@@1@@Z 00407120 f i dicomp.obj
 0001:000061b0       ??0failure@ios_base@std@@QAE@ABV?$basic_string@DU?$char_traits@D@std@@V?$allocator@D@2@@2@@Z 004071b0 f i dicomp.obj
 0001:00006230       ??1failure@ios_base@std@@UAE@XZ 00407230 f i dicomp.obj
 0001:00006290       ??_Efailure@ios_base@std@@UAEPAXI@Z 00407290 f i dicomp.obj
 0001:00006290       ??_Gfailure@ios_base@std@@UAEPAXI@Z 00407290 f i dicomp.obj
 0001:00006310       ??0?$basic_string@DU?$char_traits@D@std@@V?$allocator@D@2@@std@@QAE@PBD@Z 00407310 f i dicomp.obj
 0001:00006360       ??0_Locinfo@std@@QAE@PBD@Z 00407360 f i dicomp.obj
 0001:00006480       ??0runtime_error@std@@QAE@ABV01@@Z 00407480 f i dicomp.obj
 0001:00006520       ?clear@ios_base@std@@QAEXH_N@Z 00407520 f i dicomp.obj
 0001:00006660       ??0failure@ios_base@std@@QAE@ABV012@@Z 00407660 f i dicomp.obj
 0001:000066e0       ?clear@?$basic_ios@DU?$char_traits@D@std@@@std@@QAEXH_N@Z 004076e0 f i dicomp.obj
 0001:00006700       ??0?$num_put@DV?$ostreambuf_iterator@DU?$char_traits@D@std@@@std@@@std@@QAE@I@Z 00407700 f i dicomp.obj
 0001:000067f0       ?assign@?$char_traits@D@std@@SAPADPADID@Z 004077f0 f i dicomp.obj
 0001:00006810       ?_Getlconv@_Locinfo@std@@QBEPBUlconv@@XZ 00407810 f i dicomp.obj
 0001:00006820       ?_Getfalse@_Locinfo@std@@QBEPBDXZ 00407820 f i dicomp.obj
 0001:00006830       ?_Gettrue@_Locinfo@std@@QBEPBDXZ 00407830 f i dicomp.obj
 0001:00006840       ?precision@ios_base@std@@QBEHXZ 00407840 f i dicomp.obj
 0001:00006850       ??1?$num_put@DV?$ostreambuf_iterator@DU?$char_traits@D@std@@@std@@@std@@MAE@XZ 00407850 f i dicomp.obj
 0001:000068b0       ??_E?$num_put@DV?$ostreambuf_iterator@DU?$char_traits@D@std@@@std@@@std@@MAEPAXI@Z 004078b0 f i dicomp.obj
 0001:000068b0       ??_G?$num_put@DV?$ostreambuf_iterator@DU?$char_traits@D@std@@@std@@@std@@MAEPAXI@Z 004078b0 f i dicomp.obj
 0001:00006930       ?_Ffmt@?$num_put@DV?$ostreambuf_iterator@DU?$char_traits@D@std@@@std@@@std@@ABAPADPADDH@Z 00407930 f i dicomp.obj
 0001:000069c0       ?_Ifmt@?$num_put@DV?$ostreambuf_iterator@DU?$char_traits@D@std@@@std@@@std@@ABAPADPADPBDH@Z 004079c0 f i dicomp.obj
 0001:00006a80       ??A?$basic_string@DU?$char_traits@D@std@@V?$allocator@D@2@@std@@QAEAADI@Z 00407a80 f i dicomp.obj
 0001:00006ac0       ??D?$ostreambuf_iterator@DU?$char_traits@D@std@@@std@@QAEAAV01@XZ 00407ac0 f i dicomp.obj
 0001:00006ad0       ??E?$ostreambuf_iterator@DU?$char_traits@D@std@@@std@@QAEAAV01@XZ 00407ad0 f i dicomp.obj
 0001:00006ae0       ?decimal_point@?$numpunct@D@std@@QBEDXZ 00407ae0 f i dicomp.obj
 0001:00006af0       ?thousands_sep@?$numpunct@D@std@@QBEDXZ 00407af0 f i dicomp.obj
 0001:00006b00       ?_Tidy@?$numpunct@D@std@@AAEXXZ 00407b00 f i dicomp.obj
 0001:00006b30       ?_Chassign@?$basic_string@DU?$char_traits@D@std@@V?$allocator@D@2@@std@@IAEXIID@Z 00407b30 f i dicomp.obj
 0001:00006ba0       ??$_Maklocchr@D@std@@YADDPADABU_Cvtvec@@@Z 00407ba0 f i dicomp.obj
 0001:00006bb0       ??$_Maklocstr@D@std@@YAPADPBDPADABU_Cvtvec@@@Z 00407bb0 f i dicomp.obj
 0001:00006c10       ??4?$ostreambuf_iterator@DU?$char_traits@D@std@@@std@@QAEAAV01@D@Z 00407c10 f i dicomp.obj
 0001:00006c80       ?_Init@?$numpunct@D@std@@IAEXABV_Locinfo@2@@Z 00407c80 f i dicomp.obj
 0001:00006da0       ?_Put@?$num_put@DV?$ostreambuf_iterator@DU?$char_traits@D@std@@@std@@@std@@ABA?AV?$ostreambuf_iterator@DU?$char_traits@D@std@@@2@V32@PBDI@Z 00407da0 f i dicomp.obj
 0001:00006e40       ?_Rep@?$num_put@DV?$ostreambuf_iterator@DU?$char_traits@D@std@@@std@@@std@@ABA?AV?$ostreambuf_iterator@DU?$char_traits@D@std@@@2@V32@DI@Z 00407e40 f i dicomp.obj
 0001:00006ed0       ?_Putc@?$num_put@DV?$ostreambuf_iterator@DU?$char_traits@D@std@@@std@@@std@@ABA?AV?$ostreambuf_iterator@DU?$char_traits@D@std@@@2@V32@PBDI@Z 00407ed0 f i dicomp.obj
 0001:00006f70       ?_Putgrouped@?$num_put@DV?$ostreambuf_iterator@DU?$char_traits@D@std@@@std@@@std@@ABA?AV?$ostreambuf_iterator@DU?$char_traits@D@std@@@2@V32@PBDID@Z 00407f70 f i dicomp.obj
 0001:00007070       ?falsename@?$numpunct@D@std@@QBE?AV?$basic_string@DU?$char_traits@D@std@@V?$allocator@D@2@@2@XZ 00408070 f i dicomp.obj
 0001:000070f0       ?truename@?$numpunct@D@std@@QBE?AV?$basic_string@DU?$char_traits@D@std@@V?$allocator@D@2@@2@XZ 004080f0 f i dicomp.obj
 0001:00007170       ?append@?$basic_string@DU?$char_traits@D@std@@V?$allocator@D@2@@std@@QAEAAV12@ID@Z 00408170 f i dicomp.obj
 0001:00007240       ?insert@?$basic_string@DU?$char_traits@D@std@@V?$allocator@D@2@@std@@QAEAAV12@IID@Z 00408240 f i dicomp.obj
 0001:00007380       ?grouping@?$numpunct@D@std@@QBE?AV?$basic_string@DU?$char_traits@D@std@@V?$allocator@D@2@@2@XZ 00408380 f i dicomp.obj
 0001:00007400       ?append@?$basic_string@DU?$char_traits@D@std@@V?$allocator@D@2@@std@@QAEAAV12@ABV12@II@Z 00408400 f i dicomp.obj
 0001:00007540       ?assign@?$basic_string@DU?$char_traits@D@std@@V?$allocator@D@2@@std@@QAEAAV12@ABV12@@Z 00408540 f i dicomp.obj
 0001:00007560       ?append@?$basic_string@DU?$char_traits@D@std@@V?$allocator@D@2@@std@@QAEAAV12@PBDI@Z 00408560 f i dicomp.obj
 0001:00007690       ??0?$numpunct@D@std@@QAE@I@Z 00408690 f i dicomp.obj
 0001:00007790       ?do_decimal_point@?$numpunct@D@std@@MBEDXZ 00408790 f i dicomp.obj
 0001:000077a0       ?do_thousands_sep@?$numpunct@D@std@@MBEDXZ 004087a0 f i dicomp.obj
 0001:000077b0       ??1?$numpunct@D@std@@MAE@XZ 004087b0 f i dicomp.obj
 0001:00007840       ??_G?$numpunct@D@std@@MAEPAXI@Z 00408840 f i dicomp.obj
 0001:00007840       ??_E?$numpunct@D@std@@MAEPAXI@Z 00408840 f i dicomp.obj
 0001:00007870       ?do_grouping@?$numpunct@D@std@@MBE?AV?$basic_string@DU?$char_traits@D@std@@V?$allocator@D@2@@2@XZ 00408870 f i dicomp.obj
 0001:00007910       ?do_falsename@?$numpunct@D@std@@MBE?AV?$basic_string@DU?$char_traits@D@std@@V?$allocator@D@2@@2@XZ 00408910 f i dicomp.obj
 0001:000079b0       ?do_truename@?$numpunct@D@std@@MBE?AV?$basic_string@DU?$char_traits@D@std@@V?$allocator@D@2@@2@XZ 004089b0 f i dicomp.obj
 0001:00007a50       ?setstate@?$basic_ios@DU?$char_traits@D@std@@@std@@QAEXH_N@Z 00408a50 f i dicomp.obj
 0001:00007a80       ?_Getcat@?$num_put@DV?$ostreambuf_iterator@DU?$char_traits@D@std@@@std@@@std@@SAIPAPBVfacet@locale@2@@Z 00408a80 f i dicomp.obj
 0001:00007b20       ?_Getcat@?$numpunct@D@std@@SAIPAPBVfacet@locale@2@@Z 00408b20 f i dicomp.obj
 0001:00007bc0       ?flush@?$basic_ostream@DU?$char_traits@D@std@@@std@@QAEAAV12@XZ 00408bc0 f i dicomp.obj
 0001:00007c30       ??0sentry@?$basic_ostream@DU?$char_traits@D@std@@@std@@QAE@AAV12@@Z 00408c30 f i dicomp.obj
 0001:00007cf0       ?_Osfx@?$basic_ostream@DU?$char_traits@D@std@@@std@@QAEXXZ 00408cf0 f i dicomp.obj
 0001:00007d70       ??$use_facet@V?$num_put@DV?$ostreambuf_iterator@DU?$char_traits@D@std@@@std@@@std@@@std@@YAABV?$num_put@DV?$ostreambuf_iterator@DU?$char_traits@D@std@@@std@@@0@ABVlocale@0@@Z 00408d70 f i dicomp.obj
 0001:00007eb0       ??$use_facet@V?$numpunct@D@std@@@std@@YAABV?$numpunct@D@0@ABVlocale@0@@Z 00408eb0 f i dicomp.obj
 0001:00007ff0       ??1sentry@?$basic_ostream@DU?$char_traits@D@std@@@std@@QAE@XZ 00408ff0 f i dicomp.obj
 0001:00008080       ?do_put@?$num_put@DV?$ostreambuf_iterator@DU?$char_traits@D@std@@@std@@@std@@MBE?AV?$ostreambuf_iterator@DU?$char_traits@D@std@@@2@V32@AAVios_base@2@D_N@Z 00409080 f i dicomp.obj
 0001:000083d0       ?_Fput@?$num_put@DV?$ostreambuf_iterator@DU?$char_traits@D@std@@@std@@@std@@ABA?AV?$ostreambuf_iterator@DU?$char_traits@D@std@@@2@V32@AAVios_base@2@DPBDIIII@Z 004093d0 f i dicomp.obj
 0001:00008c90       ?_Iput@?$num_put@DV?$ostreambuf_iterator@DU?$char_traits@D@std@@@std@@@std@@ABA?AV?$ostreambuf_iterator@DU?$char_traits@D@std@@@2@V32@AAVios_base@2@DPADI@Z 00409c90 f i dicomp.obj
 0001:00009090       ??$?6U?$char_traits@D@std@@@std@@YAAAV?$basic_ostream@DU?$char_traits@D@std@@@0@AAV10@PBD@Z 0040a090 f i dicomp.obj
 0001:000092d0       ??6?$basic_ostream@DU?$char_traits@D@std@@@std@@QAEAAV01@G@Z 0040a2d0 f i dicomp.obj
 0001:00009490       ??6?$basic_ostream@DU?$char_traits@D@std@@@std@@QAEAAV01@H@Z 0040a490 f i dicomp.obj
 0001:00009650       ?put@?$basic_ostream@DU?$char_traits@D@std@@@std@@QAEAAV12@D@Z 0040a650 f i dicomp.obj
 0001:00009790       ?do_put@?$num_put@DV?$ostreambuf_iterator@DU?$char_traits@D@std@@@std@@@std@@MBE?AV?$ostreambuf_iterator@DU?$char_traits@D@std@@@2@V32@AAVios_base@2@DJ@Z 0040a790 f i dicomp.obj
 0001:00009850       ?do_put@?$num_put@DV?$ostreambuf_iterator@DU?$char_traits@D@std@@@std@@@std@@MBE?AV?$ostreambuf_iterator@DU?$char_traits@D@std@@@2@V32@AAVios_base@2@DK@Z 0040a850 f i dicomp.obj
 0001:00009910       ?do_put@?$num_put@DV?$ostreambuf_iterator@DU?$char_traits@D@std@@@std@@@std@@MBE?AV?$ostreambuf_iterator@DU?$char_traits@D@std@@@2@V32@AAVios_base@2@D_J@Z 0040a910 f i dicomp.obj
 0001:000099d0       ?do_put@?$num_put@DV?$ostreambuf_iterator@DU?$char_traits@D@std@@@std@@@std@@MBE?AV?$ostreambuf_iterator@DU?$char_traits@D@std@@@2@V32@AAVios_base@2@D_K@Z 0040a9d0 f i dicomp.obj
 0001:00009a90       ?do_put@?$num_put@DV?$ostreambuf_iterator@DU?$char_traits@D@std@@@std@@@std@@MBE?AV?$ostreambuf_iterator@DU?$char_traits@D@std@@@2@V32@AAVios_base@2@DN@Z 0040aa90 f i dicomp.obj
 0001:00009cf0       ?do_put@?$num_put@DV?$ostreambuf_iterator@DU?$char_traits@D@std@@@std@@@std@@MBE?AV?$ostreambuf_iterator@DU?$char_traits@D@std@@@2@V32@AAVios_base@2@DO@Z 0040acf0 f i dicomp.obj
 0001:00009f60       ?do_put@?$num_put@DV?$ostreambuf_iterator@DU?$char_traits@D@std@@@std@@@std@@MBE?AV?$ostreambuf_iterator@DU?$char_traits@D@std@@@2@V32@AAVios_base@2@DPBX@Z 0040af60 f i dicomp.obj
 0001:0000a000       ?endl@std@@YAAAV?$basic_ostream@DU?$char_traits@D@std@@@1@AAV21@@Z 0040b000 f i dicomp.obj
 0001:0000a020       ?HandlePrinterEvent@MyGrayscalePrintManagement@@EAEXPAVDICOMDataObject@@AAVUID@@GPAX@Z 0040b020 f i dicomp.obj
 0001:0000a0d0       ?HandlePrintJobEvent@MyGrayscalePrintManagement@@EAEXPAVDICOMDataObject@@AAVUID@@GPAX@Z 0040b0d0 f i dicomp.obj
 0001:0000a180       ?HandleError@MyGrayscalePrintManagement@@EBEHABVErrorDescription@@@Z 0040b180 f i dicomp.obj
 0001:0000a270       ?Set@UID@@QAEXPBD@Z        0040b270 f i printsop.obj
 0001:0000a2c0       ??8UID@@QAEHAAV0@@Z        0040b2c0 f i printsop.obj
 0001:0000a320       ??9UID@@QAEHAAV0@@Z        0040b320 f i printsop.obj
 0001:0000a380       ??0ErrorDescription@@QAE@PBDH000W4ErrorType@0@W4Operation@0@GPBVDICOMCommandObject@@3@Z 0040b380 f i printsop.obj
 0001:0000a410       ??1ErrorDescription@@QAE@XZ 0040b410 f i printsop.obj
 0001:0000a420       ?SetMessage@ErrorDescription@@QAEXPBD@Z 0040b420 f i printsop.obj
 0001:0000a440       ?SetLine@ErrorDescription@@QAEXH@Z 0040b440 f i printsop.obj
 0001:0000a450       ?SetErrorType@ErrorDescription@@QAEXW4ErrorType@1@@Z 0040b450 f i printsop.obj
 0001:0000a460       ?SetOperation@ErrorDescription@@QAEXW4Operation@1@@Z 0040b460 f i printsop.obj
 0001:0000a470       ?SetDICOMStatus@ErrorDescription@@QAEXG@Z 0040b470 f i printsop.obj
 0001:0000a480       ?SetResponseCommand@ErrorDescription@@QAEXPBVDICOMObject@@@Z 0040b480 f i printsop.obj
 0001:0000a490       ?SetResponseDataset@ErrorDescription@@QAEXPBVDICOMObject@@@Z 0040b490 f i printsop.obj
 0001:0000a4a0       ?SetCreated@AbstractFilmBox@@QAEXH@Z 0040b4a0 f i printsop.obj
 0001:0000a4b0       ?IsCreated@AbstractFilmBox@@QAEHXZ 0040b4b0 f i printsop.obj
 0001:0000a4c0       ?SetCreated@AbstractFilmSession@@QAEXH@Z 0040b4c0 f i printsop.obj
 0001:0000a4d0       ?IsCreated@AbstractFilmSession@@QAEHXZ 0040b4d0 f i printsop.obj
 0001:0000a4e0       ?IdleProc@@YAHPAH@Z        0040b4e0 f   printsop.obj
 0001:0000a510       ?uGetUID@BasicFilmSession@@UAEHAAVUID@@@Z 0040b510 f   printsop.obj
 0001:0000a560       ?uGetUID@BasicFilmBox@@UAEHAAVUID@@@Z 0040b560 f   printsop.obj
 0001:0000a5b0       ?uGetUID@BasicGrayscaleImageBox@@UAEHAAVUID@@@Z 0040b5b0 f   printsop.obj
 0001:0000a600       ?uGetUID@BasicColorImageBox@@UAEHAAVUID@@@Z 0040b600 f   printsop.obj
 0001:0000a650       ?uGetUID@ReferencedImageBox@@UAEHAAVUID@@@Z 0040b650 f   printsop.obj
 0001:0000a6a0       ?uGetUID@VOILUTBox@@UAEHAAVUID@@@Z 0040b6a0 f   printsop.obj
 0001:0000a6f0       ?uGetUID@BasicAnnotationBox@@UAEHAAVUID@@@Z 0040b6f0 f   printsop.obj
 0001:0000a740       ?uGetUID@ImageOverlayBox@@UAEHAAVUID@@@Z 0040b740 f   printsop.obj
 0001:0000a790       ?uGetUID@BasicPrinter@@UAEHAAVUID@@@Z 0040b790 f   printsop.obj
 0001:0000a7e0       ?uGetUID@BasicPrintJob@@UAEHAAVUID@@@Z 0040b7e0 f   printsop.obj
 0001:0000a830       ?ReadCreate@StandardFilm@@QAEHPAVPDU_Service@@PAVDICOMCommandObject@@PAVDICOMDataObject@@@Z 0040b830 f   printsop.obj
 0001:0000a980       ?ReadSet@StandardFilm@@QAEHPAVPDU_Service@@PAVDICOMCommandObject@@PAVDICOMDataObject@@@Z 0040b980 f   printsop.obj
 0001:0000aae0       ?ReadDelete@StandardFilm@@QAEHPAVPDU_Service@@PAVDICOMCommandObject@@@Z 0040bae0 f   printsop.obj
 0001:0000ac10       ?ReadPrint@StandardFilm@@QAEHPAVPDU_Service@@PAVDICOMCommandObject@@PAVDICOMDataObject@@@Z 0040bc10 f   printsop.obj
 0001:0000ad60       ?Read@StandardFilm@@QAEHPAVPDU_Service@@PAVDICOMCommandObject@@PAVDICOMDataObject@@@Z 0040bd60 f   printsop.obj
 0001:0000ade0       ?Read@StandardBox@@QAEHPAVPDU_Service@@PAVDICOMCommandObject@@PAVDICOMDataObject@@@Z 0040bde0 f   printsop.obj
 0001:0000af40       ?ReadCreate@StandardAdvancedBox@@QAEHPAVPDU_Service@@PAVDICOMCommandObject@@PAVDICOMDataObject@@@Z 0040bf40 f   printsop.obj
 0001:0000b090       ?ReadSet@StandardAdvancedBox@@QAEHPAVPDU_Service@@PAVDICOMCommandObject@@PAVDICOMDataObject@@@Z 0040c090 f   printsop.obj
 0001:0000b1f0       ?ReadDelete@StandardAdvancedBox@@QAEHPAVPDU_Service@@PAVDICOMCommandObject@@@Z 0040c1f0 f   printsop.obj
 0001:0000b320       ?ReadEventReport@StandardStatus@@QAEHPAVPDU_Service@@PAVDICOMCommandObject@@PAVDICOMDataObject@@PAVUID@@@Z 0040c320 f   printsop.obj
 0001:0000b4d0       ?WriteEventReport@StandardStatus@@QAEHPAVPDU_Service@@PAVUID@@GPAVDICOMDataObject@@@Z 0040c4d0 f   printsop.obj
 0001:0000b600       ??1AbstractPrinter@@UAE@XZ 0040c600 f   printsop.obj
 0001:0000b690       ?GetSOPInstanceUID@AbstractPrinter@@UAEHAAVUID@@@Z 0040c690 f   printsop.obj
 0001:0000b6e0       ?SetSOPInstanceUID@AbstractPrinter@@UAEHAAVUID@@@Z 0040c6e0 f   printsop.obj
 0001:0000b7c0       ??0AbstractPrintJob@@QAE@AAVAbstractPrintManagementMeta@@@Z 0040c7c0 f   printsop.obj
 0001:0000b8e0       ?DeleteAll@AbstractPrintJob@@QAEHXZ 0040c8e0 f   printsop.obj
 0001:0000b930       ?GetSOPInstanceUID@AbstractPrintJob@@UAEHAAVUID@@@Z 0040c930 f   printsop.obj
 0001:0000b980       ?SetSOPInstanceUID@AbstractPrintJob@@UAEHAAVUID@@@Z 0040c980 f   printsop.obj
 0001:0000ba60       ??0AbstractOverlayBox@@QAE@AAVAbstractPrintManagementMeta@@@Z 0040ca60 f   printsop.obj
 0001:0000bb70       ?DeleteAll@AbstractOverlayBox@@QAEHXZ 0040cb70 f   printsop.obj
 0001:0000bbd0       ?ProtoGen@AbstractOverlayBox@@QAEHXZ 0040cbd0 f   printsop.obj
 0001:0000bd40       ??0AbstractLUTBox@@QAE@AAVAbstractPrintManagementMeta@@@Z 0040cd40 f   printsop.obj
 0001:0000be50       ?DeleteAll@AbstractLUTBox@@QAEHXZ 0040ce50 f   printsop.obj
 0001:0000beb0       ?ProtoGen@AbstractLUTBox@@QAEHXZ 0040ceb0 f   printsop.obj
 0001:0000c030       ??0AbstractAnnotationBox@@QAE@AAVAbstractPrintManagementMeta@@@Z 0040d030 f   printsop.obj
 0001:0000c140       ?DeleteAll@AbstractAnnotationBox@@QAEHXZ 0040d140 f   printsop.obj
 0001:0000c1a0       ?ProtoGen@AbstractAnnotationBox@@QAEHXZ 0040d1a0 f   printsop.obj
 0001:0000c310       ??0AbstractImageBox@@QAE@AAVAbstractPrintManagementMeta@@@Z 0040d310 f   printsop.obj
 0001:0000c420       ??0AbstractFilmBox@@QAE@AAVAbstractPrintManagementMeta@@@Z 0040d420 f   printsop.obj
 0001:0000c530       ??0NCreateRQ@@QAE@XZ       0040d530 f i printsop.obj
 0001:0000c540       ??0NCreateRSP@@QAE@XZ      0040d540 f i printsop.obj
 0001:0000c550       ??0NDeleteRQ@@QAE@XZ       0040d550 f i printsop.obj
 0001:0000c560       ??0NDeleteRSP@@QAE@XZ      0040d560 f i printsop.obj
 0001:0000c570       ??0NActionRQ@@QAE@XZ       0040d570 f i printsop.obj
 0001:0000c580       ??0NActionRSP@@QAE@XZ      0040d580 f i printsop.obj
 0001:0000c590       ??0NGetRQ@@QAE@XZ          0040d590 f i printsop.obj
 0001:0000c5a0       ??0NGetRSP@@QAE@XZ         0040d5a0 f i printsop.obj
 0001:0000c5b0       ??0NEventReportRQ@@QAE@XZ  0040d5b0 f i printsop.obj
 0001:0000c5c0       ??0NEventReportRSP@@QAE@XZ 0040d5c0 f i printsop.obj
 0001:0000c5d0       ?GetNewSOPInstanceUID@AbstractFilmSession@@UAEHAAVUID@@0@Z 0040d5d0 f   printsop.obj
 0001:0000c610       ??0StandardAdvancedBox@@QAE@XZ 0040d610 f i printsop.obj
 0001:0000c680       ?GetUID@StandardAdvancedBox@@UAEHAAVUID@@@Z 0040d680 f i printsop.obj
 0001:0000c690       ?SetPrinterEventUserArg@AbstractPrintManagementMeta@@UAEPAXPAX@Z 0040d690 f   printsop.obj
 0001:0000c6b0       ?SetPrintJobEventUserArg@AbstractPrintManagementMeta@@UAEPAXPAX@Z 0040d6b0 f   printsop.obj
 0001:0000c6d0       ?AcceptSOPClass@AbstractPrintManagementMeta@@MAEHAAVUID@@@Z 0040d6d0 f   printsop.obj
 0001:0000c6e0       ?GetSize@?$Array@PAVAbstractOverlayBox@@@@QAEIXZ 0040d6e0 f i printsop.obj
 0001:0000c6f0       ??0?$Array@PAVAbstractOverlayBox@@@@QAE@XZ 0040d6f0 f i printsop.obj
 0001:0000c720       ?GetSize@?$Array@PAVAbstractLUTBox@@@@QAEIXZ 0040d720 f i printsop.obj
 0001:0000c730       ??0?$Array@PAVAbstractLUTBox@@@@QAE@XZ 0040d730 f i printsop.obj
 0001:0000c760       ?GetSize@?$Array@PAVAbstractImageBox@@@@QAEIXZ 0040d760 f i printsop.obj
 0001:0000c770       ??0?$Array@PAVAbstractImageBox@@@@QAE@XZ 0040d770 f i printsop.obj
 0001:0000c7a0       ?GetSize@?$Array@PAVAbstractAnnotationBox@@@@QAEIXZ 0040d7a0 f i printsop.obj
 0001:0000c7b0       ??0?$Array@PAVAbstractAnnotationBox@@@@QAE@XZ 0040d7b0 f i printsop.obj
 0001:0000c7e0       ?GetSize@?$Array@PAVAbstractFilmBox@@@@QAEIXZ 0040d7e0 f i printsop.obj
 0001:0000c7f0       ??0?$Array@PAVAbstractFilmBox@@@@QAE@XZ 0040d7f0 f i printsop.obj
 0001:0000c820       ?GetSize@?$Array@PAVAbstractPrintJob@@@@QAEIXZ 0040d820 f i printsop.obj
 0001:0000c830       ??0?$Array@PAVAbstractPrintJob@@@@QAE@XZ 0040d830 f i printsop.obj
 0001:0000c860       ?Get@?$Array@PAVAbstractOverlayBox@@@@QAEAAPAVAbstractOverlayBox@@I@Z 0040d860 f i printsop.obj
 0001:0000c900       ?RemoveAt@?$Array@PAVAbstractOverlayBox@@@@QAEHI@Z 0040d900 f i printsop.obj
 0001:0000c9b0       ??1?$Array@PAVAbstractOverlayBox@@@@UAE@XZ 0040d9b0 f i printsop.obj
 0001:0000ca60       ?Get@?$Array@PAVAbstractLUTBox@@@@QAEAAPAVAbstractLUTBox@@I@Z 0040da60 f i printsop.obj
 0001:0000cb00       ?RemoveAt@?$Array@PAVAbstractLUTBox@@@@QAEHI@Z 0040db00 f i printsop.obj
 0001:0000cbb0       ??1?$Array@PAVAbstractLUTBox@@@@UAE@XZ 0040dbb0 f i printsop.obj
 0001:0000cc60       ?Get@?$Array@PAVAbstractImageBox@@@@QAEAAPAVAbstractImageBox@@I@Z 0040dc60 f i printsop.obj
 0001:0000cd00       ?Get@?$Array@PAVAbstractAnnotationBox@@@@QAEAAPAVAbstractAnnotationBox@@I@Z 0040dd00 f i printsop.obj
 0001:0000cda0       ?Get@?$Array@PAVAbstractFilmBox@@@@QAEAAPAVAbstractFilmBox@@I@Z 0040dda0 f i printsop.obj
 0001:0000ce40       ?RemoveAt@?$Array@PAVAbstractFilmBox@@@@QAEHI@Z 0040de40 f i printsop.obj
 0001:0000cef0       ??1?$Array@PAVAbstractFilmBox@@@@UAE@XZ 0040def0 f i printsop.obj
 0001:0000cfa0       ?Get@?$Array@PAVAbstractPrintJob@@@@QAEAAPAVAbstractPrintJob@@I@Z 0040dfa0 f i printsop.obj
 0001:0000d040       ??0?$DataLink@PAVAbstractOverlayBox@@@@QAE@XZ 0040e040 f i printsop.obj
 0001:0000d050       ??0?$DataLink@PAVAbstractLUTBox@@@@QAE@XZ 0040e050 f i printsop.obj
 0001:0000d060       ??0?$DataLink@PAVAbstractImageBox@@@@QAE@XZ 0040e060 f i printsop.obj
 0001:0000d070       ??0?$DataLink@PAVAbstractAnnotationBox@@@@QAE@XZ 0040e070 f i printsop.obj
 0001:0000d080       ??0?$DataLink@PAVAbstractFilmBox@@@@QAE@XZ 0040e080 f i printsop.obj
 0001:0000d090       ??0?$DataLink@PAVAbstractPrintJob@@@@QAE@XZ 0040e090 f i printsop.obj
 0001:0000d0a0       ?RemoveAt@?$Array@PAVAbstractImageBox@@@@QAEHI@Z 0040e0a0 f i printsop.obj
 0001:0000d150       ?RemoveAt@?$Array@PAVAbstractAnnotationBox@@@@QAEHI@Z 0040e150 f i printsop.obj
 0001:0000d200       ?RemoveAt@?$Array@PAVAbstractPrintJob@@@@QAEHI@Z 0040e200 f i printsop.obj
 0001:0000d2b0       ?GetUID@StandardAdvancedBox@@WM@AEHAAVUID@@@Z 0040e2b0 f i printsop.obj
 0001:0000d2c0       ?GetUID@StandardAdvancedBox@@WBA@AEHAAVUID@@@Z 0040e2c0 f i printsop.obj
 0001:0000d2d0       ?GetUID@StandardAdvancedBox@@WBE@AEHAAVUID@@@Z 0040e2d0 f i printsop.obj
 0001:0000d2e0       ?GetUID@StandardAdvancedBox@@W3AEHAAVUID@@@Z 0040e2e0 f i printsop.obj
 0001:0000d2f0       ?GetUID@StandardAdvancedBox@@W7AEHAAVUID@@@Z 0040e2f0 f i printsop.obj
 0001:0000d300       ?Read@BasicGrayscaleImageBox@@QAEHPAVPDU_Service@@PAVDICOMCommandObject@@PAVDICOMDataObject@@@Z 0040e300 f i printsop.obj
 0001:0000d310       ?Read@BasicAnnotationBox@@QAEHPAVPDU_Service@@PAVDICOMCommandObject@@PAVDICOMDataObject@@@Z 0040e310 f i printsop.obj
 0001:0000d320       ?ReadGet@StandardStatus@@QAEHPAVPDU_Service@@PAVDICOMCommandObject@@@Z 0040e320 f   printsop.obj
 0001:0000d530       ??0AbstractPrinter@@QAE@AAVAbstractPrintManagementMeta@@@Z 0040e530 f   printsop.obj
 0001:0000d660       ??_GAbstractPrinter@@UAEPAXI@Z 0040e660 f i printsop.obj
 0001:0000d660       ??_EAbstractPrinter@@UAEPAXI@Z 0040e660 f i printsop.obj
 0001:0000d690       ??1AbstractPrintJob@@UAE@XZ 0040e690 f   printsop.obj
 0001:0000d710       ?ProtoGen@AbstractPrintJob@@QAEHXZ 0040e710 f   printsop.obj
 0001:0000d900       ??1AbstractOverlayBox@@UAE@XZ 0040e900 f   printsop.obj
 0001:0000d980       ??1AbstractLUTBox@@UAE@XZ  0040e980 f   printsop.obj
 0001:0000da00       ??1AbstractAnnotationBox@@UAE@XZ 0040ea00 f   printsop.obj
 0001:0000da80       ?DeleteAll@AbstractImageBox@@QAEHXZ 0040ea80 f   printsop.obj
 0001:0000db80       ?ProtoGen@AbstractImageBox@@QAEHXZ 0040eb80 f   printsop.obj
 0001:0000dda0       ?DeleteAll@AbstractFilmBox@@QAEHXZ 0040eda0 f   printsop.obj
 0001:0000dea0       ?ProtoGen@AbstractFilmBox@@QAEHXZ 0040eea0 f   printsop.obj
 0001:0000e0b0       ?SetImageBoxInstanceUIDS@AbstractFilmBox@@QAEHXZ 0040f0b0 f   printsop.obj
 0001:0000e180       ?SetAnnotationBoxInstanceUIDS@AbstractFilmBox@@QAEHXZ 0040f180 f   printsop.obj
 0001:0000e250       ??0StandardFilm@@QAE@XZ    0040f250 f i printsop.obj
 0001:0000e2e0       ?GetUID@StandardFilm@@UAEHAAVUID@@@Z 0040f2e0 f i printsop.obj
 0001:0000e2f0       ?GetUID@StandardFilm@@WBI@AEHAAVUID@@@Z 0040f2f0 f i printsop.obj
 0001:0000e300       ?GetUID@StandardFilm@@WBM@AEHAAVUID@@@Z 0040f300 f i printsop.obj
 0001:0000e310       ?GetUID@StandardFilm@@W3AEHAAVUID@@@Z 0040f310 f i printsop.obj
 0001:0000e320       ?GetUID@StandardFilm@@W7AEHAAVUID@@@Z 0040f320 f i printsop.obj
 0001:0000e330       ?GetUID@StandardFilm@@WM@AEHAAVUID@@@Z 0040f330 f i printsop.obj
 0001:0000e340       ?GetUID@StandardFilm@@WBA@AEHAAVUID@@@Z 0040f340 f i printsop.obj
 0001:0000e350       ?GetUID@StandardFilm@@WBE@AEHAAVUID@@@Z 0040f350 f i printsop.obj
 0001:0000e360       ??0StandardStatus@@QAE@XZ  0040f360 f i printsop.obj
 0001:0000e3a0       ?GetUID@StandardStatus@@UAEHAAVUID@@@Z 0040f3a0 f i printsop.obj
 0001:0000e3b0       ?GetUID@StandardStatus@@W3AEHAAVUID@@@Z 0040f3b0 f i printsop.obj
 0001:0000e3c0       ?GetUID@StandardStatus@@W7AEHAAVUID@@@Z 0040f3c0 f i printsop.obj
 0001:0000e3d0       ?GetUID@StandardStatus@@WM@AEHAAVUID@@@Z 0040f3d0 f i printsop.obj
 0001:0000e3e0       ?DeleteAll@AbstractFilmSession@@QAEHXZ 0040f3e0 f   printsop.obj
 0001:0000e4e0       ?ProtoGen@AbstractFilmSession@@QAEHXZ 0040f4e0 f   printsop.obj
 0001:0000e690       ??0BasicFilmBox@@QAE@XZ    0040f690 f i printsop.obj
 0001:0000e6f0       ??0BasicAnnotationBox@@QAE@XZ 0040f6f0 f i printsop.obj
 0001:0000e710       ??0ImageOverlayBox@@QAE@XZ 0040f710 f i printsop.obj
 0001:0000e780       ?ReadBasicFilmSession@AbstractPrintManagementMeta@@MAEHPAVPDU_Service@@PAVDICOMCommandObject@@GPAVUID@@@Z 0040f780 f   printsop.obj
 0001:0000eb80       ?ActionPrint@AbstractPrintManagementMeta@@MAEHPAVAbstractFilmSession@@PAVDICOMDataObject@@@Z 0040fb80 f   printsop.obj
 0001:0000eb90       ?ReadEventReport@AbstractPrintManagementMeta@@QAEHPAVPDU_Service@@PAVDICOMCommandObject@@@Z 0040fb90 f   printsop.obj
 0001:0000ee30       ?ReadBox@BasicGrayscalePrintManagementMeta@@EAEHPAVPDU_Service@@PAVDICOMCommandObject@@PAVDICOMDataObject@@@Z 0040fe30 f   printsop.obj
 0001:0000ee40       ??_G?$Array@PAVAbstractOverlayBox@@@@UAEPAXI@Z 0040fe40 f i printsop.obj
 0001:0000ee40       ??_E?$Array@PAVAbstractOverlayBox@@@@UAEPAXI@Z 0040fe40 f i printsop.obj
 0001:0000ee70       ??_E?$Array@PAVAbstractLUTBox@@@@UAEPAXI@Z 0040fe70 f i printsop.obj
 0001:0000ee70       ??_G?$Array@PAVAbstractLUTBox@@@@UAEPAXI@Z 0040fe70 f i printsop.obj
 0001:0000eea0       ??_E?$Array@PAVAbstractFilmBox@@@@UAEPAXI@Z 0040fea0 f i printsop.obj
 0001:0000eea0       ??_G?$Array@PAVAbstractFilmBox@@@@UAEPAXI@Z 0040fea0 f i printsop.obj
 0001:0000eed0       ?Add@?$Array@PAVAbstractOverlayBox@@@@QAEAAPAVAbstractOverlayBox@@AAPAV2@@Z 0040fed0 f i printsop.obj
 0001:0000ef90       ?Add@?$Array@PAVAbstractLUTBox@@@@QAEAAPAVAbstractLUTBox@@AAPAV2@@Z 0040ff90 f i printsop.obj
 0001:0000f050       ?Add@?$Array@PAVAbstractImageBox@@@@QAEAAPAVAbstractImageBox@@AAPAV2@@Z 00410050 f i printsop.obj
 0001:0000f110       ??1?$Array@PAVAbstractImageBox@@@@UAE@XZ 00410110 f i printsop.obj
 0001:0000f1c0       ?Add@?$Array@PAVAbstractAnnotationBox@@@@QAEAAPAVAbstractAnnotationBox@@AAPAV2@@Z 004101c0 f i printsop.obj
 0001:0000f280       ??1?$Array@PAVAbstractAnnotationBox@@@@UAE@XZ 00410280 f i printsop.obj
 0001:0000f330       ?Add@?$Array@PAVAbstractFilmBox@@@@QAEAAPAVAbstractFilmBox@@AAPAV2@@Z 00410330 f i printsop.obj
 0001:0000f3f0       ?Add@?$Array@PAVAbstractPrintJob@@@@QAEAAPAVAbstractPrintJob@@AAPAV2@@Z 004103f0 f i printsop.obj
 0001:0000f4b0       ??1?$Array@PAVAbstractPrintJob@@@@UAE@XZ 004104b0 f i printsop.obj
 0001:0000f560       ?WriteCreate@StandardFilm@@QAEHPAVPDU_Service@@PAVUID@@PAVDICOMDataObject@@AAVAbstractPrintManagementMeta@@@Z 00410560 f   printsop.obj
 0001:0000fa20       ?WriteSet@StandardFilm@@QAEHPAVPDU_Service@@PAVUID@@PAVDICOMDataObject@@AAVAbstractPrintManagementMeta@@@Z 00410a20 f   printsop.obj
 0001:0000fe50       ?WriteDelete@StandardFilm@@QAEHPAVPDU_Service@@PAVUID@@AAVAbstractPrintManagementMeta@@@Z 00410e50 f   printsop.obj
 0001:0000ffa0       ?Write@StandardBox@@QAEHPAVPDU_Service@@PAVUID@@PAVDICOMDataObject@@AAVAbstractPrintManagementMeta@@@Z 00410fa0 f   printsop.obj
 0001:00010330       ?WriteCreate@StandardAdvancedBox@@QAEHPAVPDU_Service@@PAVUID@@PAVDICOMDataObject@@AAVAbstractPrintManagementMeta@@@Z 00411330 f   printsop.obj
 0001:00010540       ?WriteSet@StandardAdvancedBox@@QAEHPAVPDU_Service@@PAVUID@@PAVDICOMDataObject@@AAVAbstractPrintManagementMeta@@@Z 00411540 f   printsop.obj
 0001:000106d0       ?WriteDelete@StandardAdvancedBox@@QAEHPAVPDU_Service@@PAVUID@@AAVAbstractPrintManagementMeta@@@Z 004116d0 f   printsop.obj
 0001:00010820       ?WriteGet@StandardStatus@@QAEHPAVPDU_Service@@PAVUID@@PAVDICOMDataObject@@AAVAbstractPrintManagementMeta@@@Z 00411820 f   printsop.obj
 0001:00010990       ?SyncReferenceSequence@@YAHPAVVR@@PAVUID@@1@Z 00411990 f   printsop.obj
 0001:00010c80       ?SyncReferenceSequence@@YAHPAVDICOMDataObject@@GGPAVUID@@1@Z 00411c80 f   printsop.obj
 0001:00010d60       ?ResyncEntireReferenceSequence@@YAHPAVVR@@PAV?$Array@PAVDICOMDataObject@@@@@Z 00411d60 f   printsop.obj
 0001:00010f30       ??_EAbstractPrintJob@@UAEPAXI@Z 00411f30 f i printsop.obj
 0001:00010f30       ??_GAbstractPrintJob@@UAEPAXI@Z 00411f30 f i printsop.obj
 0001:00010f60       ??_GAbstractOverlayBox@@UAEPAXI@Z 00411f60 f i printsop.obj
 0001:00010f60       ??_EAbstractOverlayBox@@UAEPAXI@Z 00411f60 f i printsop.obj
 0001:00010f90       ??_GAbstractLUTBox@@UAEPAXI@Z 00411f90 f i printsop.obj
 0001:00010f90       ??_EAbstractLUTBox@@UAEPAXI@Z 00411f90 f i printsop.obj
 0001:00010fc0       ??_GAbstractAnnotationBox@@UAEPAXI@Z 00411fc0 f i printsop.obj
 0001:00010fc0       ??_EAbstractAnnotationBox@@UAEPAXI@Z 00411fc0 f i printsop.obj
 0001:00010ff0       ??1AbstractImageBox@@UAE@XZ 00411ff0 f   printsop.obj
 0001:00011090       ?Add@AbstractImageBox@@QAEPAVAbstractOverlayBox@@PAV2@@Z 00412090 f   printsop.obj
 0001:00011150       ?Add@AbstractImageBox@@QAEPAVAbstractLUTBox@@PAV2@@Z 00412150 f   printsop.obj
 0001:00011210       ??1AbstractFilmBox@@UAE@XZ 00412210 f   printsop.obj
 0001:00011290       ?Add@AbstractFilmBox@@QAEPAVAbstractImageBox@@PAV2@@Z 00412290 f   printsop.obj
 0001:00011350       ?Add@AbstractFilmBox@@QAEPAVAbstractAnnotationBox@@PAV2@@Z 00412350 f   printsop.obj
 0001:00011410       ??0BasicFilmSession@@QAE@XZ 00412410 f i printsop.obj
 0001:00011470       ??0BasicPrinter@@QAE@XZ    00412470 f i printsop.obj
 0001:000114b0       ??0BasicPrintJob@@QAE@XZ   004124b0 f i printsop.obj
 0001:000114f0       ??1AbstractFilmSession@@UAE@XZ 004124f0 f   printsop.obj
 0001:00011570       ?Add@AbstractFilmSession@@QAEPAVAbstractFilmBox@@PAV2@@Z 00412570 f   printsop.obj
 0001:00011630       ?Add@AbstractFilmSession@@QAEPAVAbstractPrintJob@@PAV2@@Z 00412630 f   printsop.obj
 0001:000116f0       ?ResyncAbstractFilmBoxs@AbstractFilmSession@@QAEHXZ 004126f0 f   printsop.obj
 0001:000119c0       ?ResyncAbstractImageBoxs@AbstractFilmBox@@QAEHXZ 004129c0 f   printsop.obj
 0001:00011c60       ?ResyncAbstractAnnotationBoxs@AbstractFilmBox@@QAEHXZ 00412c60 f   printsop.obj
 0001:00011f00       ?ResyncAbstractOverlayBoxs@AbstractImageBox@@QAEHXZ 00412f00 f   printsop.obj
 0001:000121a0       ?ResyncAbstractLUTBoxs@AbstractImageBox@@QAEHXZ 004131a0 f   printsop.obj
 0001:00012440       ??1AbstractPrintManagementMeta@@UAE@XZ 00413440 f   printsop.obj
 0001:000124d0       ?ReadBasicFilmBox@AbstractPrintManagementMeta@@MAEHPAVPDU_Service@@PAVDICOMCommandObject@@GPAVUID@@@Z 004134d0 f   printsop.obj
 0001:00012ce0       ?Read@AbstractPrintManagementMeta@@QAEHPAVPDU_Service@@PAVDICOMCommandObject@@@Z 00413ce0 f   printsop.obj
 0001:000136e0       ?Delete@AbstractPrintManagementMeta@@QAEHPAVPDU_Service@@@Z 004146e0 f   printsop.obj
 0001:00013710       ?DeleteFilm@AbstractPrintManagementMeta@@QAEHPAVPDU_Service@@@Z 00414710 f   printsop.obj
 0001:00013790       ?GetPrinterA@AbstractPrintManagementMeta@@UAEHPAVPDU_Service@@PAVDICOMDataObject@@@Z 00414790 f   printsop.obj
 0001:00013840       ?GetPrintJob@AbstractPrintManagementMeta@@UAEHPAVPDU_Service@@AAVUID@@PAVDICOMDataObject@@@Z 00414840 f   printsop.obj
 0001:00013880       ??_E?$Array@PAVAbstractImageBox@@@@UAEPAXI@Z 00414880 f i printsop.obj
 0001:00013880       ??_G?$Array@PAVAbstractImageBox@@@@UAEPAXI@Z 00414880 f i printsop.obj
 0001:000138b0       ??_G?$Array@PAVAbstractAnnotationBox@@@@UAEPAXI@Z 004148b0 f i printsop.obj
 0001:000138b0       ??_E?$Array@PAVAbstractAnnotationBox@@@@UAEPAXI@Z 004148b0 f i printsop.obj
 0001:000138e0       ??_E?$Array@PAVAbstractPrintJob@@@@UAEPAXI@Z 004148e0 f i printsop.obj
 0001:000138e0       ??_G?$Array@PAVAbstractPrintJob@@@@UAEPAXI@Z 004148e0 f i printsop.obj
 0001:00013910       ?Write@BasicGrayscaleImageBox@@QAEHPAVPDU_Service@@PAVUID@@PAVDICOMDataObject@@AAVAbstractPrintManagementMeta@@@Z 00414910 f i printsop.obj
 0001:00013920       ?Write@BasicAnnotationBox@@QAEHPAVPDU_Service@@PAVUID@@PAVDICOMDataObject@@AAVAbstractPrintManagementMeta@@@Z 00414920 f i printsop.obj
 0001:00013930       ?WritePrint@StandardFilm@@QAEHPAVPDU_Service@@PAVUID@@AAVAbstractPrintManagementMeta@@@Z 00414930 f   printsop.obj
 0001:00013dd0       ??_GAbstractImageBox@@UAEPAXI@Z 00414dd0 f i printsop.obj
 0001:00013dd0       ??_EAbstractImageBox@@UAEPAXI@Z 00414dd0 f i printsop.obj
 0001:00013e00       ??_EAbstractFilmBox@@UAEPAXI@Z 00414e00 f i printsop.obj
 0001:00013e00       ??_GAbstractFilmBox@@UAEPAXI@Z 00414e00 f i printsop.obj
 0001:00013e30       ??0AbstractFilmSession@@QAE@XZ 00414e30 f   printsop.obj
 0001:00013ff0       ??_EAbstractFilmSession@@UAEPAXI@Z 00414ff0 f i printsop.obj
 0001:00013ff0       ??_GAbstractFilmSession@@UAEPAXI@Z 00414ff0 f i printsop.obj
 0001:00014020       ??0AbstractPrintManagementMeta@@QAE@XZ 00415020 f   printsop.obj
 0001:000141d0       ??_GAbstractPrintManagementMeta@@UAEPAXI@Z 004151d0 f i printsop.obj
 0001:000141d0       ??_EAbstractPrintManagementMeta@@UAEPAXI@Z 004151d0 f i printsop.obj
 0001:00014200       ?Write@AbstractPrintManagementMeta@@QAEHPAVPDU_Service@@@Z 00415200 f   printsop.obj
 0001:00014520       ?PrintSession@AbstractPrintManagementMeta@@QAEHPAVPDU_Service@@PAVUID@@@Z 00415520 f   printsop.obj
 0001:000145d0       ?PrintFilm@AbstractPrintManagementMeta@@QAEHPAVPDU_Service@@PAVUID@@G@Z 004155d0 f   printsop.obj
 0001:000146d0       ?WriteBox@BasicGrayscalePrintManagementMeta@@EAEHPAVPDU_Service@@PAVUID@@PAVDICOMDataObject@@@Z 004156d0 f   printsop.obj
 0001:00014700       ?strchr@@YAPADPADH@Z       00415700 f i dicom:cong.obj
 0001:00014710       ?strstr@@YAPADPADPBD@Z     00415710 f i dicom:cong.obj
 0001:00014740       ?GetIncomingEndian@Buffer@@QAEIXZ 00415740 f i dicom:cong.obj
 0001:00014750       ??0VR@@QAE@XZ              00415750 f i dicom:cong.obj
 0001:00014770       ?SetType@TransferSyntax@@QAEXI@Z 00415770 f i dicom:cong.obj
 0001:00014780       ??0BufferSpace@@QAE@XZ     00415780 f   dicom:cong.obj
 0001:000147a0       ??1BufferSpace@@QAE@XZ     004157a0 f   dicom:cong.obj
 0001:000147c0       ??_GBufferSpace@@QAEPAXI@Z 004157c0 f i dicom:cong.obj
 0001:000147f0       ?SetIncomingEndian@Buffer@@QAEHI@Z 004157f0 f   dicom:cong.obj
 0001:00014800       ?SetOutgoingEndian@Buffer@@QAEHI@Z 00415800 f   dicom:cong.obj
 0001:00014810       ?SetBreakSize@Buffer@@QAEHI@Z 00415810 f   dicom:cong.obj
 0001:00014820       ?Poll@Buffer@@QAEHXZ       00415820 f   dicom:cong.obj
 0001:00014830       ??0Socket@@QAE@XZ          00415830 f   dicom:cong.obj
 0001:00014880       ??1Socket@@UAE@XZ          00415880 f   dicom:cong.obj
 0001:000148e0       ?Gethostbyname@Socket@@QAEPAUhostent@@PAD@Z 004158e0 f   dicom:cong.obj
 0001:00014990       ?Getservbyname@Socket@@QAEPAUservent@@PBDPAD@Z 00415990 f   dicom:cong.obj
 0001:000149f0       ?Open@Socket@@UAEHPAD0@Z   004159f0 f   dicom:cong.obj
 0001:00014b00       ?Close@Socket@@QAEHXZ      00415b00 f   dicom:cong.obj
 0001:00014b40       ?Poll@Socket@@UAEHXZ       00415b40 f   dicom:cong.obj
 0001:00014ba0       ?SendBinary@Socket@@UAEHPAEI@Z 00415ba0 f   dicom:cong.obj
 0001:00014bd0       ?ReadBinary@Socket@@UAEHPAEI@Z 00415bd0 f   dicom:cong.obj
 0001:00014c60       ?GetLinkError@Socket@@QAEHXZ 00415c60 f   dicom:cong.obj
 0001:00014c70       ?SetTimeOut@Socket@@QAEHH@Z 00415c70 f   dicom:cong.obj
 0001:00014c80       ?BindUDPServer@Socket@@QAEHPAD@Z 00415c80 f   dicom:cong.obj
 0001:00014d50       ?BindUDPClient@Socket@@QAEHPADPBD@Z 00415d50 f   dicom:cong.obj
 0001:00014e80       ?SetDicomErrorHandler@@YAXP6AXHPBDH@Z@Z 00415e80 f   dicom:cong.obj
 0001:00014e90       ?DicomError@@YAHHPBDH@Z    00415e90 f   dicom:cong.obj
 0001:00014ee0       ??0VR@@QAE@GGIH@Z          00415ee0 f   dicom:cong.obj
 0001:00014f70       ??0VR@@QAE@GGIPAG@Z        00415f70 f   dicom:cong.obj
 0001:00014fb0       ??0VR@@QAE@GGIPAGH@Z       00415fb0 f   dicom:cong.obj
 0001:00014ff0       ??0VR@@QAE@GGIPAX@Z        00415ff0 f   dicom:cong.obj
 0001:00015030       ??0VR@@QAE@GGIPAXH@Z       00416030 f   dicom:cong.obj
 0001:00015070       ??OVR@@QAEIAAV0@@Z         00416070 f   dicom:cong.obj
 0001:000150a0       ??MVR@@QAEIAAV0@@Z         004160a0 f   dicom:cong.obj
 0001:000150d0       ??8VR@@QAEIAAV0@@Z         004160d0 f   dicom:cong.obj
 0001:00015100       ?GroupLength@VRGroupPQueue@@QAEPAVVR@@XZ 00416100 f   dicom:cong.obj
 0001:000151e0       ??OVRGroupPQueue@@QAEIAAV0@@Z 004161e0 f   dicom:cong.obj
 0001:00015200       ??MVRGroupPQueue@@QAEIAAV0@@Z 00416200 f   dicom:cong.obj
 0001:00015220       ??8VRGroupPQueue@@QAEIAAV0@@Z 00416220 f   dicom:cong.obj
 0001:00015240       ?GetSpecialValueCodeOfVR@VR@@AAEHPAV1@@Z 00416240 f   dicom:cong.obj
 0001:000152f0       ?GetUINT16@VR@@QAEGXZ      004162f0 f   dicom:cong.obj
 0001:00015330       ?GetUINT@VR@@QAEIXZ        00416330 f   dicom:cong.obj
 0001:00015360       ?GetULongLong@VR@@QAE_KXZ  00416360 f   dicom:cong.obj
 0001:000153d0       ?Getatoi@VR@@QAEHXZ        004163d0 f   dicom:cong.obj
 0001:00015430       ?SwapBigEndianData@VR@@QAEXXZ 00416430 f   dicom:cong.obj
 0001:00015520       ??1ApplicationContext@@QAE@XZ 00416520 f   dicom:cong.obj
 0001:00015530       ?Set@ApplicationContext@@QAEXAAVUID@@@Z 00416530 f   dicom:cong.obj
 0001:00015570       ?Size@ApplicationContext@@QAEIXZ 00416570 f   dicom:cong.obj
 0001:00015580       ??1AbstractSyntax@@QAE@XZ  00416580 f   dicom:cong.obj
 0001:00015590       ?Set@AbstractSyntax@@QAEXAAVUID@@@Z 00416590 f   dicom:cong.obj
 0001:000155d0       ?Size@AbstractSyntax@@QAEIXZ 004165d0 f   dicom:cong.obj
 0001:000155e0       ??1TransferSyntax@@QAE@XZ  004165e0 f   dicom:cong.obj
 0001:000155f0       ?Set@TransferSyntax@@QAEXAAVUID@@@Z 004165f0 f   dicom:cong.obj
 0001:00015630       ?Size@TransferSyntax@@QAEIXZ 00416630 f   dicom:cong.obj
 0001:00015640       ??1ImplementationClass@@QAE@XZ 00416640 f   dicom:cong.obj
 0001:00015650       ?Set@ImplementationClass@@QAEXAAVUID@@@Z 00416650 f   dicom:cong.obj
 0001:00015690       ?Size@ImplementationClass@@QAEIXZ 00416690 f   dicom:cong.obj
 0001:000156a0       ??1ImplementationVersion@@QAE@XZ 004166a0 f   dicom:cong.obj
 0001:000156b0       ?Set@ImplementationVersion@@QAEXAAVUID@@@Z 004166b0 f   dicom:cong.obj
 0001:000156f0       ?Size@ImplementationVersion@@QAEIXZ 004166f0 f   dicom:cong.obj
 0001:00015700       ?SetAbstractSyntax@PresentationContext@@QAEXAAVAbstractSyntax@@@Z 00416700 f   dicom:cong.obj
 0001:00015710       ??0MaximumSubLength@@QAE@XZ 00416710 f   dicom:cong.obj
 0001:00015720       ??0MaximumSubLength@@QAE@I@Z 00416720 f   dicom:cong.obj
 0001:00015740       ??1MaximumSubLength@@QAE@XZ 00416740 f   dicom:cong.obj
 0001:00015750       ?Set@MaximumSubLength@@QAEXI@Z 00416750 f   dicom:cong.obj
 0001:00015760       ?Get@MaximumSubLength@@QAEIXZ 00416760 f   dicom:cong.obj
 0001:00015770       ?Size@MaximumSubLength@@QAEIXZ 00416770 f   dicom:cong.obj
 0001:00015780       ??1SCPSCURoleSelect@@QAE@XZ 00416780 f   dicom:cong.obj
 0001:00015790       ?Size@SCPSCURoleSelect@@QAEIXZ 00416790 f   dicom:cong.obj
 0001:000157b0       ??1UserInformation@@QAE@XZ 004167b0 f   dicom:cong.obj
 0001:000157c0       ?SetMax@UserInformation@@QAEXAAVMaximumSubLength@@@Z 004167c0 f   dicom:cong.obj
 0001:000157e0       ?GetMax@UserInformation@@QAEIXZ 004167e0 f   dicom:cong.obj
 0001:000157f0       ?Size@UserInformation@@QAEIXZ 004167f0 f   dicom:cong.obj
 0001:00015830       ??4ApplicationContext@@QAEAAV0@AAV0@@Z 00416830 f i dicom:cong.obj
 0001:00015890       ?SetApplicationContext@AAssociateRQ@@QAEXAAVUID@@@Z 00416890 f   dicom:cong.obj
 0001:000158d0       ??4ImplementationClass@@QAEAAV0@AAV0@@Z 004168d0 f i dicom:cong.obj
 0001:00015930       ??4ImplementationVersion@@QAEAAV0@AAV0@@Z 00416930 f i dicom:cong.obj
 0001:00015990       ??4SCPSCURoleSelect@@QAEAAV0@AAV0@@Z 00416990 f i dicom:cong.obj
 0001:00015a00       ??1PresentationContextAccept@@QAE@XZ 00416a00 f   dicom:cong.obj
 0001:00015a10       ?SetTransferSyntax@PresentationContextAccept@@QAEXAAVTransferSyntax@@@Z 00416a10 f   dicom:cong.obj
 0001:00015a20       ?Size@PresentationContextAccept@@QAEIXZ 00416a20 f   dicom:cong.obj
 0001:00015a40       ?SetApplicationContext@AAssociateAC@@QAEXAAVApplicationContext@@@Z 00416a40 f   dicom:cong.obj
 0001:00015a50       ??0AAssociateRJ@@QAE@XZ    00416a50 f   dicom:cong.obj
 0001:00015a80       ??0AAssociateRJ@@QAE@EEE@Z 00416a80 f   dicom:cong.obj
 0001:00015ab0       ??1AAssociateRJ@@UAE@XZ    00416ab0 f   dicom:cong.obj
 0001:00015ac0       ?Size@AAssociateRJ@@QAEIXZ 00416ac0 f   dicom:cong.obj
 0001:00015ad0       ??0AReleaseRQ@@QAE@XZ      00416ad0 f   dicom:cong.obj
 0001:00015af0       ??1AReleaseRQ@@UAE@XZ      00416af0 f   dicom:cong.obj
 0001:00015b00       ?Size@AReleaseRQ@@QAEIXZ   00416b00 f   dicom:cong.obj
 0001:00015b10       ??0AReleaseRP@@QAE@XZ      00416b10 f   dicom:cong.obj
 0001:00015b30       ??1AReleaseRP@@UAE@XZ      00416b30 f   dicom:cong.obj
 0001:00015b40       ?Size@AReleaseRP@@QAEIXZ   00416b40 f   dicom:cong.obj
 0001:00015b50       ??0AAbortRQ@@QAE@XZ        00416b50 f   dicom:cong.obj
 0001:00015b70       ??0AAbortRQ@@QAE@EE@Z      00416b70 f   dicom:cong.obj
 0001:00015ba0       ??1AAbortRQ@@UAE@XZ        00416ba0 f   dicom:cong.obj
 0001:00015bb0       ?Size@AAbortRQ@@QAEIXZ     00416bb0 f   dicom:cong.obj
 0001:00015bc0       ?ReadBinary@MemoryBuffer@@UAEHPAEI@Z 00416bc0 f   dicom:cong.obj
 0001:00015c20       ?SendBinary@MemoryBuffer@@UAEHPAEI@Z 00416c20 f   dicom:cong.obj
 0001:00015c30       ?GetOutgoingSize@LinkedBuffer@@QAEIXZ 00416c30 f   dicom:cong.obj
 0001:00015c40       ?GetIncomingSize@LinkedBuffer@@QAEIXZ 00416c40 f   dicom:cong.obj
 0001:00015c50       ?CanYouHandleTransferSyntax@PDU_Service@@UAEHAAVTransferSyntax@@@Z 00416c50 f   dicom:cong.obj
 0001:00015c80       ?SetApplicationContext@PDU_Service@@UAEHAAVUID@@@Z 00416c80 f   dicom:cong.obj
 0001:00015cd0       ?GetLocalAddress@PDU_Service@@UAEHPAE@Z 00416cd0 f   dicom:cong.obj
 0001:00015d10       ?GetRemoteAddress@PDU_Service@@UAEHPAE@Z 00416d10 f   dicom:cong.obj
 0001:00015d50       ?ImplicitLittleEndian_ParseRawVRIntoDCM@PDU_Service@@MAEHAAVLinkedBuffer@@PAVDICOMObject@@@Z 00416d50 f   dicom:cong.obj
 0001:00015d70       ?ImplicitLittleEndian_ParseDCMIntoRawVR@PDU_Service@@MAEHPAVDICOMObject@@AAVLinkedBuffer@@@Z 00416d70 f   dicom:cong.obj
 0001:00015d90       ?ExplicitLittleEndian_ParseRawVRIntoDCM@PDU_Service@@MAEHAAVLinkedBuffer@@PAVDICOMObject@@@Z 00416d90 f   dicom:cong.obj
 0001:00015db0       ?ExplicitLittleEndian_ParseDCMIntoRawVR@PDU_Service@@MAEHPAVDICOMObject@@AAVLinkedBuffer@@@Z 00416db0 f   dicom:cong.obj
 0001:00015dd0       ?ExplicitBigEndian_ParseRawVRIntoDCM@PDU_Service@@MAEHAAVLinkedBuffer@@PAVDICOMObject@@@Z 00416dd0 f   dicom:cong.obj
 0001:00015df0       ?ExplicitBigEndian_ParseDCMIntoRawVR@PDU_Service@@MAEHPAVDICOMObject@@AAVLinkedBuffer@@@Z 00416df0 f   dicom:cong.obj
 0001:00015e30       ?GetTransferSyntaxUID@PDU_Service@@QAEPADI@Z 00416e30 f   dicom:cong.obj
 0001:00015ea0       ?SwitchEndian@@YAGG@Z      00416ea0 f   dicom:cong.obj
 0001:00015ec0       ?SwitchEndian@@YAII@Z      00416ec0 f   dicom:cong.obj
 0001:00015ee0       ?SwitchEndian@@YAFF@Z      00416ee0 f   dicom:cong.obj
 0001:00015f00       ?SwitchEndian@@YAHH@Z      00416f00 f   dicom:cong.obj
 0001:00015f20       ??4BE_UINT16@@QAEAAV0@AAG@Z 00416f20 f   dicom:cong.obj
 0001:00015f40       ??4BE_UINT16@@QAEAAV0@ABV0@@Z 00416f40 f   dicom:cong.obj
 0001:00015f50       ??4BE_UINT16@@QAEAAV0@ABH@Z 00416f50 f   dicom:cong.obj
 0001:00015f70       ??IBE_UINT16@@QAEPAV0@XZ   00416f70 f   dicom:cong.obj
 0001:00015f80       ??BBE_UINT16@@QAEGXZ       00416f80 f   dicom:cong.obj
 0001:00015fa0       ??0BE_UINT16@@QAE@XZ       00416fa0 f   dicom:cong.obj
 0001:00015fb0       ??0BE_UINT16@@QAE@AAV0@@Z  00416fb0 f   dicom:cong.obj
 0001:00015fc0       ??0BE_UINT16@@QAE@G@Z      00416fc0 f   dicom:cong.obj
 0001:00015fe0       ??0BE_UINT16@@QAE@I@Z      00416fe0 f   dicom:cong.obj
 0001:00016000       ??0BE_UINT16@@QAE@F@Z      00417000 f   dicom:cong.obj
 0001:00016020       ??0BE_UINT16@@QAE@H@Z      00417020 f   dicom:cong.obj
 0001:00016040       ??4BE_UINT32@@QAEAAV0@AAI@Z 00417040 f   dicom:cong.obj
 0001:00016070       ??4BE_UINT32@@QAEAAV0@ABV0@@Z 00417070 f   dicom:cong.obj
 0001:00016080       ??4BE_UINT32@@QAEAAV0@ABH@Z 00417080 f   dicom:cong.obj
 0001:000160b0       ??IBE_UINT32@@QAEPAV0@XZ   004170b0 f   dicom:cong.obj
 0001:000160c0       ??BBE_UINT32@@QAEIXZ       004170c0 f   dicom:cong.obj
 0001:000160e0       ??0BE_UINT32@@QAE@XZ       004170e0 f   dicom:cong.obj
 0001:000160f0       ??0BE_UINT32@@QAE@AAV0@@Z  004170f0 f   dicom:cong.obj
 0001:00016100       ??0BE_UINT32@@QAE@G@Z      00417100 f   dicom:cong.obj
 0001:00016130       ??0BE_UINT32@@QAE@I@Z      00417130 f   dicom:cong.obj
 0001:00016160       ??0BE_UINT32@@QAE@F@Z      00417160 f   dicom:cong.obj
 0001:00016190       ??0BE_UINT32@@QAE@H@Z      00417190 f   dicom:cong.obj
 0001:000161c0       ??4BE_INT16@@QAEAAV0@AAF@Z 004171c0 f   dicom:cong.obj
 0001:000161e0       ??4BE_INT16@@QAEAAV0@ABV0@@Z 004171e0 f   dicom:cong.obj
 0001:000161f0       ??4BE_INT16@@QAEAAV0@ABH@Z 004171f0 f   dicom:cong.obj
 0001:00016210       ??IBE_INT16@@QAEPAV0@XZ    00417210 f   dicom:cong.obj
 0001:00016220       ??BBE_INT16@@QAEFXZ        00417220 f   dicom:cong.obj
 0001:00016240       ??0BE_INT16@@QAE@XZ        00417240 f   dicom:cong.obj
 0001:00016250       ??0BE_INT16@@QAE@AAV0@@Z   00417250 f   dicom:cong.obj
 0001:00016260       ??0BE_INT16@@QAE@G@Z       00417260 f   dicom:cong.obj
 0001:00016280       ??0BE_INT16@@QAE@I@Z       00417280 f   dicom:cong.obj
 0001:000162a0       ??0BE_INT16@@QAE@F@Z       004172a0 f   dicom:cong.obj
 0001:000162c0       ??0BE_INT16@@QAE@H@Z       004172c0 f   dicom:cong.obj
 0001:000162e0       ??4BE_INT32@@QAEAAV0@AAH@Z 004172e0 f   dicom:cong.obj
 0001:00016310       ??4BE_INT32@@QAEAAV0@ABV0@@Z 00417310 f   dicom:cong.obj
 0001:00016320       ??4BE_INT32@@QAEAAV0@ABH@Z 00417320 f   dicom:cong.obj
 0001:00016350       ??IBE_INT32@@QAEPAV0@XZ    00417350 f   dicom:cong.obj
 0001:00016360       ??BBE_INT32@@QAEHXZ        00417360 f   dicom:cong.obj
 0001:00016380       ??0BE_INT32@@QAE@XZ        00417380 f   dicom:cong.obj
 0001:00016390       ??0BE_INT32@@QAE@AAV0@@Z   00417390 f   dicom:cong.obj
 0001:000163a0       ??0BE_INT32@@QAE@G@Z       004173a0 f   dicom:cong.obj
 0001:000163d0       ??0BE_INT32@@QAE@I@Z       004173d0 f   dicom:cong.obj
 0001:00016400       ??0BE_INT32@@QAE@F@Z       00417400 f   dicom:cong.obj
 0001:00016430       ??0BE_INT32@@QAE@H@Z       00417430 f   dicom:cong.obj
 0001:00016460       ?uniq@@YAIXZ               00417460 f   dicom:cong.obj
 0001:00016480       ?uniq32@@YAIXZ             00417480 f   dicom:cong.obj
 0001:000164a0       ?uniq16@@YAGXZ             004174a0 f   dicom:cong.obj
 0001:000164c0       ?uniq8@@YAEXZ              004174c0 f   dicom:cong.obj
 0001:000164e0       ?uniq8odd@@YAEXZ           004174e0 f   dicom:cong.obj
 0001:00016500       ?uniq16odd@@YAGXZ          00417500 f   dicom:cong.obj
 0001:00016520       ?Hex2Dec@@YAGD@Z           00417520 f   dicom:cong.obj
 0001:00016560       ?secofday@@YAIPAUtm@@@Z    00417560 f   dicom:cong.obj
 0001:00016590       ?SpaceMem@@YAHPAEI@Z       00417590 f   dicom:cong.obj
 0001:000165b0       ?strcpylim@@YAPADPADPBDI@Z 004175b0 f   dicom:cong.obj
 0001:000165f0       ?strcpysplim@@YAPADPADPBDI@Z 004175f0 f   dicom:cong.obj
 0001:00016630       ?streq@@YAHPBD0@Z          00417630 f   dicom:cong.obj
 0001:00016680       ?strneq@@YAHPBD0I@Z        00417680 f   dicom:cong.obj
 0001:000166d0       ?strieq@@YAHPBD0@Z         004176d0 f   dicom:cong.obj
 0001:00016740       ?strnieq@@YAHPBD0I@Z       00417740 f   dicom:cong.obj
 0001:000167b0       ?strileq@@YAHPBD0@Z        004177b0 f   dicom:cong.obj
 0001:00016810       ?strnileq@@YAHPBD0I@Z      00417810 f   dicom:cong.obj
 0001:00016880       ?strnlen32@@YAHPBDI@Z      00417880 f   dicom:cong.obj
 0001:000168c0       ?strnlen32u@@YAIPBDI@Z     004178c0 f   dicom:cong.obj
 0001:000168f0       ?strnlenint@@YAHPBDI@Z     004178f0 f   dicom:cong.obj
 0001:00016930       _strnlen                   00417930 f   dicom:cong.obj
 0001:00016960       ?timeofdayeq@@YAHPAUtm@@0@Z 00417960 f   dicom:cong.obj
 0001:000169d0       ?ZeroMem@@YAHPAEI@Z        004179d0 f   dicom:cong.obj
 0001:000169f0       ?TranslateUIDToVR@@YAPAVVR@@PAVUID@@GG@Z 004179f0 f   dicom:cong.obj
 0001:00016c50       ?SetUID@@YAHAAVUID@@PAVVR@@@Z 00417c50 f   dicom:cong.obj
 0001:00016ce0       ?GetUID@UnknownStorage@@UAEHAAVUID@@@Z 00417ce0 f   dicom:cong.obj
 0001:00016d10       ?ReleaseMemory@CheckedPDU_Service@@QAEHXZ 00417d10 f   dicom:cong.obj
 0001:00016f60       ?InitializeFrom@CheckedPDU_Service@@QAEHPAD@Z 00417f60 f   dicom:cong.obj
 0001:00017b30       ?ShouldIAcceptRemoteApTitle@CheckedPDU_Service@@EAEHPAE@Z 00418b30 f   dicom:cong.obj
 0001:00017c50       ?ShouldIAcceptLocalApTitle@CheckedPDU_Service@@EAEHPAE@Z 00418c50 f   dicom:cong.obj
 0001:00017d70       ?OpenForRead@FileBuffer@@QAEHPAD@Z 00418d70 f   dicom:cong.obj
 0001:00017da0       ?OpenForWrite@FileBuffer@@QAEHPAD@Z 00418da0 f   dicom:cong.obj
 0001:00017dd0       ?Close@FileBuffer@@QAEHXZ  00418dd0 f   dicom:cong.obj
 0001:00017df0       ?SendBinary@FileBuffer@@UAEHPAEI@Z 00418df0 f   dicom:cong.obj
 0001:00017e10       ?ReadBinary@FileBuffer@@UAEHPAEI@Z 00418e10 f   dicom:cong.obj
 0001:00017e50       ?Pack@@YAHEEAAG@Z          00418e50 f   dicom:cong.obj
 0001:00017e70       ?Pack@@YAHGAAE0@Z          00418e70 f   dicom:cong.obj
 0001:00017fc0       ?GetFileName@ACRNemaMap@@QAEPBDXZ 00418fc0 f   dicom:cong.obj
 0001:00017fd0       ?getItemNotEnd@ACRNemaMap@@AAEHPADPAPADI@Z 00418fd0 f   dicom:cong.obj
 0001:00018070       ?iswhitespacea@ACRNemaMap@@AAEHD@Z 00419070 f   dicom:cong.obj
 0001:000180d0       ?wildIPCheck@ACRNemaMap@@AAEXPADPBD0@Z 004190d0 f   dicom:cong.obj
 0001:000181c0       ?to_char_type@?$char_traits@D@std@@SADABH@Z 004191c0 f i dicom:cong.obj
 0001:000181d0       ?_Getctype@_Locinfo@std@@QBE?AU_Ctypevec@@XZ 004191d0 f i dicom:cong.obj
 0001:00018200       ??0locale@std@@QAE@XZ      00419200 f i dicom:cong.obj
 0001:00018220       ??0codecvt_base@std@@QAE@I@Z 00419220 f i dicom:cong.obj
 0001:00018280       ?always_noconv@codecvt_base@std@@QBE_NXZ 00419280 f i dicom:cong.obj
 0001:00018290       ??1codecvt_base@std@@UAE@XZ 00419290 f i dicom:cong.obj
 0001:000182e0       ?do_always_noconv@codecvt_base@std@@MBE_NXZ 004192e0 f i dicom:cong.obj
 0001:000182f0       ?do_max_length@codecvt_base@std@@MBEHXZ 004192f0 f i dicom:cong.obj
 0001:00018300       ?do_encoding@codecvt_base@std@@MBEHXZ 00419300 f i dicom:cong.obj
 0001:00018310       ??_Ecodecvt_base@std@@UAEPAXI@Z 00419310 f i dicom:cong.obj
 0001:00018310       ??_Gcodecvt_base@std@@UAEPAXI@Z 00419310 f i dicom:cong.obj
 0001:00018380       ??0ctype_base@std@@QAE@I@Z 00419380 f i dicom:cong.obj
 0001:000183e0       ??1ctype_base@std@@UAE@XZ  004193e0 f i dicom:cong.obj
 0001:00018430       ??_Gctype_base@std@@UAEPAXI@Z 00419430 f i dicom:cong.obj
 0001:00018430       ??_Ectype_base@std@@UAEPAXI@Z 00419430 f i dicom:cong.obj
 0001:000184a0       ?is@?$ctype@D@std@@QBE_NFD@Z 004194a0 f i dicom:cong.obj
 0001:000184c0       ?widen@?$ctype@D@std@@QBEDD@Z 004194c0 f i dicom:cong.obj
 0001:000184d0       ?_Init@?$ctype@D@std@@IAEXABV_Locinfo@2@@Z 004194d0 f i dicom:cong.obj
 0001:00018510       ?_Tidy@?$ctype@D@std@@IAEXXZ 00419510 f i dicom:cong.obj
 0001:00018540       ??1ios_base@std@@UAE@XZ    00419540 f i dicom:cong.obj
 0001:00018550       ??0ios_base@std@@IAE@XZ    00419550 f i dicom:cong.obj
 0001:00018560       ??_Eios_base@std@@UAEPAXI@Z 00419560 f i dicom:cong.obj
 0001:00018560       ??_Gios_base@std@@UAEPAXI@Z 00419560 f i dicom:cong.obj
 0001:00018590       ?commentSize@@YAHPBDH@Z    00419590 f   dicom:cong.obj
 0001:000185d0       ?GetSize@?$Array@PAVBufferSpace@@@@QAEIXZ 004195d0 f i dicom:cong.obj
 0001:000185e0       ??0?$Array@PAVBufferSpace@@@@QAE@XZ 004195e0 f i dicom:cong.obj
 0001:00018610       ?GetSize@?$Array@PAVVR@@@@QAEIXZ 00419610 f i dicom:cong.obj
 0001:00018620       ??0?$Array@PAVVR@@@@QAE@XZ 00419620 f i dicom:cong.obj
 0001:00018650       ?GetSize@?$Array@PAVVRGroupPQueue@@@@QAEIXZ 00419650 f i dicom:cong.obj
 0001:00018660       ??0?$Array@PAVVRGroupPQueue@@@@QAE@XZ 00419660 f i dicom:cong.obj
 0001:00018690       ?Clear@?$Array@VTransferSyntax@@@@QAEHXZ 00419690 f i dicom:cong.obj
 0001:000186b0       ??0?$Array@VTransferSyntax@@@@QAE@XZ 004196b0 f i dicom:cong.obj
 0001:000186e0       ??0?$Array@VTransferSyntax@@@@QAE@ABV0@@Z 004196e0 f i dicom:cong.obj
 0001:00018720       ??0?$Array@VPresentationContext@@@@QAE@XZ 00419720 f i dicom:cong.obj
 0001:00018750       ??4?$Array@VPresentationContext@@@@QAEABV0@AAV0@@Z 00419750 f i dicom:cong.obj
 0001:00018780       ??0?$Array@VPresentationContextAccept@@@@QAE@XZ 00419780 f i dicom:cong.obj
 0001:000187b0       ??4?$Array@VPresentationContextAccept@@@@QAEABV0@AAV0@@Z 004197b0 f i dicom:cong.obj
 0001:000187e0       ?GetSize@?$Array@VAbstractSyntax@@@@QAEIXZ 004197e0 f i dicom:cong.obj
 0001:000187f0       ??0?$Array@VAbstractSyntax@@@@QAE@XZ 004197f0 f i dicom:cong.obj
 0001:00018820       ?GetSize@?$Array@PAVDICOMObject@@@@QAEIXZ 00419820 f i dicom:cong.obj
 0001:00018830       ??0?$Array@PAVDICOMObject@@@@QAE@XZ 00419830 f i dicom:cong.obj
 0001:00018860       ?Get@?$FixedArray@IU_RTCElement@@@@QAEAAU_RTCElement@@H@Z 00419860 f i dicom:cong.obj
 0001:00018870       ?GetSize@?$FixedArray@IU_RTCElement@@@@QAEIXZ 00419870 f i dicom:cong.obj
 0001:00018880       ?GetSize@?$Array@U_RTCElement@@@@QAEIXZ 00419880 f i dicom:cong.obj
 0001:00018890       ??0?$Array@U_RTCElement@@@@QAE@XZ 00419890 f i dicom:cong.obj
 0001:000188c0       ?GetSize@?$Array@PAU_ACRNemaAddress@@@@QAEIXZ 004198c0 f i dicom:cong.obj
 0001:000188d0       ??0?$Array@PAU_ACRNemaAddress@@@@QAE@XZ 004198d0 f i dicom:cong.obj
 0001:00018900       ??1?$basic_ios@DU?$char_traits@D@std@@@std@@UAE@XZ 00419900 f i dicom:cong.obj
 0001:00018960       ??1?$basic_istream@DU?$char_traits@D@std@@@std@@UAE@XZ 00419960 f i dicom:cong.obj
 0001:00018970       ?gcount@?$basic_istream@DU?$char_traits@D@std@@@std@@QBEHXZ 00419970 f i dicom:cong.obj
 0001:00018980       ??Bsentry@?$basic_istream@DU?$char_traits@D@std@@@std@@QBE_NXZ 00419980 f i dicom:cong.obj
 0001:00018990       ??0?$fpos@H@std@@QAE@J@Z   00419990 f i dicom:cong.obj
 0001:000189b0       ??B?$fpos@H@std@@QBEJXZ    004199b0 f i dicom:cong.obj
 0001:000189c0       ??_E?$basic_ios@DU?$char_traits@D@std@@@std@@UAEPAXI@Z 004199c0 f i dicom:cong.obj
 0001:000189c0       ??_G?$basic_ios@DU?$char_traits@D@std@@@std@@UAEPAXI@Z 004199c0 f i dicom:cong.obj
 0001:000189e0       ??_Glocale@std@@QAEPAXI@Z  004199e0 f i dicom:cong.obj
 0001:00018a20       ??_D?$basic_istream@DU?$char_traits@D@std@@@std@@QAEXXZ 00419a20 f i dicom:cong.obj
 0001:00018a40       ??0?$basic_ios@DU?$char_traits@D@std@@@std@@IAE@XZ 00419a40 f i dicom:cong.obj
 0001:00018aa0       ?pubseekoff@?$basic_streambuf@DU?$char_traits@D@std@@@std@@QAE?AV?$fpos@H@2@JHH@Z 00419aa0 f i dicom:cong.obj
 0001:00018ad0       ?gptr@?$basic_streambuf@DU?$char_traits@D@std@@@std@@IBEPADXZ 00419ad0 f i dicom:cong.obj
 0001:00018ae0       ?setg@?$basic_streambuf@DU?$char_traits@D@std@@@std@@IAEXPAD00@Z 00419ae0 f i dicom:cong.obj
 0001:00018b00       ?_Gninc@?$basic_streambuf@DU?$char_traits@D@std@@@std@@IAEPADXZ 00419b00 f i dicom:cong.obj
 0001:00018b20       ?_Gnpreinc@?$basic_streambuf@DU?$char_traits@D@std@@@std@@IAEPADXZ 00419b20 f i dicom:cong.obj
 0001:00018b40       ?_Gnavail@?$basic_streambuf@DU?$char_traits@D@std@@@std@@IBEHXZ 00419b40 f i dicom:cong.obj
 0001:00018b60       ?is_open@?$basic_filebuf@DU?$char_traits@D@std@@@std@@QBE_NXZ 00419b60 f i dicom:cong.obj
 0001:00018b70       ?getloc@?$basic_streambuf@DU?$char_traits@D@std@@@std@@QBE?AVlocale@2@XZ 00419b70 f i dicom:cong.obj
 0001:00018bd0       ?_Sgetn_s@?$basic_streambuf@DU?$char_traits@D@std@@@std@@QAEHPADIH@Z 00419bd0 f i dicom:cong.obj
 0001:00018be0       ?_Init@?$basic_streambuf@DU?$char_traits@D@std@@@std@@IAEXPAPAD0PAH001@Z 00419be0 f i dicom:cong.obj
 0001:00018c10       ??D?$_String_const_iterator@DU?$char_traits@D@std@@V?$allocator@D@2@@std@@QBEABDXZ 00419c10 f i dicom:cong.obj
 0001:00018c50       ?unshift@?$codecvt@DDH@std@@QBEHAAHPAD1AAPAD@Z 00419c50 f i dicom:cong.obj
 0001:00018c60       ?setp@?$basic_streambuf@DU?$char_traits@D@std@@@std@@IAEXPAD0@Z 00419c60 f i dicom:cong.obj
 0001:00018c80       ??0?$_Ranit_base@DHPBDABDU_Iterator_base@std@@@std@@QAE@XZ 00419c80 f i dicom:cong.obj
 0001:00018c90       ?Get@?$Array@PAVBufferSpace@@@@QAEAAPAVBufferSpace@@I@Z 00419c90 f i dicom:cong.obj
 0001:00018d10       ?RemoveAt@?$Array@PAVBufferSpace@@@@QAEHI@Z 00419d10 f i dicom:cong.obj
 0001:00018da0       ??1?$Array@PAVBufferSpace@@@@UAE@XZ 00419da0 f i dicom:cong.obj
 0001:00018e30       ?Get@?$Array@PAVVR@@@@QAEAAPAVVR@@I@Z 00419e30 f i dicom:cong.obj
 0001:00018eb0       ?RemoveAt@?$Array@PAVVR@@@@QAEHI@Z 00419eb0 f i dicom:cong.obj
 0001:00018f40       ??1?$Array@PAVVR@@@@UAE@XZ 00419f40 f i dicom:cong.obj
 0001:00018fd0       ?Pop@?$PQueueOfPtr@PAVVR@@@@QAEAAPAVVR@@XZ 00419fd0 f i dicom:cong.obj
 0001:00019110       ?Get@?$Array@PAVVRGroupPQueue@@@@QAEAAPAVVRGroupPQueue@@I@Z 0041a110 f i dicom:cong.obj
 0001:00019190       ?RemoveAt@?$Array@PAVVRGroupPQueue@@@@QAEHI@Z 0041a190 f i dicom:cong.obj
 0001:00019220       ??1?$Array@PAVVRGroupPQueue@@@@UAE@XZ 0041a220 f i dicom:cong.obj
 0001:000192b0       ?Pop@?$PQueueOfPtr@PAVVRGroupPQueue@@@@QAEAAPAVVRGroupPQueue@@XZ 0041a2b0 f i dicom:cong.obj
 0001:00019400       ??0?$Array@VPresentationContext@@@@QAE@I@Z 0041a400 f i dicom:cong.obj
 0001:00019430       ??0?$Array@VPresentationContextAccept@@@@QAE@I@Z 0041a430 f i dicom:cong.obj
 0001:00019460       ?Get@?$Array@VAbstractSyntax@@@@QAEAAVAbstractSyntax@@I@Z 0041a460 f i dicom:cong.obj
 0001:000194e0       ?Get@?$Array@PAVDICOMObject@@@@QAEAAPAVDICOMObject@@I@Z 0041a4e0 f i dicom:cong.obj
 0001:00019560       ?RemoveAt@?$Array@PAVDICOMObject@@@@QAEHI@Z 0041a560 f i dicom:cong.obj
 0001:000195f0       ??1?$Array@PAVDICOMObject@@@@UAE@XZ 0041a5f0 f i dicom:cong.obj
 0001:00019680       ??0?$FixedArray@IU_RTCElement@@@@QAE@IH@Z 0041a680 f i dicom:cong.obj
 0001:000196e0       ??1?$FixedArray@IU_RTCElement@@@@QAE@XZ 0041a6e0 f i dicom:cong.obj
 0001:00019710       ?Add@?$FixedArray@IU_RTCElement@@@@QAEAAU_RTCElement@@AAIAAU2@@Z 0041a710 f i dicom:cong.obj
 0001:00019770       ?IndexOf@?$FixedArray@IU_RTCElement@@@@QAEHAAI@Z 0041a770 f i dicom:cong.obj
 0001:00019830       ?Get@?$Array@U_RTCElement@@@@QAEAAU_RTCElement@@I@Z 0041a830 f i dicom:cong.obj
 0001:000198b0       ?RemoveAt@?$Array@U_RTCElement@@@@QAEHI@Z 0041a8b0 f i dicom:cong.obj
 0001:00019940       ??1?$Array@U_RTCElement@@@@UAE@XZ 0041a940 f i dicom:cong.obj
 0001:000199d0       ?Get@?$Array@PAU_ACRNemaAddress@@@@QAEAAPAU_ACRNemaAddress@@I@Z 0041a9d0 f i dicom:cong.obj
 0001:00019a50       ?ReplaceAt@?$Array@PAU_ACRNemaAddress@@@@QAEAAPAU_ACRNemaAddress@@AAPAU2@I@Z 0041aa50 f i dicom:cong.obj
 0001:00019af0       ?RemoveAt@?$Array@PAU_ACRNemaAddress@@@@QAEHI@Z 0041aaf0 f i dicom:cong.obj
 0001:00019b80       ??1?$Array@PAU_ACRNemaAddress@@@@UAE@XZ 0041ab80 f i dicom:cong.obj
 0001:00019c10       ??1?$DataLink@VPresentationContextAccept@@@@QAE@XZ 0041ac10 f i dicom:cong.obj
 0001:00019c20       ??1?$DataLink@VAbstractSyntax@@@@QAE@XZ 0041ac20 f i dicom:cong.obj
 0001:00019c30       ??0?$DataLink@PAVBufferSpace@@@@QAE@XZ 0041ac30 f i dicom:cong.obj
 0001:00019c40       ??0?$DataLink@PAVVRGroupPQueue@@@@QAE@XZ 0041ac40 f i dicom:cong.obj
 0001:00019c50       ??0?$DataLink@PAVDICOMObject@@@@QAE@XZ 0041ac50 f i dicom:cong.obj
 0001:00019c60       ??0?$Array@V?$FixedArrayElement@IU_RTCElement@@@@@@QAE@XZ 0041ac60 f i dicom:cong.obj
 0001:00019c90       ??0?$DataLink@U_RTCElement@@@@QAE@XZ 0041ac90 f i dicom:cong.obj
 0001:00019ca0       ??0?$DataLink@PAU_ACRNemaAddress@@@@QAE@XZ 0041aca0 f i dicom:cong.obj
 0001:00019cb0       ?_Init@?$codecvt@DDH@std@@IAEXABV_Locinfo@2@@Z 0041acb0 f i dicom:cong.obj
 0001:00019cc0       ??1?$DataLink@VTransferSyntax@@@@QAE@XZ 0041acc0 f i dicom:cong.obj
 0001:00019cd0       ??0?$DataLink@PAVVR@@@@QAE@XZ 0041acd0 f i dicom:cong.obj
 0001:00019ce0       ??O?$FixedArrayElement@IU_RTCElement@@@@QAEIAAV0@@Z 0041ace0 f i dicom:cong.obj
 0001:00019cf0       ??M?$FixedArrayElement@IU_RTCElement@@@@QAEIAAV0@@Z 0041acf0 f i dicom:cong.obj
 0001:00019d00       ?GetSize@?$Array@V?$FixedArrayElement@IU_RTCElement@@@@@@QAEIXZ 0041ad00 f i dicom:cong.obj
 0001:00019d10       ?Get@?$Array@V?$FixedArrayElement@IU_RTCElement@@@@@@QAEAAV?$FixedArrayElement@IU_RTCElement@@@@I@Z 0041ad10 f i dicom:cong.obj
 0001:00019d90       ?RemoveAt@?$Array@V?$FixedArrayElement@IU_RTCElement@@@@@@QAEHI@Z 0041ad90 f i dicom:cong.obj
 0001:00019e20       ??0?$DataLink@V?$FixedArrayElement@IU_RTCElement@@@@@@QAE@XZ 0041ae20 f i dicom:cong.obj
 0001:00019e30       ??0?$PQueueOfPtr@PAVVR@@@@QAE@XZ 0041ae30 f i dicom:cong.obj
 0001:00019ea0       ??1?$PQueueOfPtr@PAVVR@@@@UAE@XZ 0041aea0 f i dicom:cong.obj
[...]
 0003:000021c0       ??_R0?AVpDNameNode@@@8     0048e1c0     LIBCMT:undname.obj
 0003:000021dc       ??_R0?AVDNameStatusNode@@@8 0048e1dc     LIBCMT:undname.obj
 0003:000021fc       ??_R0?AVpcharNode@@@8      0048e1fc     LIBCMT:undname.obj
 0003:00002220       __timezone                 0048e220     LIBCMT:timeset.obj
 0003:00002224       __daylight                 0048e224     LIBCMT:timeset.obj
 0003:00002228       __dstbias                  0048e228     LIBCMT:timeset.obj
 0003:000022b0       __tzname                   0048e2b0     LIBCMT:timeset.obj
 0003:000022b8       __lpdays                   0048e2b8     LIBCMT:days.obj
 0003:000022ec       __days                     0048e2ec     LIBCMT:days.obj
 0003:00002374       __coninpfh                 0048e374     LIBCMT:initcon.obj
 0003:00002378       __confh                    0048e378     LIBCMT:initcon.obj
 0003:00002380       __pow10pos                 0048e380     LIBCMT:constpow.obj
 0003:000024e0       __pow10neg                 0048e4e0     LIBCMT:constpow.obj
 0003:00002d40       ?_Psave@?$_Facetptr@V?$num_put@DV?$ostreambuf_iterator@DU?$char_traits@D@std@@@std@@@std@@@std@@2PBVfacet@locale@2@B 0048ed40     dicomp.obj
 0003:00002d44       ?_Psave@?$_Facetptr@V?$numpunct@D@std@@@std@@2PBVfacet@locale@2@B 0048ed44     dicomp.obj
 0003:00002d48       ?id@?$num_put@DV?$ostreambuf_iterator@DU?$char_traits@D@std@@@std@@@std@@2V0locale@2@A 0048ed48     dicomp.obj
 0003:00002d4c       ?id@?$numpunct@D@std@@2V0locale@2@A 0048ed4c     dicomp.obj
 0003:00002ee4       ?DicomErrorHandler@@3P6AXHPBDH@ZA 0048eee4     dicom:cong.obj
 0003:00002ee8       ?_Stinit@?1??_Init@?$basic_filebuf@DU?$char_traits@D@std@@@std@@IAEXPAU_iobuf@@W4_Initfl@23@@Z@4HA 0048eee8     dicom:cong.obj
 0003:00002eec       ?_Psave@?$_Facetptr@V?$ctype@D@std@@@std@@2PBVfacet@locale@2@B 0048eeec     dicom:cong.obj
 0003:00002ef0       ?_Psave@?$_Facetptr@V?$codecvt@DDH@std@@@std@@2PBVfacet@locale@2@B 0048eef0     dicom:cong.obj
 0003:00002ef4       ?id@?$codecvt@DDH@std@@2V0locale@2@A 0048eef4     dicom:cong.obj
 0003:00002f64       ?_Clocptr@_Locimp@locale@std@@0PAV123@A 0048ef64     libcpmt:locale0.obj
 0003:00002f68       ?_Id_cnt@id@locale@std@@0HA 0048ef68     libcpmt:locale0.obj
 0003:00002f6c       ?id@?$ctype@D@std@@2V0locale@2@A 0048ef6c     libcpmt:locale0.obj
 0003:00002f70       ?id@?$codecvt@GDH@std@@2V0locale@2@A 0048ef70     libcpmt:locale0.obj
 0003:00002f74       ?id@?$ctype@_W@std@@2V0locale@2@A 0048ef74     libcpmt:locale0.obj
 0003:00002f78       ?id@?$codecvt@_WDH@std@@2V0locale@2@A 0048ef78     libcpmt:locale0.obj
 0003:00002f80       ?id@?$ctype@G@std@@2V0locale@2@A 0048ef80     libcpmt:locale0.obj
 0003:00002fd8       ?cerr@std@@3V?$basic_ostream@DU?$char_traits@D@std@@@1@A 0048efd8     libcpmt:cerr.obj
 0003:00003018       ?_Fpz@std@@3_JA            0048f018     libcpmt:ios.obj
 0003:00003020       ?_Index@ios_base@std@@0HA  0048f020     libcpmt:ios.obj
 0003:00003150       ?_Ptr_cin@std@@3PAV?$basic_istream@DU?$char_traits@D@std@@@1@A 0048f150     libcpmt:iosptrs.obj
 0003:00003154       ?_Ptr_cout@std@@3PAV?$basic_ostream@DU?$char_traits@D@std@@@1@A 0048f154     libcpmt:iosptrs.obj
 0003:00003158       ?_Ptr_cerr@std@@3PAV?$basic_ostream@DU?$char_traits@D@std@@@1@A 0048f158     libcpmt:iosptrs.obj
 0003:0000315c       ?_Ptr_clog@std@@3PAV?$basic_ostream@DU?$char_traits@D@std@@@1@A 0048f15c     libcpmt:iosptrs.obj
 0003:00003160       ?_Ptr_wcin@std@@3PAV?$basic_istream@_WU?$char_traits@_W@std@@@1@A 0048f160     libcpmt:iosptrs.obj
 0003:00003164       ?_Ptr_wcout@std@@3PAV?$basic_ostream@_WU?$char_traits@_W@std@@@1@A 0048f164     libcpmt:iosptrs.obj
 0003:00003168       ?_Ptr_wcerr@std@@3PAV?$basic_ostream@_WU?$char_traits@_W@std@@@1@A 0048f168     libcpmt:iosptrs.obj
 0003:0000316c       ?_Ptr_wclog@std@@3PAV?$basic_ostream@_WU?$char_traits@_W@std@@@1@A 0048f16c     libcpmt:iosptrs.obj
 0003:0000319c       __cflush                   0048f19c     LIBCMT:_file.obj
 0003:000031b4       ___lconv_static_null       0048f1b4     LIBCMT:lconv.obj
 0003:000031b8       ___pInvalidArgHandler      0048f1b8     LIBCMT:invarg.obj
 0003:000031bc       ___fastflag                0048f1bc     LIBCMT:fpinit.obj
 0003:000031c0       __adjust_fdiv              0048f1c0     LIBCMT:fpinit.obj
 0003:000031c4       __aenvptr                  0048f1c4     LIBCMT:crt0.obj
 0003:000031c8       __wenvptr                  0048f1c8     LIBCMT:crt0.obj
 0003:000031cc       ___error_mode              0048f1cc     LIBCMT:crt0.obj
 0003:000031d0       ___locale_changed          0048f1d0     LIBCMT:setlocal.obj
 0003:000031d8       __maxwait                  0048f1d8     LIBCMT:crtheap.obj
 0003:000031dc       __umaskval                 0048f1dc     LIBCMT:crt0dat.obj
 0003:000031e0       __osplatform               0048f1e0     LIBCMT:crt0dat.obj
 0003:000031e4       __osver                    0048f1e4     LIBCMT:crt0dat.obj
 0003:000031e8       __winver                   0048f1e8     LIBCMT:crt0dat.obj
 0003:000031ec       __winmajor                 0048f1ec     LIBCMT:crt0dat.obj
 0003:000031f0       __winminor                 0048f1f0     LIBCMT:crt0dat.obj
 0003:000031f4       ___argc                    0048f1f4     LIBCMT:crt0dat.obj
 0003:000031f8       ___argv                    0048f1f8     LIBCMT:crt0dat.obj
 0003:000031fc       ___wargv                   0048f1fc     LIBCMT:crt0dat.obj
 0003:00003200       __environ                  0048f200     LIBCMT:crt0dat.obj
 0003:00003204       ___initenv                 0048f204     LIBCMT:crt0dat.obj
 0003:00003208       __wenviron                 0048f208     LIBCMT:crt0dat.obj
 0003:0000320c       ___winitenv                0048f20c     LIBCMT:crt0dat.obj
 0003:00003210       __pgmptr                   0048f210     LIBCMT:crt0dat.obj
 0003:00003214       __wpgmptr                  0048f214     LIBCMT:crt0dat.obj
 0003:00003218       __exitflag                 0048f218     LIBCMT:crt0dat.obj
 0003:0000321c       __C_Termination_Done       0048f21c     LIBCMT:crt0dat.obj
 0003:00003220       __C_Exit_Done              0048f220     LIBCMT:crt0dat.obj
 0003:00003224       __stdbuf                   0048f224     LIBCMT:_sftbuf.obj
 0003:000036a4       _gpFlsAlloc                0048f6a4     LIBCMT:tidtable.obj
 0003:000036a8       _gpFlsGetValue             0048f6a8     LIBCMT:tidtable.obj
 0003:000036ac       _gpFlsSetValue             0048f6ac     LIBCMT:tidtable.obj
 0003:000036b0       _gpFlsFree                 0048f6b0     LIBCMT:tidtable.obj
 0003:000036b4       ?__pInconsistency@@3P6AXXZA 0048f6b4     LIBCMT:hooks.obj
 0003:000039dc       ___pPurecall               0048f9dc     LIBCMT:inithelp.obj
 0003:000039e0       ?_pnhHeap@@3P6AHI@ZA       0048f9e0     LIBCMT:handler.obj
 0003:000039e4       ___lc_handle               0048f9e4     LIBCMT:nlsdata2.obj
 0003:000039fc       ___lc_codepage             0048f9fc     LIBCMT:nlsdata2.obj
 0003:00003a00       ___lc_collate_cp           0048fa00     LIBCMT:nlsdata2.obj
 0003:00003b14       __crtheap                  0048fb14     LIBCMT:heapinit.obj
 0003:00003b34       ___sbh_pHeaderDefer        0048fb34     LIBCMT:sbheap.obj
 0003:00003b38       __newmode                  0048fb38     LIBCMT:_newmode.obj
 0003:00003b44       ___mbulinfo                0048fb44     LIBCMT:mbctype.obj
 0003:00003b50       ___mbcodepage              0048fb50     LIBCMT:mbctype.obj
 0003:00003b54       ___ismbcodepage            0048fb54     LIBCMT:mbctype.obj
 0003:00003b58       ___mblcid                  0048fb58     LIBCMT:mbctype.obj
 0003:00003b8c       ?pArgList@UnDecorator@@0PAVReplicator@@A 0048fb8c     LIBCMT:undname.obj
 0003:00003b90       ?pZNameList@UnDecorator@@0PAVReplicator@@A 0048fb90     LIBCMT:undname.obj
 0003:00003b94       ?pTemplateArgList@UnDecorator@@0PAVReplicator@@A 0048fb94     LIBCMT:undname.obj
 0003:00003b98       ?gName@UnDecorator@@0PBDB  0048fb98     LIBCMT:undname.obj
 0003:00003b9c       ?name@UnDecorator@@0PBDB   0048fb9c     LIBCMT:undname.obj
 0003:00003ba0       ?outputString@UnDecorator@@0PADA 0048fba0     LIBCMT:undname.obj
 0003:00003ba4       ?maxStringLength@UnDecorator@@0HA 0048fba4     LIBCMT:undname.obj
 0003:00003ba8       ?disableFlags@UnDecorator@@0KA 0048fba8     LIBCMT:undname.obj
 0003:00003bac       ?m_pGetParameter@UnDecorator@@0P6APADJ@ZA 0048fbac     LIBCMT:undname.obj
 0003:00003bb0       ?fExplicitTemplateParams@UnDecorator@@0_NA 0048fbb0     LIBCMT:undname.obj
 0003:00003bb1       ?fGetTemplateArgumentList@UnDecorator@@0_NA 0048fbb1     LIBCMT:undname.obj
 0003:00003bd0       __outputformat             0048fbd0     LIBCMT:outputformat.obj
 0003:00003c90       __commode                  0048fc90     LIBCMT:ncommode.obj
 0003:00003c98       __fmode                    0048fc98     LIBCMT:txtmode.obj
 0003:00003ca4       ___sbh_initialized         0048fca4     <common>
 0003:00003cb8       ___sbh_cntHeaderList       0048fcb8     <common>
 0003:00003cbc       ___sbh_pHeaderList         0048fcbc     <common>
 0003:00003cc0       ___sbh_threshold           0048fcc0     <common>
 0003:00003cc4       ___sbh_pHeaderScan         0048fcc4     <common>
 0003:00003cc8       ___sbh_sizeHeaderList      0048fcc8     <common>
 0003:00003ccc       ___sbh_indGroupDefer       0048fccc     <common>
 0003:00003cd0       ___active_heap             0048fcd0     <common>
 0003:00003cdc       __debugger_hook_dummy      0048fcdc     <common>
 0003:00003ce8       __nhandle                  0048fce8     <common>
 0003:00003d40       ___pioinfo                 0048fd40     <common>
 0003:00003e40       ___use_sse2_mathfcns       0048fe40     <common>
 0003:00003e50       ___sse2_available          0048fe50     <common>
 0003:00003e54       ___env_initialized         0048fe54     <common>
 0003:00003e64       ___onexitend               0048fe64     <common>
 0003:00003e68       ___onexitbegin             0048fe68     <common>
 0003:00003e6c       ___mbctype_initialized     0048fe6c     <common>
 0003:00003e70       ___dyn_tls_init_callback   0048fe70     <common>
 0003:00003e74       ___setlc_active            0048fe74     <common>
 0003:00003e84       ___unguarded_readlc_active 0048fe84     <common>
 0003:00003e88       __acmdln                   0048fe88     <common>
 0003:00003e94       ___piob                    0048fe94     <common>
 0003:000041e0       __bufin                    004901e0     <common>
 0003:000051e0       __nstream                  004911e0     <common>
 0004:00000000       __IMPORT_DESCRIPTOR_WSOCK32 00492000     wsock32:WSOCK32.dll
 0004:00000014       __IMPORT_DESCRIPTOR_KERNEL32 00492014     kernel32:KERNEL32.dll
 0004:00000028       __NULL_IMPORT_DESCRIPTOR   00492028     wsock32:WSOCK32.dll
 0004:00000298       __imp__TlsGetValue@4       00492298     kernel32:KERNEL32.dll
 0004:0000029c       __imp__SetEnvironmentVariableA@8 0049229c     kernel32:KERNEL32.dll
 0004:000002a0       __imp__CompareStringW@24   004922a0     kernel32:KERNEL32.dll
 0004:000002a4       __imp__CompareStringA@24   004922a4     kernel32:KERNEL32.dll
 0004:000002a8       __imp__SetEndOfFile@4      004922a8     kernel32:KERNEL32.dll
 0004:000002ac       __imp__CreateFileW@28      004922ac     kernel32:KERNEL32.dll
 0004:000002b0       __imp__WriteConsoleW@20    004922b0     kernel32:KERNEL32.dll
 0004:000002b4       __imp__GetConsoleOutputCP@0 004922b4     kernel32:KERNEL32.dll
 0004:000002b8       __imp__WriteConsoleA@20    004922b8     kernel32:KERNEL32.dll
 0004:000002bc       __imp__CreateFileA@28      004922bc     kernel32:KERNEL32.dll
 0004:000002c0       __imp__SetStdHandle@8      004922c0     kernel32:KERNEL32.dll
 0004:000002c4       __imp__GetTimeZoneInformation@4 004922c4     kernel32:KERNEL32.dll
 0004:000002c8       __imp__GetLocaleInfoW@16   004922c8     kernel32:KERNEL32.dll
 0004:000002cc       __imp__LoadLibraryA@4      004922cc     kernel32:KERNEL32.dll
 0004:000002d0       __imp__FreeLibrary@4       004922d0     kernel32:KERNEL32.dll
 0004:000002d4       __imp__SetConsoleCtrlHandler@8 004922d4     kernel32:KERNEL32.dll
 0004:000002d8       __imp__IsValidLocale@8     004922d8     kernel32:KERNEL32.dll
 0004:000002dc       __imp__EnumSystemLocalesA@8 004922dc     kernel32:KERNEL32.dll
 0004:000002e0       __imp__GetLocaleInfoA@16   004922e0     kernel32:KERNEL32.dll
 0004:000002e4       __imp__Sleep@4             004922e4     kernel32:KERNEL32.dll
 0004:000002e8       __imp__WideCharToMultiByte@32 004922e8     kernel32:KERNEL32.dll
 0004:000002ec       __imp__InterlockedIncrement@4 004922ec     kernel32:KERNEL32.dll
 0004:000002f0       __imp__InterlockedDecrement@4 004922f0     kernel32:KERNEL32.dll
 0004:000002f4       __imp__InterlockedCompareExchange@12 004922f4     kernel32:KERNEL32.dll
 0004:000002f8       __imp__InterlockedExchange@8 004922f8     kernel32:KERNEL32.dll
 0004:000002fc       __imp__MultiByteToWideChar@24 004922fc     kernel32:KERNEL32.dll
 0004:00000300       __imp__InitializeCriticalSection@4 00492300     kernel32:KERNEL32.dll
 0004:00000304       __imp__DeleteCriticalSection@4 00492304     kernel32:KERNEL32.dll
 0004:00000308       __imp__EnterCriticalSection@4 00492308     kernel32:KERNEL32.dll
 0004:0000030c       __imp__LeaveCriticalSection@4 0049230c     kernel32:KERNEL32.dll
 0004:00000310       __imp__RtlUnwind@16        00492310     kernel32:KERNEL32.dll
 0004:00000314       __imp__RaiseException@16   00492314     kernel32:KERNEL32.dll
 0004:00000318       __imp__TerminateProcess@8  00492318     kernel32:KERNEL32.dll
 0004:0000031c       __imp__GetCurrentProcess@0 0049231c     kernel32:KERNEL32.dll
 0004:00000320       __imp__UnhandledExceptionFilter@4 00492320     kernel32:KERNEL32.dll
 0004:00000324       __imp__SetUnhandledExceptionFilter@4 00492324     kernel32:KERNEL32.dll
 0004:00000328       __imp__IsDebuggerPresent@0 00492328     kernel32:KERNEL32.dll
 0004:0000032c       __imp__GetCommandLineA@0   0049232c     kernel32:KERNEL32.dll
 0004:00000330       __imp__HeapFree@12         00492330     kernel32:KERNEL32.dll
 0004:00000334       __imp__GetVersionExA@4     00492334     kernel32:KERNEL32.dll
 0004:00000338       __imp__HeapAlloc@12        00492338     kernel32:KERNEL32.dll
 0004:0000033c       __imp__GetProcessHeap@0    0049233c     kernel32:KERNEL32.dll
 0004:00000340       __imp__GetSystemTimeAsFileTime@4 00492340     kernel32:KERNEL32.dll
 0004:00000344       __imp__GetLastError@0      00492344     kernel32:KERNEL32.dll
 0004:00000348       __imp__GetCPInfo@8         00492348     kernel32:KERNEL32.dll
 0004:0000034c       __imp__LCMapStringA@24     0049234c     kernel32:KERNEL32.dll
 0004:00000350       __imp__LCMapStringW@24     00492350     kernel32:KERNEL32.dll
 0004:00000354       __imp__GetProcAddress@8    00492354     kernel32:KERNEL32.dll
 0004:00000358       __imp__GetModuleHandleA@4  00492358     kernel32:KERNEL32.dll
 0004:0000035c       __imp__ExitProcess@4       0049235c     kernel32:KERNEL32.dll
 0004:00000360       __imp__SetHandleCount@4    00492360     kernel32:KERNEL32.dll
 0004:00000364       __imp__GetStdHandle@4      00492364     kernel32:KERNEL32.dll
 0004:00000368       __imp__GetFileType@4       00492368     kernel32:KERNEL32.dll
 0004:0000036c       __imp__GetStartupInfoA@4   0049236c     kernel32:KERNEL32.dll
 0004:00000370       __imp__FatalAppExitA@8     00492370     kernel32:KERNEL32.dll
 0004:00000374       __imp__TlsAlloc@0          00492374     kernel32:KERNEL32.dll
 0004:00000378       __imp__TlsSetValue@8       00492378     kernel32:KERNEL32.dll
 0004:0000037c       __imp__TlsFree@4           0049237c     kernel32:KERNEL32.dll
 0004:00000380       __imp__SetLastError@4      00492380     kernel32:KERNEL32.dll
 0004:00000384       __imp__GetCurrentThreadId@0 00492384     kernel32:KERNEL32.dll
 0004:00000388       __imp__GetCurrentThread@0  00492388     kernel32:KERNEL32.dll
 0004:0000038c       __imp__WriteFile@20        0049238c     kernel32:KERNEL32.dll
 0004:00000390       __imp__GetModuleFileNameA@12 00492390     kernel32:KERNEL32.dll
 0004:00000394       __imp__FreeEnvironmentStringsA@4 00492394     kernel32:KERNEL32.dll
 0004:00000398       __imp__GetEnvironmentStrings@0 00492398     kernel32:KERNEL32.dll
 0004:0000039c       __imp__FreeEnvironmentStringsW@4 0049239c     kernel32:KERNEL32.dll
 0004:000003a0       __imp__GetEnvironmentStringsW@0 004923a0     kernel32:KERNEL32.dll
 0004:000003a4       __imp__HeapDestroy@4       004923a4     kernel32:KERNEL32.dll
 0004:000003a8       __imp__HeapCreate@12       004923a8     kernel32:KERNEL32.dll
 0004:000003ac       __imp__VirtualFree@12      004923ac     kernel32:KERNEL32.dll
 0004:000003b0       __imp__QueryPerformanceCounter@4 004923b0     kernel32:KERNEL32.dll
 0004:000003b4       __imp__GetTickCount@0      004923b4     kernel32:KERNEL32.dll
 0004:000003b8       __imp__GetCurrentProcessId@0 004923b8     kernel32:KERNEL32.dll
 0004:000003bc       __imp__VirtualAlloc@16     004923bc     kernel32:KERNEL32.dll
 0004:000003c0       __imp__HeapReAlloc@16      004923c0     kernel32:KERNEL32.dll
 0004:000003c4       __imp__CloseHandle@4       004923c4     kernel32:KERNEL32.dll
 0004:000003c8       __imp__SetFilePointer@16   004923c8     kernel32:KERNEL32.dll
 0004:000003cc       __imp__GetConsoleCP@0      004923cc     kernel32:KERNEL32.dll
 0004:000003d0       __imp__GetConsoleMode@8    004923d0     kernel32:KERNEL32.dll
 0004:000003d4       __imp__ReadFile@20         004923d4     kernel32:KERNEL32.dll
 0004:000003d8       __imp__FlushFileBuffers@4  004923d8     kernel32:KERNEL32.dll
 0004:000003dc       __imp__GetStringTypeA@20   004923dc     kernel32:KERNEL32.dll
 0004:000003e0       __imp__GetStringTypeW@16   004923e0     kernel32:KERNEL32.dll
 0004:000003e4       __imp__HeapSize@12         004923e4     kernel32:KERNEL32.dll
 0004:000003e8       __imp__GetTimeFormatA@24   004923e8     kernel32:KERNEL32.dll
 0004:000003ec       __imp__GetDateFormatA@24   004923ec     kernel32:KERNEL32.dll
 0004:000003f0       __imp__GetACP@0            004923f0     kernel32:KERNEL32.dll
 0004:000003f4       __imp__GetOEMCP@0          004923f4     kernel32:KERNEL32.dll
 0004:000003f8       __imp__IsValidCodePage@4   004923f8     kernel32:KERNEL32.dll
 0004:000003fc       __imp__GetUserDefaultLCID@0 004923fc     kernel32:KERNEL32.dll
 0004:00000400       \177KERNEL32_NULL_THUNK_DATA 00492400     kernel32:KERNEL32.dll
 0004:00000474       __imp__accept@12           00492474     wsock32:WSOCK32.dll
 0004:00000478       __imp__listen@8            00492478     wsock32:WSOCK32.dll
 0004:0000047c       __imp__bind@12             0049247c     wsock32:WSOCK32.dll
 0004:00000480       __imp__WSAGetLastError@0   00492480     wsock32:WSOCK32.dll
 0004:00000484       __imp__recv@16             00492484     wsock32:WSOCK32.dll
 0004:00000488       __imp__send@16             00492488     wsock32:WSOCK32.dll
 0004:0000048c       __imp__select@20           0049248c     wsock32:WSOCK32.dll
 0004:00000490       __imp__socket@12           00492490     wsock32:WSOCK32.dll
 0004:00000494       __imp__setsockopt@20       00492494     wsock32:WSOCK32.dll
 0004:00000498       __imp__connect@12          00492498     wsock32:WSOCK32.dll
 0004:0000049c       __imp__getservbyname@8     0049249c     wsock32:WSOCK32.dll
 0004:000004a0       __imp__htons@4             004924a0     wsock32:WSOCK32.dll
 0004:000004a4       __imp__gethostbyname@4     004924a4     wsock32:WSOCK32.dll
 0004:000004a8       __imp__inet_addr@4         004924a8     wsock32:WSOCK32.dll
 0004:000004ac       __imp__shutdown@8          004924ac     wsock32:WSOCK32.dll
 0004:000004b0       __imp__closesocket@4       004924b0     wsock32:WSOCK32.dll
 0004:000004b4       __imp__WSACleanup@0        004924b4     wsock32:WSOCK32.dll
 0004:000004b8       __imp__WSAStartup@8        004924b8     wsock32:WSOCK32.dll
 0004:000004bc       \177WSOCK32_NULL_THUNK_DATA 004924bc     wsock32:WSOCK32.dll

 entry point at        0001:00036dd2

