 test

 Timestamp is 51685470 (Fri Apr 12 14:37:36 2013)

 Preferred load address is 00400000

 Start         Length     Name                   Class
 0001:00000000 0005f958H .text                   CODE
 0001:0005f960 0000596dH .text$x                 CODE
 0001:000652d0 00001075H .text$yc                CODE
 0001:00066350 00001057H .text$yd                CODE
 0002:00000000 00000104H .CRT$XCA                DATA
 0002:00000104 0000010eH .CRT$XCC                DATA
 0002:00000214 00000109H .CRT$XCU                DATA
 0002:00000320 00000104H .CRT$XCZ                DATA
 0002:00000424 00000104H .CRT$XIA                DATA
 0002:00000528 00000118H .CRT$XIC                DATA
 0002:00000640 00000104H .CRT$XIY                DATA
 0002:00000744 00000104H .CRT$XIZ                DATA
 0002:00000848 00000104H .CRT$XPA                DATA
 0002:0000094c 00000104H .CRT$XPX                DATA
 0002:00000a50 00000104H .CRT$XPXA               DATA
 0002:00000b54 00000104H .CRT$XPZ                DATA
 0002:00000c58 00000104H .CRT$XTA                DATA
 0002:00000d5c 00000104H .CRT$XTZ                DATA
 0002:00000e60 00005f8fH .rdata                  DATA
 0002:00006df0 00000148H .rdata$debug            DATA
 0002:00006f38 00001c7fH .rdata$r                DATA
 0002:00008bc0 000004f9H .rdata$sxdata           DATA
 0002:000090bc 00000104H .rtc$IAA                DATA
 0002:000091c0 00000104H .rtc$IZZ                DATA
 0002:000092c4 00000104H .rtc$TAA                DATA
 0002:000093c8 00000104H .rtc$TZZ                DATA
 0002:000094d0 00004b31H .xdata$x                DATA
 0002:0000e001 00000000H .edata                  DATA
 0003:00000000 000023e0H .data                   DATA
 0003:000023e0 00002384H .bss                    DATA
 0004:00000000 00000028H .idata$2                DATA
 0004:00000028 00000014H .idata$3                DATA
 0004:0000003c 00000260H .idata$4                DATA
 0004:0000029c 00000260H .idata$5                DATA
 0004:000004fc 00000833H .idata$6                DATA

  Address         Publics by Value              Rva+Base       Lib:Object

 0000:00000000       __except_list              00000000     <absolute>
 0000:000000d4       ___safe_se_handler_count   000000d4     <absolute>
 0000:00000000       ___ImageBase               00400000     <linker-defined>
 0001:000002e0       ??0UID@@QAE@XZ             004012e0 f i test.obj
 0001:00000310       ?Set@UID@@QAEXPAE@Z        00401310 f i test.obj
 0001:00000360       ?Set@UID@@QAEXPBD@Z        00401360 f i test.obj
 0001:000003b0       ?GetBuffer@UID@@QAEPAEI@Z  004013b0 f i test.obj
 0001:000003c0       ?SetLength@UID@@QAEXI@Z    004013c0 f i test.obj
 0001:000003f0       ?GetSize@UID@@QAEIXZ       004013f0 f i test.obj
 0001:00000400       ??4UID@@QAE?AV0@AAV0@@Z    00401400 f i test.obj
 0001:00000460       ??4AbstractSyntax@@QAEAAV0@AAV0@@Z 00401460 f i test.obj
 0001:000004d0       ??4TransferSyntax@@QAEAAV0@AAV0@@Z 004014d0 f i test.obj
 0001:00000550       ?IsAlpha@@YAHE@Z           00401550 f   test.obj
 0001:00000580       ?IsDataAlpha@@YAHIPAE@Z    00401580 f   test.obj
 0001:000005d0       ?PrintUDATA@@YAHIPAXG@Z    004015d0 f   test.obj
 0001:00000aa0       ?DumpVR@@YAHPAVVR@@@Z      00401aa0 f   test.obj
 0001:00000bc0       ??_GVR@@QAEPAXI@Z          00401bc0 f i test.obj
 0001:00000bf0       ?NonDestructiveDumpDICOMObject@@YAHPAVDICOMObject@@@Z 00401bf0 f   test.obj
 0001:00000cf0       ??0DICOMCommandObject@@QAE@XZ 00401cf0 f i test.obj
 0001:00000d60       ??1DICOMCommandObject@@UAE@XZ 00401d60 f i test.obj
 0001:00000dc0       ??_GDICOMCommandObject@@UAEPAXI@Z 00401dc0 f i test.obj
 0001:00000dc0       ??_EDICOMCommandObject@@UAEPAXI@Z 00401dc0 f i test.obj
 0001:00000e30       ?SetStringVR@@YAXPAPAVVR@@HHPAD@Z 00401e30 f   test.obj
 0001:00000f90       ??0DICOMDataObject@@QAE@XZ 00401f90 f i test.obj
 0001:00001000       ??1DICOMDataObject@@UAE@XZ 00402000 f i test.obj
 0001:00001060       ??_EDICOMDataObject@@UAEPAXI@Z 00402060 f i test.obj
 0001:00001060       ??_GDICOMDataObject@@UAEPAXI@Z 00402060 f i test.obj
 0001:000010d0       ?CMoveClient@@YAHPAE0HQAPAD@Z 004020d0 f   test.obj
 0001:00001e60       ?DICOMParseProc@@YAHPAVDICOMDataObject@@@Z 00402e60 f   test.obj
 0001:00001e80       ?Fork@@YAHPAX@Z            00402e80 f   test.obj
 0001:00001eb0       ?CStoreServer@@YAHXZ       00402eb0 f   test.obj
 0001:00002570       ?CMEchoStoreServerProc@@YAHH@Z 00403570 f   test.obj
 0001:00002d80       ?CMEchoStoreServer@@YAHXZ  00403d80 f   test.obj
 0001:00002e60       ?CEchoStoreServer@@YAHXZ   00403e60 f   test.obj
 0001:00003690       ?Write@RunTimeClassStorage@@QAEHPAVPDU_Service@@PAVDICOMDataObject@@@Z 00404690 f i test.obj
 0001:000036b0       ?GetUID@RunTimeClassStorage@@UAEHAAVUID@@@Z 004046b0 f   test.obj
 0001:00003700       ?SetUID@RunTimeClassStorage@@QAEHAAVUID@@@Z 00404700 f   test.obj
 0001:00003750       ?SetUID@RunTimeClassStorage@@QAEHPAVVR@@@Z 00404750 f   test.obj
 0001:00003810       ?SetUID@RunTimeClassStorage@@QAEHPAVDICOMDataObject@@@Z 00404810 f   test.obj
 0001:00003840       ??0CStoreRQ@@QAE@XZ        00404840 f i test.obj
 0001:00003850       ??0CStoreRSP@@QAE@XZ       00404850 f i test.obj
 0001:00003860       ?FixImage@@YAHPAVDICOMDataObject@@@Z 00404860 f   test.obj
 0001:00003e10       ?ForwardProcMain@@YAHPAUForwardData@@@Z 00404e10 f   test.obj
 0001:00003e50       ?PrintOptions@@YAHXZ       00404e50 f   test.obj
 0001:00003e80       ?GetSize@?$Array@VTransferSyntax@@@@QAEIXZ 00404e80 f i test.obj
 0001:00003e90       ??4?$Array@VTransferSyntax@@@@QAEABV0@AAV0@@Z 00404e90 f i test.obj
 0001:00003ec0       ?GetSize@?$Array@VPresentationContext@@@@QAEIXZ 00404ec0 f i test.obj
 0001:00003ed0       ?GetSize@?$Array@VPresentationContextAccept@@@@QAEIXZ 00404ed0 f i test.obj
 0001:00003ee0       ?GetSize@?$Array@PAVDICOMDataObject@@@@QAEIXZ 00404ee0 f i test.obj
 0001:00003ef0       ?Get@?$Array@VTransferSyntax@@@@QAEAAVTransferSyntax@@I@Z 00404ef0 f i test.obj
 0001:00003f90       ?Get@?$Array@VPresentationContext@@@@QAEAAVPresentationContext@@I@Z 00404f90 f i test.obj
 0001:00004030       ?Get@?$Array@VPresentationContextAccept@@@@QAEAAVPresentationContextAccept@@I@Z 00405030 f i test.obj
 0001:000040d0       ?Get@?$Array@PAVDICOMDataObject@@@@QAEAAPAVDICOMDataObject@@I@Z 004050d0 f i test.obj
 0001:00004170       ??0UID@@QAE@PBD@Z          00405170 f i test.obj
 0001:000041c0       ??4PresentationContext@@QAEAAV0@AAV0@@Z 004051c0 f i test.obj
 0001:00004240       ?Dump@@YAXAAVAAssociateRQ@@@Z 00405240 f   test.obj
 0001:00004630       ??4PresentationContextAccept@@QAEAAV0@AAV0@@Z 00405630 f i test.obj
 0001:00004690       ?DumpDDO@@YAHPAVDICOMDataObject@@I@Z 00405690 f   test.obj
 0001:000047c0       ?DumpDDOFile@@YAHPAD@Z     004057c0 f   test.obj
 0001:00004910       ?CEchoServer@@YAHXZ        00405910 f   test.obj
 0001:00004c50       ?CFindClient@@YAHPAE0HQAPAD@Z 00405c50 f   test.obj
 0001:00005810       ??0StandardStorage@@QAE@XZ 00406810 f i test.obj
 0001:00005830       ?GetUID@StandardStorage@@UAEHAAVUID@@@Z 00406830 f i test.obj
 0001:00005840       ?CheckObject@StandardStorage@@UAEGPAVDICOMDataObject@@PAVPDU_Service@@@Z 00406840 f i test.obj
 0001:00005850       ?GetUID@StandardStorage@@W3AEHAAVUID@@@Z 00406850 f i test.obj
 0001:00005860       ?IARQ@@YAXAAVAAssociateRQ@@@Z 00406860 f   test.obj
 0001:00005bc0       ?Dump@@YAXAAVAAssociateAC@@@Z 00406bc0 f   test.obj
 0001:00005ef0       ?CEchoClient@@YAHPAE0PAD1@Z 00406ef0 f   test.obj
 0001:00006670       ??0RunTimeClassStorage@@QAE@XZ 00407670 f i test.obj
 0001:000066b0       ?uGetUID@RunTimeClassStorage@@UAEHAAVUID@@@Z 004076b0 f i test.obj
 0001:000066c0       ?GetUID@RunTimeClassStorage@@W3AEHAAVUID@@@Z 004076c0 f i test.obj
 0001:000066d0       ?CForwarder@@YAHPAE00HHHH@Z 004076d0 f   test.obj
 0001:000079f0       ?cstoreclient@@YAXPAD00@Z  004089f0 f   test.obj
 0001:00007d20       ?ForwardProc@@YAHPAUForwardData@@@Z 00408d20 f   test.obj
 0001:00007d60       ?CForwarderMain@@YAHPAE00HH@Z 00408d60 f   test.obj
 0001:00007f40       _main                      00408f40 f   test.obj
 0001:00008820       ?strchr@@YAPADPADH@Z       00409820 f i dicom:cong.obj
 0001:00008830       ?strstr@@YAPADPADPBD@Z     00409830 f i dicom:cong.obj
 0001:00008860       ?GetIncomingEndian@Buffer@@QAEIXZ 00409860 f i dicom:cong.obj
 0001:00008870       ??0VR@@QAE@XZ              00409870 f i dicom:cong.obj
 0001:00008890       ??8UID@@QAEHAAV0@@Z        00409890 f i dicom:cong.obj
 0001:000088e0       ??9UID@@QAEHAAV0@@Z        004098e0 f i dicom:cong.obj
 0001:00008930       ?SetType@TransferSyntax@@QAEXI@Z 00409930 f i dicom:cong.obj
 0001:00008940       ??0BufferSpace@@QAE@XZ     00409940 f   dicom:cong.obj
 0001:00008960       ??1BufferSpace@@QAE@XZ     00409960 f   dicom:cong.obj
 0001:00008980       ??_GBufferSpace@@QAEPAXI@Z 00409980 f i dicom:cong.obj
 0001:000089b0       ?SetIncomingEndian@Buffer@@QAEHI@Z 004099b0 f   dicom:cong.obj
 0001:000089c0       ?SetOutgoingEndian@Buffer@@QAEHI@Z 004099c0 f   dicom:cong.obj
 0001:000089d0       ?SetBreakSize@Buffer@@QAEHI@Z 004099d0 f   dicom:cong.obj
 0001:000089e0       ?Poll@Buffer@@QAEHXZ       004099e0 f   dicom:cong.obj
 0001:000089f0       ??0Socket@@QAE@XZ          004099f0 f   dicom:cong.obj
 0001:00008a40       ??1Socket@@UAE@XZ          00409a40 f   dicom:cong.obj
 0001:00008aa0       ?Gethostbyname@Socket@@QAEPAUhostent@@PAD@Z 00409aa0 f   dicom:cong.obj
 0001:00008b50       ?Getservbyname@Socket@@QAEPAUservent@@PBDPAD@Z 00409b50 f   dicom:cong.obj
 0001:00008bb0       ?Open@Socket@@UAEHPAD0@Z   00409bb0 f   dicom:cong.obj
 0001:00008cc0       ?Close@Socket@@QAEHXZ      00409cc0 f   dicom:cong.obj
 0001:00008d00       ?Poll@Socket@@UAEHXZ       00409d00 f   dicom:cong.obj
 0001:00008d60       ?SendBinary@Socket@@UAEHPAEI@Z 00409d60 f   dicom:cong.obj
 0001:00008d90       ?ReadBinary@Socket@@UAEHPAEI@Z 00409d90 f   dicom:cong.obj
 0001:00008e20       ?GetLinkError@Socket@@QAEHXZ 00409e20 f   dicom:cong.obj
 0001:00008e30       ?SetTimeOut@Socket@@QAEHH@Z 00409e30 f   dicom:cong.obj
 0001:00008e40       ?BindUDPServer@Socket@@QAEHPAD@Z 00409e40 f   dicom:cong.obj
 0001:00008f10       ?BindUDPClient@Socket@@QAEHPADPBD@Z 00409f10 f   dicom:cong.obj
 0001:00009040       ?SetDicomErrorHandler@@YAXP6AXHPBDH@Z@Z 0040a040 f   dicom:cong.obj
 0001:00009050       ?DicomError@@YAHHPBDH@Z    0040a050 f   dicom:cong.obj
 0001:000090a0       ??0VR@@QAE@GGIH@Z          0040a0a0 f   dicom:cong.obj
 0001:00009130       ??0VR@@QAE@GGIPAG@Z        0040a130 f   dicom:cong.obj
 0001:00009170       ??0VR@@QAE@GGIPAGH@Z       0040a170 f   dicom:cong.obj
 0001:000091b0       ??0VR@@QAE@GGIPAX@Z        0040a1b0 f   dicom:cong.obj
 0001:000091f0       ??0VR@@QAE@GGIPAXH@Z       0040a1f0 f   dicom:cong.obj
 0001:00009230       ??OVR@@QAEIAAV0@@Z         0040a230 f   dicom:cong.obj
 0001:00009260       ??MVR@@QAEIAAV0@@Z         0040a260 f   dicom:cong.obj
 0001:00009290       ??8VR@@QAEIAAV0@@Z         0040a290 f   dicom:cong.obj
 0001:000092c0       ?GroupLength@VRGroupPQueue@@QAEPAVVR@@XZ 0040a2c0 f   dicom:cong.obj
 0001:000093a0       ??OVRGroupPQueue@@QAEIAAV0@@Z 0040a3a0 f   dicom:cong.obj
 0001:000093c0       ??MVRGroupPQueue@@QAEIAAV0@@Z 0040a3c0 f   dicom:cong.obj
 0001:000093e0       ??8VRGroupPQueue@@QAEIAAV0@@Z 0040a3e0 f   dicom:cong.obj
 0001:00009400       ?GetSpecialValueCodeOfVR@VR@@AAEHPAV1@@Z 0040a400 f   dicom:cong.obj
 0001:000094b0       ?GetUINT16@VR@@QAEGXZ      0040a4b0 f   dicom:cong.obj
 0001:000094f0       ?GetUINT@VR@@QAEIXZ        0040a4f0 f   dicom:cong.obj
 0001:00009520       ?GetULongLong@VR@@QAE_KXZ  0040a520 f   dicom:cong.obj
 0001:00009590       ?Getatoi@VR@@QAEHXZ        0040a590 f   dicom:cong.obj
 0001:000095f0       ?SwapBigEndianData@VR@@QAEXXZ 0040a5f0 f   dicom:cong.obj
 0001:000096e0       ??1ApplicationContext@@QAE@XZ 0040a6e0 f   dicom:cong.obj
 0001:000096f0       ?Set@ApplicationContext@@QAEXAAVUID@@@Z 0040a6f0 f   dicom:cong.obj
 0001:00009730       ?Size@ApplicationContext@@QAEIXZ 0040a730 f   dicom:cong.obj
 0001:00009740       ??1AbstractSyntax@@QAE@XZ  0040a740 f   dicom:cong.obj
 0001:00009750       ?Set@AbstractSyntax@@QAEXAAVUID@@@Z 0040a750 f   dicom:cong.obj
 0001:00009790       ?Size@AbstractSyntax@@QAEIXZ 0040a790 f   dicom:cong.obj
 0001:000097a0       ??1TransferSyntax@@QAE@XZ  0040a7a0 f   dicom:cong.obj
 0001:000097b0       ?Set@TransferSyntax@@QAEXAAVUID@@@Z 0040a7b0 f   dicom:cong.obj
 0001:000097f0       ?Size@TransferSyntax@@QAEIXZ 0040a7f0 f   dicom:cong.obj
 0001:00009800       ??1ImplementationClass@@QAE@XZ 0040a800 f   dicom:cong.obj
 0001:00009810       ?Set@ImplementationClass@@QAEXAAVUID@@@Z 0040a810 f   dicom:cong.obj
 0001:00009850       ?Size@ImplementationClass@@QAEIXZ 0040a850 f   dicom:cong.obj
 0001:00009860       ??1ImplementationVersion@@QAE@XZ 0040a860 f   dicom:cong.obj
 0001:00009870       ?Set@ImplementationVersion@@QAEXAAVUID@@@Z 0040a870 f   dicom:cong.obj
 0001:000098b0       ?Size@ImplementationVersion@@QAEIXZ 0040a8b0 f   dicom:cong.obj
 0001:000098c0       ?SetAbstractSyntax@PresentationContext@@QAEXAAVAbstractSyntax@@@Z 0040a8c0 f   dicom:cong.obj
 0001:000098d0       ??0MaximumSubLength@@QAE@XZ 0040a8d0 f   dicom:cong.obj
 0001:000098e0       ??0MaximumSubLength@@QAE@I@Z 0040a8e0 f   dicom:cong.obj
 0001:00009900       ??1MaximumSubLength@@QAE@XZ 0040a900 f   dicom:cong.obj
 0001:00009910       ?Set@MaximumSubLength@@QAEXI@Z 0040a910 f   dicom:cong.obj
 0001:00009920       ?Get@MaximumSubLength@@QAEIXZ 0040a920 f   dicom:cong.obj
 0001:00009930       ?Size@MaximumSubLength@@QAEIXZ 0040a930 f   dicom:cong.obj
 0001:00009940       ??1SCPSCURoleSelect@@QAE@XZ 0040a940 f   dicom:cong.obj
 0001:00009950       ?Size@SCPSCURoleSelect@@QAEIXZ 0040a950 f   dicom:cong.obj
 0001:00009970       ??1UserInformation@@QAE@XZ 0040a970 f   dicom:cong.obj
 0001:00009980       ?SetMax@UserInformation@@QAEXAAVMaximumSubLength@@@Z 0040a980 f   dicom:cong.obj
 0001:000099a0       ?GetMax@UserInformation@@QAEIXZ 0040a9a0 f   dicom:cong.obj
 0001:000099b0       ?Size@UserInformation@@QAEIXZ 0040a9b0 f   dicom:cong.obj
 0001:000099f0       ??4ApplicationContext@@QAEAAV0@AAV0@@Z 0040a9f0 f i dicom:cong.obj
 0001:00009a50       ?SetApplicationContext@AAssociateRQ@@QAEXAAVUID@@@Z 0040aa50 f   dicom:cong.obj
 0001:00009a90       ??4ImplementationClass@@QAEAAV0@AAV0@@Z 0040aa90 f i dicom:cong.obj
 0001:00009af0       ??4ImplementationVersion@@QAEAAV0@AAV0@@Z 0040aaf0 f i dicom:cong.obj
 0001:00009b50       ??4SCPSCURoleSelect@@QAEAAV0@AAV0@@Z 0040ab50 f i dicom:cong.obj
 0001:00009bc0       ??1PresentationContextAccept@@QAE@XZ 0040abc0 f   dicom:cong.obj
 0001:00009bd0       ?SetTransferSyntax@PresentationContextAccept@@QAEXAAVTransferSyntax@@@Z 0040abd0 f   dicom:cong.obj
 0001:00009be0       ?Size@PresentationContextAccept@@QAEIXZ 0040abe0 f   dicom:cong.obj
 0001:00009c00       ?SetApplicationContext@AAssociateAC@@QAEXAAVApplicationContext@@@Z 0040ac00 f   dicom:cong.obj
 0001:00009c10       ??0AAssociateRJ@@QAE@XZ    0040ac10 f   dicom:cong.obj
 0001:00009c40       ??0AAssociateRJ@@QAE@EEE@Z 0040ac40 f   dicom:cong.obj
 0001:00009c70       ??1AAssociateRJ@@UAE@XZ    0040ac70 f   dicom:cong.obj
 0001:00009c80       ?Size@AAssociateRJ@@QAEIXZ 0040ac80 f   dicom:cong.obj
 0001:00009c90       ??0AReleaseRQ@@QAE@XZ      0040ac90 f   dicom:cong.obj
 0001:00009cb0       ??1AReleaseRQ@@UAE@XZ      0040acb0 f   dicom:cong.obj
 0001:00009cc0       ?Size@AReleaseRQ@@QAEIXZ   0040acc0 f   dicom:cong.obj
 0001:00009cd0       ??0AReleaseRP@@QAE@XZ      0040acd0 f   dicom:cong.obj
 0001:00009cf0       ??1AReleaseRP@@UAE@XZ      0040acf0 f   dicom:cong.obj
 0001:00009d00       ?Size@AReleaseRP@@QAEIXZ   0040ad00 f   dicom:cong.obj
 0001:00009d10       ??0AAbortRQ@@QAE@XZ        0040ad10 f   dicom:cong.obj
 0001:00009d30       ??0AAbortRQ@@QAE@EE@Z      0040ad30 f   dicom:cong.obj
 0001:00009d60       ??1AAbortRQ@@UAE@XZ        0040ad60 f   dicom:cong.obj
 0001:00009d70       ?Size@AAbortRQ@@QAEIXZ     0040ad70 f   dicom:cong.obj
 0001:00009d80       ?ReadBinary@MemoryBuffer@@UAEHPAEI@Z 0040ad80 f   dicom:cong.obj
 0001:00009de0       ?SendBinary@MemoryBuffer@@UAEHPAEI@Z 0040ade0 f   dicom:cong.obj
 0001:00009df0       ?GetOutgoingSize@LinkedBuffer@@QAEIXZ 0040adf0 f   dicom:cong.obj
 0001:00009e00       ?GetIncomingSize@LinkedBuffer@@QAEIXZ 0040ae00 f   dicom:cong.obj
 0001:00009e10       ?CanYouHandleTransferSyntax@PDU_Service@@UAEHAAVTransferSyntax@@@Z 0040ae10 f   dicom:cong.obj
 0001:00009e40       ?SetApplicationContext@PDU_Service@@UAEHAAVUID@@@Z 0040ae40 f   dicom:cong.obj
 0001:00009e90       ?GetLocalAddress@PDU_Service@@UAEHPAE@Z 0040ae90 f   dicom:cong.obj
 0001:00009ed0       ?GetRemoteAddress@PDU_Service@@UAEHPAE@Z 0040aed0 f   dicom:cong.obj
 0001:00009f10       ?ImplicitLittleEndian_ParseRawVRIntoDCM@PDU_Service@@MAEHAAVLinkedBuffer@@PAVDICOMObject@@@Z 0040af10 f   dicom:cong.obj
 0001:00009f30       ?ImplicitLittleEndian_ParseDCMIntoRawVR@PDU_Service@@MAEHPAVDICOMObject@@AAVLinkedBuffer@@@Z 0040af30 f   dicom:cong.obj
 0001:00009f50       ?ExplicitLittleEndian_ParseRawVRIntoDCM@PDU_Service@@MAEHAAVLinkedBuffer@@PAVDICOMObject@@@Z 0040af50 f   dicom:cong.obj
 0001:00009f70       ?ExplicitLittleEndian_ParseDCMIntoRawVR@PDU_Service@@MAEHPAVDICOMObject@@AAVLinkedBuffer@@@Z 0040af70 f   dicom:cong.obj
 0001:00009f90       ?ExplicitBigEndian_ParseRawVRIntoDCM@PDU_Service@@MAEHAAVLinkedBuffer@@PAVDICOMObject@@@Z 0040af90 f   dicom:cong.obj
 0001:00009fb0       ?ExplicitBigEndian_ParseDCMIntoRawVR@PDU_Service@@MAEHPAVDICOMObject@@AAVLinkedBuffer@@@Z 0040afb0 f   dicom:cong.obj
 0001:00009ff0       ?GetTransferSyntaxUID@PDU_Service@@QAEPADI@Z 0040aff0 f   dicom:cong.obj
 0001:0000a060       ?SwitchEndian@@YAGG@Z      0040b060 f   dicom:cong.obj
 0001:0000a080       ?SwitchEndian@@YAII@Z      0040b080 f   dicom:cong.obj
 0001:0000a0a0       ?SwitchEndian@@YAFF@Z      0040b0a0 f   dicom:cong.obj
 0001:0000a0c0       ?SwitchEndian@@YAHH@Z      0040b0c0 f   dicom:cong.obj
 0001:0000a0e0       ??4BE_UINT16@@QAEAAV0@AAG@Z 0040b0e0 f   dicom:cong.obj
 0001:0000a100       ??4BE_UINT16@@QAEAAV0@ABV0@@Z 0040b100 f   dicom:cong.obj
 0001:0000a110       ??4BE_UINT16@@QAEAAV0@ABH@Z 0040b110 f   dicom:cong.obj
 0001:0000a130       ??IBE_UINT16@@QAEPAV0@XZ   0040b130 f   dicom:cong.obj
 0001:0000a140       ??BBE_UINT16@@QAEGXZ       0040b140 f   dicom:cong.obj
 0001:0000a160       ??0BE_UINT16@@QAE@XZ       0040b160 f   dicom:cong.obj
 0001:0000a170       ??0BE_UINT16@@QAE@AAV0@@Z  0040b170 f   dicom:cong.obj
 0001:0000a180       ??0BE_UINT16@@QAE@G@Z      0040b180 f   dicom:cong.obj
 0001:0000a1a0       ??0BE_UINT16@@QAE@I@Z      0040b1a0 f   dicom:cong.obj
 0001:0000a1c0       ??0BE_UINT16@@QAE@F@Z      0040b1c0 f   dicom:cong.obj
 0001:0000a1e0       ??0BE_UINT16@@QAE@H@Z      0040b1e0 f   dicom:cong.obj
 0001:0000a200       ??4BE_UINT32@@QAEAAV0@AAI@Z 0040b200 f   dicom:cong.obj
 0001:0000a230       ??4BE_UINT32@@QAEAAV0@ABV0@@Z 0040b230 f   dicom:cong.obj
 0001:0000a240       ??4BE_UINT32@@QAEAAV0@ABH@Z 0040b240 f   dicom:cong.obj
 0001:0000a270       ??IBE_UINT32@@QAEPAV0@XZ   0040b270 f   dicom:cong.obj
 0001:0000a280       ??BBE_UINT32@@QAEIXZ       0040b280 f   dicom:cong.obj
 0001:0000a2a0       ??0BE_UINT32@@QAE@XZ       0040b2a0 f   dicom:cong.obj
 0001:0000a2b0       ??0BE_UINT32@@QAE@AAV0@@Z  0040b2b0 f   dicom:cong.obj
 0001:0000a2c0       ??0BE_UINT32@@QAE@G@Z      0040b2c0 f   dicom:cong.obj
 0001:0000a2f0       ??0BE_UINT32@@QAE@I@Z      0040b2f0 f   dicom:cong.obj
 0001:0000a320       ??0BE_UINT32@@QAE@F@Z      0040b320 f   dicom:cong.obj
 0001:0000a350       ??0BE_UINT32@@QAE@H@Z      0040b350 f   dicom:cong.obj
 0001:0000a380       ??4BE_INT16@@QAEAAV0@AAF@Z 0040b380 f   dicom:cong.obj
 0001:0000a3a0       ??4BE_INT16@@QAEAAV0@ABV0@@Z 0040b3a0 f   dicom:cong.obj
 0001:0000a3b0       ??4BE_INT16@@QAEAAV0@ABH@Z 0040b3b0 f   dicom:cong.obj
 0001:0000a3d0       ??IBE_INT16@@QAEPAV0@XZ    0040b3d0 f   dicom:cong.obj
 0001:0000a3e0       ??BBE_INT16@@QAEFXZ        0040b3e0 f   dicom:cong.obj
 0001:0000a400       ??0BE_INT16@@QAE@XZ        0040b400 f   dicom:cong.obj
 0001:0000a410       ??0BE_INT16@@QAE@AAV0@@Z   0040b410 f   dicom:cong.obj
 0001:0000a420       ??0BE_INT16@@QAE@G@Z       0040b420 f   dicom:cong.obj
 0001:0000a440       ??0BE_INT16@@QAE@I@Z       0040b440 f   dicom:cong.obj
 0001:0000a460       ??0BE_INT16@@QAE@F@Z       0040b460 f   dicom:cong.obj
 0001:0000a480       ??0BE_INT16@@QAE@H@Z       0040b480 f   dicom:cong.obj
 0001:0000a4a0       ??4BE_INT32@@QAEAAV0@AAH@Z 0040b4a0 f   dicom:cong.obj
 0001:0000a4d0       ??4BE_INT32@@QAEAAV0@ABV0@@Z 0040b4d0 f   dicom:cong.obj
 0001:0000a4e0       ??4BE_INT32@@QAEAAV0@ABH@Z 0040b4e0 f   dicom:cong.obj
 0001:0000a510       ??IBE_INT32@@QAEPAV0@XZ    0040b510 f   dicom:cong.obj
 0001:0000a520       ??BBE_INT32@@QAEHXZ        0040b520 f   dicom:cong.obj
 0001:0000a540       ??0BE_INT32@@QAE@XZ        0040b540 f   dicom:cong.obj
 0001:0000a550       ??0BE_INT32@@QAE@AAV0@@Z   0040b550 f   dicom:cong.obj
 0001:0000a560       ??0BE_INT32@@QAE@G@Z       0040b560 f   dicom:cong.obj
 0001:0000a590       ??0BE_INT32@@QAE@I@Z       0040b590 f   dicom:cong.obj
 0001:0000a5c0       ??0BE_INT32@@QAE@F@Z       0040b5c0 f   dicom:cong.obj
 0001:0000a5f0       ??0BE_INT32@@QAE@H@Z       0040b5f0 f   dicom:cong.obj
 0001:0000a620       ?uniq@@YAIXZ               0040b620 f   dicom:cong.obj
 0001:0000a640       ?uniq32@@YAIXZ             0040b640 f   dicom:cong.obj
 0001:0000a660       ?uniq16@@YAGXZ             0040b660 f   dicom:cong.obj
 0001:0000a680       ?uniq8@@YAEXZ              0040b680 f   dicom:cong.obj
 0001:0000a6a0       ?uniq8odd@@YAEXZ           0040b6a0 f   dicom:cong.obj
 0001:0000a6c0       ?uniq16odd@@YAGXZ          0040b6c0 f   dicom:cong.obj
 0001:0000a6e0       ?Hex2Dec@@YAGD@Z           0040b6e0 f   dicom:cong.obj
 0001:0000a720       ?secofday@@YAIPAUtm@@@Z    0040b720 f   dicom:cong.obj
 0001:0000a750       ?SpaceMem@@YAHPAEI@Z       0040b750 f   dicom:cong.obj
 0001:0000a770       ?strcpylim@@YAPADPADPBDI@Z 0040b770 f   dicom:cong.obj
 0001:0000a7b0       ?strcpysplim@@YAPADPADPBDI@Z 0040b7b0 f   dicom:cong.obj
 0001:0000a7f0       ?streq@@YAHPBD0@Z          0040b7f0 f   dicom:cong.obj
 0001:0000a840       ?strneq@@YAHPBD0I@Z        0040b840 f   dicom:cong.obj
 0001:0000a890       ?strieq@@YAHPBD0@Z         0040b890 f   dicom:cong.obj
 0001:0000a900       ?strnieq@@YAHPBD0I@Z       0040b900 f   dicom:cong.obj
 0001:0000a970       ?strileq@@YAHPBD0@Z        0040b970 f   dicom:cong.obj
 0001:0000a9d0       ?strnileq@@YAHPBD0I@Z      0040b9d0 f   dicom:cong.obj
 0001:0000aa40       ?strnlen32@@YAHPBDI@Z      0040ba40 f   dicom:cong.obj
 0001:0000aa80       ?strnlen32u@@YAIPBDI@Z     0040ba80 f   dicom:cong.obj
 0001:0000aab0       ?strnlenint@@YAHPBDI@Z     0040bab0 f   dicom:cong.obj
 0001:0000aaf0       _strnlen                   0040baf0 f   dicom:cong.obj
 0001:0000ab20       ?timeofdayeq@@YAHPAUtm@@0@Z 0040bb20 f   dicom:cong.obj
 0001:0000ab90       ?ZeroMem@@YAHPAEI@Z        0040bb90 f   dicom:cong.obj
 0001:0000abb0       ?TranslateUIDToVR@@YAPAVVR@@PAVUID@@GG@Z 0040bbb0 f   dicom:cong.obj
 0001:0000ae10       ?SetUID@@YAHAAVUID@@PAVVR@@@Z 0040be10 f   dicom:cong.obj
 0001:0000aea0       ?GetUID@UnknownStorage@@UAEHAAVUID@@@Z 0040bea0 f   dicom:cong.obj
 0001:0000aed0       ?ReleaseMemory@CheckedPDU_Service@@QAEHXZ 0040bed0 f   dicom:cong.obj
 0001:0000b120       ?InitializeFrom@CheckedPDU_Service@@QAEHPAD@Z 0040c120 f   dicom:cong.obj
 0001:0000bcf0       ?ShouldIAcceptRemoteApTitle@CheckedPDU_Service@@EAEHPAE@Z 0040ccf0 f   dicom:cong.obj
 0001:0000be10       ?ShouldIAcceptLocalApTitle@CheckedPDU_Service@@EAEHPAE@Z 0040ce10 f   dicom:cong.obj
 0001:0000bf30       ?OpenForRead@FileBuffer@@QAEHPAD@Z 0040cf30 f   dicom:cong.obj
 0001:0000bf60       ?OpenForWrite@FileBuffer@@QAEHPAD@Z 0040cf60 f   dicom:cong.obj
 0001:0000bf90       ?Close@FileBuffer@@QAEHXZ  0040cf90 f   dicom:cong.obj
 0001:0000bfb0       ?SendBinary@FileBuffer@@UAEHPAEI@Z 0040cfb0 f   dicom:cong.obj
 0001:0000bfd0       ?ReadBinary@FileBuffer@@UAEHPAEI@Z 0040cfd0 f   dicom:cong.obj
 0001:0000c010       ?Pack@@YAHEEAAG@Z          0040d010 f   dicom:cong.obj
 0001:0000c030       ?Pack@@YAHGAAE0@Z          0040d030 f   dicom:cong.obj
 0001:0000c180       ?GetFileName@ACRNemaMap@@QAEPBDXZ 0040d180 f   dicom:cong.obj
 0001:0000c190       ?getItemNotEnd@ACRNemaMap@@AAEHPADPAPADI@Z 0040d190 f   dicom:cong.obj
 0001:0000c230       ?iswhitespacea@ACRNemaMap@@AAEHD@Z 0040d230 f   dicom:cong.obj
 0001:0000c290       ?wildIPCheck@ACRNemaMap@@AAEXPADPBD0@Z 0040d290 f   dicom:cong.obj
 0001:0000c380       ??0bad_alloc@std@@QAE@PBD@Z 0040d380 f i dicom:cong.obj
 0001:0000c3e0       ??1bad_alloc@std@@UAE@XZ   0040d3e0 f i dicom:cong.obj
 0001:0000c430       ??_Ebad_alloc@std@@UAEPAXI@Z 0040d430 f i dicom:cong.obj
 0001:0000c430       ??_Gbad_alloc@std@@UAEPAXI@Z 0040d430 f i dicom:cong.obj
 0001:0000c490       ?assign@?$char_traits@D@std@@SAXAADABD@Z 0040d490 f i dicom:cong.obj
 0001:0000c4a0       ?length@?$char_traits@D@std@@SAIPBD@Z 0040d4a0 f i dicom:cong.obj
 0001:0000c4c0       ?_Copy_s@?$char_traits@D@std@@SAPADPADIPBDI@Z 0040d4c0 f i dicom:cong.obj
 0001:0000c4f0       ?_Move_s@?$char_traits@D@std@@SAPADPADIPBDI@Z 0040d4f0 f i dicom:cong.obj
 0001:0000c520       ?assign@?$char_traits@D@std@@SAPADPADID@Z 0040d520 f i dicom:cong.obj
 0001:0000c540       ?to_char_type@?$char_traits@D@std@@SADABH@Z 0040d540 f i dicom:cong.obj
 0001:0000c550       ?to_int_type@?$char_traits@D@std@@SAHABD@Z 0040d550 f i dicom:cong.obj
 0001:0000c560       ?eq_int_type@?$char_traits@D@std@@SA_NABH0@Z 0040d560 f i dicom:cong.obj
 0001:0000c580       ?eof@?$char_traits@D@std@@SAHXZ 0040d580 f i dicom:cong.obj
 0001:0000c590       ??0_Iterator_base@std@@QAE@XZ 0040d590 f i dicom:cong.obj
 0001:0000c5a0       ?_Getctype@_Locinfo@std@@QBE?AU_Ctypevec@@XZ 0040d5a0 f i dicom:cong.obj
 0001:0000c5d0       ??0id@locale@std@@QAE@I@Z  0040d5d0 f i dicom:cong.obj
 0001:0000c5e0       ??Bid@locale@std@@QAEIXZ   0040d5e0 f i dicom:cong.obj
 0001:0000c660       ?_Incref@facet@locale@std@@QAEXXZ 0040d660 f i dicom:cong.obj
 0001:0000c6d0       ?_Decref@facet@locale@std@@QAEPAV123@XZ 0040d6d0 f i dicom:cong.obj
 0001:0000c750       ?_Register@facet@locale@std@@QAEXXZ 0040d750 f i dicom:cong.obj
 0001:0000c760       ??1facet@locale@std@@UAE@XZ 0040d760 f i dicom:cong.obj
 0001:0000c770       ??0facet@locale@std@@IAE@I@Z 0040d770 f i dicom:cong.obj
 0001:0000c790       ??0locale@std@@QAE@XZ      0040d790 f i dicom:cong.obj
 0001:0000c7b0       ??0locale@std@@QAE@ABV01@@Z 0040d7b0 f i dicom:cong.obj
 0001:0000c7d0       ??1locale@std@@QAE@XZ      0040d7d0 f i dicom:cong.obj
 0001:0000c7f0       ?_Getfacet@locale@std@@QBEPBVfacet@12@I@Z 0040d7f0 f i dicom:cong.obj
 0001:0000c830       ??_Efacet@locale@std@@UAEPAXI@Z 0040d830 f i dicom:cong.obj
 0001:0000c830       ??_Gfacet@locale@std@@UAEPAXI@Z 0040d830 f i dicom:cong.obj
 0001:0000c850       ??0codecvt_base@std@@QAE@I@Z 0040d850 f i dicom:cong.obj
 0001:0000c8b0       ?always_noconv@codecvt_base@std@@QBE_NXZ 0040d8b0 f i dicom:cong.obj
 0001:0000c8c0       ??1codecvt_base@std@@UAE@XZ 0040d8c0 f i dicom:cong.obj
 0001:0000c910       ?do_always_noconv@codecvt_base@std@@MBE_NXZ 0040d910 f i dicom:cong.obj
 0001:0000c920       ?do_max_length@codecvt_base@std@@MBEHXZ 0040d920 f i dicom:cong.obj
 0001:0000c930       ?do_encoding@codecvt_base@std@@MBEHXZ 0040d930 f i dicom:cong.obj
 0001:0000c940       ??_Ecodecvt_base@std@@UAEPAXI@Z 0040d940 f i dicom:cong.obj
 0001:0000c940       ??_Gcodecvt_base@std@@UAEPAXI@Z 0040d940 f i dicom:cong.obj
 0001:0000c9b0       ??0ctype_base@std@@QAE@I@Z 0040d9b0 f i dicom:cong.obj
 0001:0000ca10       ??1ctype_base@std@@UAE@XZ  0040da10 f i dicom:cong.obj
 0001:0000ca60       ??_Gctype_base@std@@UAEPAXI@Z 0040da60 f i dicom:cong.obj
 0001:0000ca60       ??_Ectype_base@std@@UAEPAXI@Z 0040da60 f i dicom:cong.obj
 0001:0000cad0       ?is@?$ctype@D@std@@QBE_NFD@Z 0040dad0 f i dicom:cong.obj
 0001:0000caf0       ?widen@?$ctype@D@std@@QBEDD@Z 0040daf0 f i dicom:cong.obj
 0001:0000cb00       ?_Init@?$ctype@D@std@@IAEXABV_Locinfo@2@@Z 0040db00 f i dicom:cong.obj
 0001:0000cb40       ?_Tidy@?$ctype@D@std@@IAEXXZ 0040db40 f i dicom:cong.obj
 0001:0000cb70       ?rdstate@ios_base@std@@QBEHXZ 0040db70 f i dicom:cong.obj
 0001:0000cb80       ?good@ios_base@std@@QBE_NXZ 0040db80 f i dicom:cong.obj
 0001:0000cb90       ?fail@ios_base@std@@QBE_NXZ 0040db90 f i dicom:cong.obj
 0001:0000cba0       ?flags@ios_base@std@@QBEHXZ 0040dba0 f i dicom:cong.obj
 0001:0000cbb0       ?getloc@ios_base@std@@QBE?AVlocale@2@XZ 0040dbb0 f i dicom:cong.obj
 0001:0000cc10       ??1ios_base@std@@UAE@XZ    0040dc10 f i dicom:cong.obj
 0001:0000cc20       ??0ios_base@std@@IAE@XZ    0040dc20 f i dicom:cong.obj
 0001:0000cc30       ??_Eios_base@std@@UAEPAXI@Z 0040dc30 f i dicom:cong.obj
 0001:0000cc30       ??_Gios_base@std@@UAEPAXI@Z 0040dc30 f i dicom:cong.obj
 0001:0000cc60       ?commentSize@@YAHPBDH@Z    0040dc60 f   dicom:cong.obj
 0001:0000cca0       ?GetSize@?$Array@PAVBufferSpace@@@@QAEIXZ 0040dca0 f i dicom:cong.obj
 0001:0000ccb0       ??0?$Array@PAVBufferSpace@@@@QAE@XZ 0040dcb0 f i dicom:cong.obj
 0001:0000cce0       ?GetSize@?$Array@PAVVR@@@@QAEIXZ 0040dce0 f i dicom:cong.obj
 0001:0000ccf0       ??0?$Array@PAVVR@@@@QAE@XZ 0040dcf0 f i dicom:cong.obj
 0001:0000cd20       ?GetSize@?$Array@PAVVRGroupPQueue@@@@QAEIXZ 0040dd20 f i dicom:cong.obj
 0001:0000cd30       ??0?$Array@PAVVRGroupPQueue@@@@QAE@XZ 0040dd30 f i dicom:cong.obj
 0001:0000cd60       ?Clear@?$Array@VTransferSyntax@@@@QAEHXZ 0040dd60 f i dicom:cong.obj
 0001:0000cd80       ??0?$Array@VTransferSyntax@@@@QAE@XZ 0040dd80 f i dicom:cong.obj
 0001:0000cdb0       ??0?$Array@VTransferSyntax@@@@QAE@ABV0@@Z 0040ddb0 f i dicom:cong.obj
 0001:0000cdf0       ??0?$Array@VPresentationContext@@@@QAE@XZ 0040ddf0 f i dicom:cong.obj
 0001:0000ce20       ??4?$Array@VPresentationContext@@@@QAEABV0@AAV0@@Z 0040de20 f i dicom:cong.obj
 0001:0000ce50       ??0?$Array@VPresentationContextAccept@@@@QAE@XZ 0040de50 f i dicom:cong.obj
 0001:0000ce80       ??4?$Array@VPresentationContextAccept@@@@QAEABV0@AAV0@@Z 0040de80 f i dicom:cong.obj
 0001:0000ceb0       ?GetSize@?$Array@VAbstractSyntax@@@@QAEIXZ 0040deb0 f i dicom:cong.obj
 0001:0000cec0       ??0?$Array@VAbstractSyntax@@@@QAE@XZ 0040dec0 f i dicom:cong.obj
 0001:0000cef0       ?GetSize@?$Array@PAVDICOMObject@@@@QAEIXZ 0040def0 f i dicom:cong.obj
 0001:0000cf00       ??0?$Array@PAVDICOMObject@@@@QAE@XZ 0040df00 f i dicom:cong.obj
 0001:0000cf30       ??0?$Array@PAVDICOMDataObject@@@@QAE@XZ 0040df30 f i dicom:cong.obj
 0001:0000cf60       ?Get@?$FixedArray@IU_RTCElement@@@@QAEAAU_RTCElement@@H@Z 0040df60 f i dicom:cong.obj
 0001:0000cf70       ?GetSize@?$FixedArray@IU_RTCElement@@@@QAEIXZ 0040df70 f i dicom:cong.obj
 0001:0000cf80       ?GetSize@?$Array@U_RTCElement@@@@QAEIXZ 0040df80 f i dicom:cong.obj
 0001:0000cf90       ??0?$Array@U_RTCElement@@@@QAE@XZ 0040df90 f i dicom:cong.obj
 0001:0000cfc0       ?GetSize@?$Array@PAU_ACRNemaAddress@@@@QAEIXZ 0040dfc0 f i dicom:cong.obj
 0001:0000cfd0       ??0?$Array@PAU_ACRNemaAddress@@@@QAE@XZ 0040dfd0 f i dicom:cong.obj
 0001:0000d000       ?size@?$basic_string@DU?$char_traits@D@std@@V?$allocator@D@2@@std@@QBEIXZ 0040e000 f i dicom:cong.obj
 0001:0000d010       ??1?$basic_ios@DU?$char_traits@D@std@@@std@@UAE@XZ 0040e010 f i dicom:cong.obj
 0001:0000d070       ?rdbuf@?$basic_ios@DU?$char_traits@D@std@@@std@@QBEPAV?$basic_streambuf@DU?$char_traits@D@std@@@2@XZ 0040e070 f i dicom:cong.obj
 0001:0000d080       ??1?$basic_istream@DU?$char_traits@D@std@@@std@@UAE@XZ 0040e080 f i dicom:cong.obj
 0001:0000d090       ?gcount@?$basic_istream@DU?$char_traits@D@std@@@std@@QBEHXZ 0040e090 f i dicom:cong.obj
 0001:0000d0a0       ??Bsentry@?$basic_istream@DU?$char_traits@D@std@@@std@@QBE_NXZ 0040e0a0 f i dicom:cong.obj
 0001:0000d0b0       ??0?$fpos@H@std@@QAE@J@Z   0040e0b0 f i dicom:cong.obj
 0001:0000d0d0       ??B?$fpos@H@std@@QBEJXZ    0040e0d0 f i dicom:cong.obj
 0001:0000d0e0       ??_G?$basic_ios@DU?$char_traits@D@std@@@std@@UAEPAXI@Z 0040e0e0 f i dicom:cong.obj
 0001:0000d0e0       ??_E?$basic_ios@DU?$char_traits@D@std@@@std@@UAEPAXI@Z 0040e0e0 f i dicom:cong.obj
 0001:0000d100       ??_Glocale@std@@QAEPAXI@Z  0040e100 f i dicom:cong.obj
 0001:0000d140       ??_D?$basic_istream@DU?$char_traits@D@std@@@std@@QAEXXZ 0040e140 f i dicom:cong.obj
 0001:0000d160       ?_Myptr@?$basic_string@DU?$char_traits@D@std@@V?$allocator@D@2@@std@@IBEPBDXZ 0040e160 f i dicom:cong.obj
 0001:0000d170       ??0?$allocator@D@std@@QAE@XZ 0040e170 f i dicom:cong.obj
 0001:0000d180       ??0?$basic_ios@DU?$char_traits@D@std@@@std@@IAE@XZ 0040e180 f i dicom:cong.obj
 0001:0000d1e0       ?pubseekoff@?$basic_streambuf@DU?$char_traits@D@std@@@std@@QAE?AV?$fpos@H@2@JHH@Z 0040e1e0 f i dicom:cong.obj
 0001:0000d210       ?pubsync@?$basic_streambuf@DU?$char_traits@D@std@@@std@@QAEHXZ 0040e210 f i dicom:cong.obj
 0001:0000d220       ?_Unlock@?$basic_streambuf@DU?$char_traits@D@std@@@std@@QAEXXZ 0040e220 f i dicom:cong.obj
 0001:0000d230       ?gptr@?$basic_streambuf@DU?$char_traits@D@std@@@std@@IBEPADXZ 0040e230 f i dicom:cong.obj
 0001:0000d240       ?setg@?$basic_streambuf@DU?$char_traits@D@std@@@std@@IAEXPAD00@Z 0040e240 f i dicom:cong.obj
 0001:0000d260       ?_Gninc@?$basic_streambuf@DU?$char_traits@D@std@@@std@@IAEPADXZ 0040e260 f i dicom:cong.obj
 0001:0000d280       ?_Gnpreinc@?$basic_streambuf@DU?$char_traits@D@std@@@std@@IAEPADXZ 0040e280 f i dicom:cong.obj
 0001:0000d2a0       ?_Gnavail@?$basic_streambuf@DU?$char_traits@D@std@@@std@@IBEHXZ 0040e2a0 f i dicom:cong.obj
 0001:0000d2c0       ?is_open@?$basic_filebuf@DU?$char_traits@D@std@@@std@@QBE_NXZ 0040e2c0 f i dicom:cong.obj
 0001:0000d2d0       ?_Myptr@?$basic_string@DU?$char_traits@D@std@@V?$allocator@D@2@@std@@IAEPADXZ 0040e2d0 f i dicom:cong.obj
 0001:0000d2e0       ??0?$allocator@D@std@@QAE@ABV01@@Z 0040e2e0 f i dicom:cong.obj
 0001:0000d2f0       ?deallocate@?$allocator@D@std@@QAEXPADI@Z 0040e2f0 f i dicom:cong.obj
 0001:0000d300       ?tie@?$basic_ios@DU?$char_traits@D@std@@@std@@QBEPAV?$basic_ostream@DU?$char_traits@D@std@@@2@XZ 0040e300 f i dicom:cong.obj
 0001:0000d310       ?getloc@?$basic_streambuf@DU?$char_traits@D@std@@@std@@QBE?AVlocale@2@XZ 0040e310 f i dicom:cong.obj
 0001:0000d370       ?_Sgetn_s@?$basic_streambuf@DU?$char_traits@D@std@@@std@@QAEHPADIH@Z 0040e370 f i dicom:cong.obj
 0001:0000d380       ?_Lock@?$basic_streambuf@DU?$char_traits@D@std@@@std@@QAEXXZ 0040e380 f i dicom:cong.obj
 0001:0000d390       ?_Init@?$basic_streambuf@DU?$char_traits@D@std@@@std@@IAEXPAPAD0PAH001@Z 0040e390 f i dicom:cong.obj
 0001:0000d3c0       ??D?$_String_const_iterator@DU?$char_traits@D@std@@V?$allocator@D@2@@std@@QBEABDXZ 0040e3c0 f i dicom:cong.obj
 0001:0000d400       ?unshift@?$codecvt@DDH@std@@QBEHAAHPAD1AAPAD@Z 0040e400 f i dicom:cong.obj
 0001:0000d410       ?_Inside@?$basic_string@DU?$char_traits@D@std@@V?$allocator@D@2@@std@@IAE_NPBD@Z 0040e410 f i dicom:cong.obj
 0001:0000d450       ?setp@?$basic_streambuf@DU?$char_traits@D@std@@@std@@IAEXPAD0@Z 0040e450 f i dicom:cong.obj
 0001:0000d470       ??0?$_Ranit_base@DHPBDABDU_Iterator_base@std@@@std@@QAE@XZ 0040e470 f i dicom:cong.obj
 0001:0000d480       ?max_size@?$allocator@D@std@@QBEIXZ 0040e480 f i dicom:cong.obj
 0001:0000d490       ?Get@?$Array@PAVBufferSpace@@@@QAEAAPAVBufferSpace@@I@Z 0040e490 f i dicom:cong.obj
 0001:0000d510       ?RemoveAt@?$Array@PAVBufferSpace@@@@QAEHI@Z 0040e510 f i dicom:cong.obj
 0001:0000d5a0       ??1?$Array@PAVBufferSpace@@@@UAE@XZ 0040e5a0 f i dicom:cong.obj
 0001:0000d630       ?Get@?$Array@PAVVR@@@@QAEAAPAVVR@@I@Z 0040e630 f i dicom:cong.obj
 0001:0000d6b0       ?RemoveAt@?$Array@PAVVR@@@@QAEHI@Z 0040e6b0 f i dicom:cong.obj
 0001:0000d740       ??1?$Array@PAVVR@@@@UAE@XZ 0040e740 f i dicom:cong.obj
 0001:0000d7d0       ?Pop@?$PQueueOfPtr@PAVVR@@@@QAEAAPAVVR@@XZ 0040e7d0 f i dicom:cong.obj
 0001:0000d910       ?Get@?$Array@PAVVRGroupPQueue@@@@QAEAAPAVVRGroupPQueue@@I@Z 0040e910 f i dicom:cong.obj
 0001:0000d990       ?RemoveAt@?$Array@PAVVRGroupPQueue@@@@QAEHI@Z 0040e990 f i dicom:cong.obj
 0001:0000da20       ??1?$Array@PAVVRGroupPQueue@@@@UAE@XZ 0040ea20 f i dicom:cong.obj
 0001:0000dab0       ?Pop@?$PQueueOfPtr@PAVVRGroupPQueue@@@@QAEAAPAVVRGroupPQueue@@XZ 0040eab0 f i dicom:cong.obj
 0001:0000dc00       ??0?$Array@VPresentationContext@@@@QAE@I@Z 0040ec00 f i dicom:cong.obj
 0001:0000dc30       ??0?$Array@VPresentationContextAccept@@@@QAE@I@Z 0040ec30 f i dicom:cong.obj
 0001:0000dc60       ?Get@?$Array@VAbstractSyntax@@@@QAEAAVAbstractSyntax@@I@Z 0040ec60 f i dicom:cong.obj
 0001:0000dce0       ?Get@?$Array@PAVDICOMObject@@@@QAEAAPAVDICOMObject@@I@Z 0040ece0 f i dicom:cong.obj
 0001:0000dd60       ?RemoveAt@?$Array@PAVDICOMObject@@@@QAEHI@Z 0040ed60 f i dicom:cong.obj
 0001:0000ddf0       ??1?$Array@PAVDICOMObject@@@@UAE@XZ 0040edf0 f i dicom:cong.obj
 0001:0000de80       ?RemoveAt@?$Array@PAVDICOMDataObject@@@@QAEHI@Z 0040ee80 f i dicom:cong.obj
 0001:0000df10       ??1?$Array@PAVDICOMDataObject@@@@UAE@XZ 0040ef10 f i dicom:cong.obj
 0001:0000dfa0       ??0?$FixedArray@IU_RTCElement@@@@QAE@IH@Z 0040efa0 f i dicom:cong.obj
 0001:0000e000       ??1?$FixedArray@IU_RTCElement@@@@QAE@XZ 0040f000 f i dicom:cong.obj
 0001:0000e030       ?Add@?$FixedArray@IU_RTCElement@@@@QAEAAU_RTCElement@@AAIAAU2@@Z 0040f030 f i dicom:cong.obj
 0001:0000e090       ?IndexOf@?$FixedArray@IU_RTCElement@@@@QAEHAAI@Z 0040f090 f i dicom:cong.obj
 0001:0000e150       ?Get@?$Array@U_RTCElement@@@@QAEAAU_RTCElement@@I@Z 0040f150 f i dicom:cong.obj
 0001:0000e1d0       ?RemoveAt@?$Array@U_RTCElement@@@@QAEHI@Z 0040f1d0 f i dicom:cong.obj
 0001:0000e260       ??1?$Array@U_RTCElement@@@@UAE@XZ 0040f260 f i dicom:cong.obj
 0001:0000e2f0       ?Get@?$Array@PAU_ACRNemaAddress@@@@QAEAAPAU_ACRNemaAddress@@I@Z 0040f2f0 f i dicom:cong.obj
 0001:0000e370       ?ReplaceAt@?$Array@PAU_ACRNemaAddress@@@@QAEAAPAU_ACRNemaAddress@@AAPAU2@I@Z 0040f370 f i dicom:cong.obj
 0001:0000e410       ?RemoveAt@?$Array@PAU_ACRNemaAddress@@@@QAEHI@Z 0040f410 f i dicom:cong.obj
 0001:0000e4a0       ??1?$Array@PAU_ACRNemaAddress@@@@UAE@XZ 0040f4a0 f i dicom:cong.obj
 0001:0000e530       ??$_Allocate@D@std@@YAPADIPAD@Z 0040f530 f i dicom:cong.obj
 0001:0000e580       ??0bad_alloc@std@@QAE@ABV01@@Z 0040f580 f i dicom:cong.obj
 0001:0000e5e0       ??1?$DataLink@VPresentationContextAccept@@@@QAE@XZ 0040f5e0 f i dicom:cong.obj
 0001:0000e5f0       ??1?$DataLink@VAbstractSyntax@@@@QAE@XZ 0040f5f0 f i dicom:cong.obj
 0001:0000e600       ??0?$DataLink@PAVBufferSpace@@@@QAE@XZ 0040f600 f i dicom:cong.obj
 0001:0000e610       ??0?$DataLink@PAVVRGroupPQueue@@@@QAE@XZ 0040f610 f i dicom:cong.obj
 0001:0000e620       ??0?$DataLink@PAVDICOMObject@@@@QAE@XZ 0040f620 f i dicom:cong.obj
 0001:0000e630       ??0?$DataLink@PAVDICOMDataObject@@@@QAE@XZ 0040f630 f i dicom:cong.obj
 0001:0000e640       ??0?$Array@V?$FixedArrayElement@IU_RTCElement@@@@@@QAE@XZ 0040f640 f i dicom:cong.obj
 0001:0000e670       ??0?$DataLink@U_RTCElement@@@@QAE@XZ 0040f670 f i dicom:cong.obj
 0001:0000e680       ??0?$DataLink@PAU_ACRNemaAddress@@@@QAE@XZ 0040f680 f i dicom:cong.obj
 0001:0000e690       ?_Init@?$codecvt@DDH@std@@IAEXABV_Locinfo@2@@Z 0040f690 f i dicom:cong.obj
 0001:0000e6a0       ??$_Char_traits_cat@U?$char_traits@D@std@@@std@@YA?AU_Secure_char_traits_tag@0@XZ 0040f6a0 f i dicom:cong.obj
 0001:0000e6b0       ??$copy_s@U?$char_traits@D@std@@@_Traits_helper@std@@YAPADPADIPBDIU_Secure_char_traits_tag@1@@Z 0040f6b0 f i dicom:cong.obj
 0001:0000e6e0       ??$move_s@U?$char_traits@D@std@@@_Traits_helper@std@@YAPADPADIPBDIU_Secure_char_traits_tag@1@@Z 0040f6e0 f i dicom:cong.obj
 0001:0000e710       ??1?$DataLink@VTransferSyntax@@@@QAE@XZ 0040f710 f i dicom:cong.obj
 0001:0000e720       ??0?$DataLink@PAVVR@@@@QAE@XZ 0040f720 f i dicom:cong.obj
 0001:0000e730       ??O?$FixedArrayElement@IU_RTCElement@@@@QAEIAAV0@@Z 0040f730 f i dicom:cong.obj
 0001:0000e740       ??M?$FixedArrayElement@IU_RTCElement@@@@QAEIAAV0@@Z 0040f740 f i dicom:cong.obj
 0001:0000e750       ?GetSize@?$Array@V?$FixedArrayElement@IU_RTCElement@@@@@@QAEIXZ 0040f750 f i dicom:cong.obj
 0001:0000e760       ?Get@?$Array@V?$FixedArrayElement@IU_RTCElement@@@@@@QAEAAV?$FixedArrayElement@IU_RTCElement@@@@I@Z 0040f760 f i dicom:cong.obj
 0001:0000e7e0       ?RemoveAt@?$Array@V?$FixedArrayElement@IU_RTCElement@@@@@@QAEHI@Z 0040f7e0 f i dicom:cong.obj
 0001:0000e870       ??0?$DataLink@V?$FixedArrayElement@IU_RTCElement@@@@@@QAE@XZ 0040f870 f i dicom:cong.obj
 0001:0000e880       ??0?$PQueueOfPtr@PAVVR@@@@QAE@XZ 0040f880 f i dicom:cong.obj
 0001:0000e8f0       ??1?$PQueueOfPtr@PAVVR@@@@UAE@XZ 0040f8f0 f i dicom:cong.obj
 0001:0000e940       ??_G?$PQueueOfPtr@PAVVR@@@@UAEPAXI@Z 0040f940 f i dicom:cong.obj
 0001:0000e940       ??_E?$PQueueOfPtr@PAVVR@@@@UAEPAXI@Z 0040f940 f i dicom:cong.obj
 0001:0000e9a0       ??0BufferSpace@@QAE@I@Z    0040f9a0 f   dicom:cong.obj
 0001:0000e9f0       ??0Buffer@@QAE@XZ          0040f9f0 f   dicom:cong.obj
 0001:0000ea90       ??1Buffer@@UAE@XZ          0040fa90 f   dicom:cong.obj
 0001:0000ecd0       ?Flush@Buffer@@QAEHXZ      0040fcd0 f   dicom:cong.obj
 0001:0000ee20       ?Flush@Buffer@@QAEHI@Z     0040fe20 f   dicom:cong.obj
 0001:0000efe0       ??_ESocket@@UAEPAXI@Z      0040ffe0 f i dicom:cong.obj
 0001:0000efe0       ??_GSocket@@UAEPAXI@Z      0040ffe0 f i dicom:cong.obj
 0001:0000f000       ?Listen@Socket@@QAEHPAD@Z  00410000 f   dicom:cong.obj
 0001:0000f120       ?Accept@Socket@@QAEHXZ     00410120 f   dicom:cong.obj
 0001:0000f190       ??1VR@@QAE@XZ              00410190 f   dicom:cong.obj
 0001:0000f2a0       ?Pop@VRGroupPQueue@@QAEPAVVR@@XZ 004102a0 f   dicom:cong.obj
 0001:0000f2e0       ??0?$PQueueOfPtr@PAVVRGroupPQueue@@@@QAE@XZ 004102e0 f i dicom:cong.obj
 0001:0000f350       ??1?$PQueueOfPtr@PAVVRGroupPQueue@@@@UAE@XZ 00410350 f i dicom:cong.obj
 0001:0000f3a0       ??_G?$PQueueOfPtr@PAVVRGroupPQueue@@@@UAEPAXI@Z 004103a0 f i dicom:cong.obj
 0001:0000f3a0       ??_E?$PQueueOfPtr@PAVVRGroupPQueue@@@@UAEPAXI@Z 004103a0 f i dicom:cong.obj
 0001:0000f400       ?GetVR@DICOMObject@@QAEPAVVR@@GG@Z 00410400 f   dicom:cong.obj
 0001:0000f470       ?GetBYTE@DICOMObject@@QAEEGG@Z 00410470 f   dicom:cong.obj
 0001:0000f4b0       ?GetUINT16@DICOMObject@@QAEGGG@Z 004104b0 f   dicom:cong.obj
 0001:0000f510       ?GetUINT@DICOMObject@@QAEIGG@Z 00410510 f   dicom:cong.obj
 0001:0000f560       ?GetULongLong@DICOMObject@@QAE_KGG@Z 00410560 f   dicom:cong.obj
 0001:0000f5f0       ?Getatoi@DICOMObject@@QAEHGG@Z 004105f0 f   dicom:cong.obj
 0001:0000f680       ?GetCString@DICOMObject@@QAEPADGGI@Z 00410680 f   dicom:cong.obj
 0001:0000f6f0       ?DeleteVR@DICOMObject@@QAEHPAVVR@@@Z 004106f0 f   dicom:cong.obj
 0001:0000f800       ?Reset@DICOMObject@@UAEHXZ 00410800 f   dicom:cong.obj
 0001:0000f850       ?SetIf@VR@@QAEHPAV1@@Z     00410850 f   dicom:cong.obj
 0001:0000fc20       ?Reset@VR@@QAEHXZ          00410c20 f   dicom:cong.obj
 0001:0000fd30       ?ReAlloc@VR@@QAEHI@Z       00410d30 f   dicom:cong.obj
 0001:0000fdb0       ??0ApplicationContext@@QAE@XZ 00410db0 f   dicom:cong.obj
 0001:0000fde0       ??0ApplicationContext@@QAE@AAVUID@@@Z 00410de0 f   dicom:cong.obj
 0001:0000fe50       ??0ApplicationContext@@QAE@PAE@Z 00410e50 f   dicom:cong.obj
 0001:0000fe90       ?Set@ApplicationContext@@QAEXPAE@Z 00410e90 f   dicom:cong.obj
 0001:0000fea0       ??0AbstractSyntax@@QAE@XZ  00410ea0 f   dicom:cong.obj
 0001:0000fed0       ??0AbstractSyntax@@QAE@AAVUID@@@Z 00410ed0 f   dicom:cong.obj
 0001:0000ff40       ??0AbstractSyntax@@QAE@PAE@Z 00410f40 f   dicom:cong.obj
 0001:0000ff80       ?Set@AbstractSyntax@@QAEXPAE@Z 00410f80 f   dicom:cong.obj
 0001:0000ff90       ??0TransferSyntax@@QAE@XZ  00410f90 f   dicom:cong.obj
 0001:0000ffc0       ??0TransferSyntax@@QAE@AAVUID@@@Z 00410fc0 f   dicom:cong.obj
 0001:00010030       ??0TransferSyntax@@QAE@PAE@Z 00411030 f   dicom:cong.obj
 0001:00010070       ?Set@TransferSyntax@@QAEXPAE@Z 00411070 f   dicom:cong.obj
 0001:00010080       ??0ImplementationClass@@QAE@XZ 00411080 f   dicom:cong.obj
 0001:000100b0       ??0ImplementationClass@@QAE@AAVUID@@@Z 004110b0 f   dicom:cong.obj
 0001:00010120       ??0ImplementationClass@@QAE@PAE@Z 00411120 f   dicom:cong.obj
 0001:00010160       ?Set@ImplementationClass@@QAEXPAE@Z 00411160 f   dicom:cong.obj
 0001:00010170       ??0ImplementationVersion@@QAE@XZ 00411170 f   dicom:cong.obj
 0001:000101a0       ??0ImplementationVersion@@QAE@AAVUID@@@Z 004111a0 f   dicom:cong.obj
 0001:00010210       ??0ImplementationVersion@@QAE@PAE@Z 00411210 f   dicom:cong.obj
 0001:00010250       ?Set@ImplementationVersion@@QAEXPAE@Z 00411250 f   dicom:cong.obj
 0001:00010260       ?Size@PresentationContext@@QAEIXZ 00411260 f   dicom:cong.obj
 0001:000102b0       ??0SCPSCURoleSelect@@QAE@XZ 004112b0 f   dicom:cong.obj
 0001:000102e0       ??0UserInformation@@QAE@XZ 004112e0 f   dicom:cong.obj
 0001:00010360       ?SetCalledApTitle@AAssociateRQ@@QAEXPAE@Z 00411360 f   dicom:cong.obj
 0001:000103b0       ?SetCallingApTitle@AAssociateRQ@@QAEXPAE@Z 004113b0 f   dicom:cong.obj
 0001:00010400       ?SetApplicationContext@AAssociateRQ@@QAEXAAVApplicationContext@@@Z 00411400 f   dicom:cong.obj
 0001:00010410       ??4UserInformation@@QAEAAV0@AAV0@@Z 00411410 f i dicom:cong.obj
 0001:00010470       ??0PresentationContextAccept@@QAE@XZ 00411470 f   dicom:cong.obj
 0001:000104c0       ??0PresentationContextAccept@@QAE@AAVTransferSyntax@@@Z 004114c0 f   dicom:cong.obj
 0001:00010520       ?SetCalledApTitle@AAssociateAC@@QAEXPAE@Z 00411520 f   dicom:cong.obj
 0001:00010570       ?SetCallingApTitle@AAssociateAC@@QAEXPAE@Z 00411570 f   dicom:cong.obj
 0001:000105c0       ?SetUserInformation@AAssociateAC@@QAEXAAVUserInformation@@@Z 004115c0 f   dicom:cong.obj
 0001:000105d0       ??_GAAssociateRJ@@UAEPAXI@Z 004115d0 f i dicom:cong.obj
 0001:000105d0       ??_EAAssociateRJ@@UAEPAXI@Z 004115d0 f i dicom:cong.obj
 0001:000105f0       ??_EAReleaseRQ@@UAEPAXI@Z  004115f0 f i dicom:cong.obj
 0001:000105f0       ??_GAReleaseRQ@@UAEPAXI@Z  004115f0 f i dicom:cong.obj
 0001:00010610       ??_EAReleaseRP@@UAEPAXI@Z  00411610 f i dicom:cong.obj
 0001:00010610       ??_GAReleaseRP@@UAEPAXI@Z  00411610 f i dicom:cong.obj
 0001:00010630       ??_GAAbortRQ@@UAEPAXI@Z    00411630 f i dicom:cong.obj
 0001:00010630       ??_EAAbortRQ@@UAEPAXI@Z    00411630 f i dicom:cong.obj
 0001:00010650       ?Flush@LinkedBuffer@@QAEHAAVBuffer@@I@Z 00411650 f   dicom:cong.obj
 0001:00010670       ?GetAcceptedPCIDForTransferSyntax@PDU_Service@@QAEEAAVUID@@@Z 00411670 f   dicom:cong.obj
 0001:00010810       ?GetTransferSyntaxUID@PDU_Service@@QAEHEAAVUID@@@Z 00411810 f   dicom:cong.obj
 0001:00010900       ?SetLocalAddress@PDU_Service@@UAEHPAE@Z 00411900 f   dicom:cong.obj
 0001:00010920       ?SetRemoteAddress@PDU_Service@@UAEHPAE@Z 00411920 f   dicom:cong.obj
 0001:00010940       ?GetImplementationClass@PDU_Service@@MAEHAAVImplementationClass@@@Z 00411940 f   dicom:cong.obj
 0001:00010960       ?GetImplementationVersion@PDU_Service@@MAEHAAVImplementationVersion@@@Z 00411960 f   dicom:cong.obj
 0001:00010980       ?ParseRawVRIntoDCM@PDU_Service@@MAEHEAAVLinkedBuffer@@PAVDICOMObject@@@Z 00411980 f   dicom:cong.obj
 0001:00010bf0       ?ParseDCMIntoRawVR@PDU_Service@@MAEEPAVDICOMObject@@AAVLinkedBuffer@@@Z 00411bf0 f   dicom:cong.obj
 0001:00010d80       ?ConvertNumber@@YAGPAD@Z   00411d80 f   dicom:cong.obj
 0001:00010e30       ?strcatlim@@YAPADPADPBDI@Z 00411e30 f   dicom:cong.obj
 0001:00010e60       ?Read@CEchoRQ@@QAEHPAVDICOMCommandObject@@@Z 00411e60 f   dicom:cong.obj
 0001:00010e90       ?Read@CEchoRSP@@QAEHPAVDICOMCommandObject@@@Z 00411e90 f   dicom:cong.obj
 0001:00010ec0       ?Read@CStoreRSP@@QAEHPAVDICOMCommandObject@@@Z 00411ec0 f   dicom:cong.obj
 0001:00010ef0       ?Read@NDeleteRQ@@QAEHPAVDICOMCommandObject@@PAVPDU_Service@@@Z 00411ef0 f   dicom:cong.obj
 0001:00010f30       ?Read@NDeleteRSP@@QAEHPAVDICOMCommandObject@@PAVPDU_Service@@@Z 00411f30 f   dicom:cong.obj
 0001:00010f70       ?GetUID@Verification@@UAEHAAVUID@@@Z 00411f70 f   dicom:cong.obj
 0001:00010f90       ?ReadRequest@Verification@@QAEHPAVPDU_Service@@PAVDICOMCommandObject@@@Z 00411f90 f   dicom:cong.obj
 0001:00011070       ?GetUID@CRStorage@@UAEHAAVUID@@@Z 00412070 f   dicom:cong.obj
 0001:00011090       ?GetUID@CTStorage@@UAEHAAVUID@@@Z 00412090 f   dicom:cong.obj
 0001:000110b0       ?GetUID@USMultiframeStorage@@UAEHAAVUID@@@Z 004120b0 f   dicom:cong.obj
 0001:000110d0       ?GetUID@MRStorage@@UAEHAAVUID@@@Z 004120d0 f   dicom:cong.obj
 0001:000110f0       ?GetUID@NMStorage@@UAEHAAVUID@@@Z 004120f0 f   dicom:cong.obj
 0001:00011110       ?GetUID@USStorage@@UAEHAAVUID@@@Z 00412110 f   dicom:cong.obj
 0001:00011130       ?GetUID@SCStorage@@UAEHAAVUID@@@Z 00412130 f   dicom:cong.obj
 0001:00011150       ?GetUID@StandaloneOverlayStorage@@UAEHAAVUID@@@Z 00412150 f   dicom:cong.obj
 0001:00011170       ?GetUID@StandaloneCurveStorage@@UAEHAAVUID@@@Z 00412170 f   dicom:cong.obj
 0001:00011190       ?GetUID@StandaloneModalityLUTStorage@@UAEHAAVUID@@@Z 00412190 f   dicom:cong.obj
 0001:000111b0       ?GetUID@StandaloneVOILUTStorage@@UAEHAAVUID@@@Z 004121b0 f   dicom:cong.obj
 0001:000111d0       ?GetUID@GEMRStorage@@UAEHAAVUID@@@Z 004121d0 f   dicom:cong.obj
 0001:000111f0       ?GetUID@GECTStorage@@UAEHAAVUID@@@Z 004121f0 f   dicom:cong.obj
 0001:00011210       ?GetUID@PatientRootQuery@@UAEHAAVUID@@@Z 00412210 f   dicom:cong.obj
 0001:00011230       ?GetUID@PatientRootRetrieve@@UAEHAAVUID@@@Z 00412230 f   dicom:cong.obj
 0001:00011250       ?GetUID@StudyRootQuery@@UAEHAAVUID@@@Z 00412250 f   dicom:cong.obj
 0001:00011270       ?GetUID@StudyRootRetrieve@@UAEHAAVUID@@@Z 00412270 f   dicom:cong.obj
 0001:00011290       ?GetUID@PatientStudyOnlyQuery@@UAEHAAVUID@@@Z 00412290 f   dicom:cong.obj
 0001:000112b0       ?GetUID@PatientStudyOnlyRetrieve@@UAEHAAVUID@@@Z 004122b0 f   dicom:cong.obj
 0001:000112d0       ?GetUID@ModalityWorkListQuery@@UAEHAAVUID@@@Z 004122d0 f   dicom:cong.obj
 0001:000112f0       ??_G?$FixedArray@IU_RTCElement@@@@QAEPAXI@Z 004122f0 f i dicom:cong.obj
 0001:00011330       ?RunTimeClass@RTC@@QAEGGGPAD@Z 00412330 f   dicom:cong.obj
 0001:000113c0       ?RunTimeClass@RTC@@QAEHPAVVR@@@Z 004123c0 f   dicom:cong.obj
 0001:00011440       ?GetGroupElement@RTC@@QAEHPAU_RTCElement@@@Z 00412440 f   dicom:cong.obj
 0001:00011500       ?AttachBinaryRTC@RTC@@QAEHPAD@Z 00412500 f   dicom:cong.obj
 0001:000117e0       ?AttachResourceRTC@RTC@@QAEHPAD@Z 004127e0 f   dicom:cong.obj
 0001:00011a30       ??0ACRNemaMap@@IAE@XZ      00412a30 f   dicom:cong.obj
 0001:00011b00       ?ClearMap@ACRNemaMap@@QAEXXZ 00412b00 f   dicom:cong.obj
 0001:00011bf0       ?DeleteEntry@ACRNemaMap@@QAEHI@Z 00412bf0 f   dicom:cong.obj
 0001:00011c30       ?GetACRNema@ACRNemaMap@@QAEHPAD000@Z 00412c30 f   dicom:cong.obj
 0001:00012160       ?GetOneEntry@ACRNemaMap@@QAEXIPADI0@Z 00413160 f   dicom:cong.obj
 0001:000121b0       ?GetOneACRNemaAddress@ACRNemaMap@@QAEPAU_ACRNemaAddress@@I@Z 004131b0 f   dicom:cong.obj
 0001:000121d0       ?GetSize@ACRNemaMap@@QAEIXZ 004131d0 f   dicom:cong.obj
 0001:000121e0       ?GetWholeAMapToString@ACRNemaMap@@QAEPADPAD@Z 004131e0 f   dicom:cong.obj
 0001:000122e0       ?PrintAMapToString@ACRNemaMap@@QAEPADPAD@Z 004132e0 f   dicom:cong.obj
 0001:00012350       ?WriteAMapToTheFile@ACRNemaMap@@QAEHPAD@Z 00413350 f   dicom:cong.obj
 0001:000124e0       ?decommentBuffer@@YAHPADH@Z 004134e0 f   dicom:cong.obj
 0001:00012670       ??A?$Array@VTransferSyntax@@@@QAEAAVTransferSyntax@@I@Z 00413670 f i dicom:cong.obj
 0001:00012680       ??A?$Array@VPresentationContext@@@@QAEAAVPresentationContext@@I@Z 00413680 f i dicom:cong.obj
 0001:00012690       ??A?$Array@VPresentationContextAccept@@@@QAEAAVPresentationContextAccept@@I@Z 00413690 f i dicom:cong.obj
 0001:000126a0       ?tellg@?$basic_istream@DU?$char_traits@D@std@@@std@@QAE?AV?$fpos@H@2@XZ 004136a0 f i dicom:cong.obj
 0001:000126f0       ??1_Sentry_base@?$basic_istream@DU?$char_traits@D@std@@@std@@QAE@XZ 004136f0 f i dicom:cong.obj
 0001:00012710       ??1?$basic_streambuf@DU?$char_traits@D@std@@@std@@UAE@XZ 00413710 f i dicom:cong.obj
 0001:000127a0       ?overflow@?$basic_streambuf@DU?$char_traits@D@std@@@std@@MAEHH@Z 004137a0 f i dicom:cong.obj
 0001:000127b0       ?pbackfail@?$basic_streambuf@DU?$char_traits@D@std@@@std@@MAEHH@Z 004137b0 f i dicom:cong.obj
 0001:000127c0       ?showmanyc@?$basic_streambuf@DU?$char_traits@D@std@@@std@@MAEHXZ 004137c0 f i dicom:cong.obj
 0001:000127d0       ?underflow@?$basic_streambuf@DU?$char_traits@D@std@@@std@@MAEHXZ 004137d0 f i dicom:cong.obj
 0001:000127e0       ?xsgetn@?$basic_streambuf@DU?$char_traits@D@std@@@std@@MAEHPADH@Z 004137e0 f i dicom:cong.obj
 0001:00012800       ?setbuf@?$basic_streambuf@DU?$char_traits@D@std@@@std@@MAEPAV12@PADH@Z 00413800 f i dicom:cong.obj
 0001:00012810       ?sync@?$basic_streambuf@DU?$char_traits@D@std@@@std@@MAEHXZ 00413810 f i dicom:cong.obj
 0001:00012820       ?imbue@?$basic_streambuf@DU?$char_traits@D@std@@@std@@MAEXABVlocale@2@@Z 00413820 f i dicom:cong.obj
 0001:00012830       ?pptr@?$basic_streambuf@DU?$char_traits@D@std@@@std@@IBEPADXZ 00413830 f i dicom:cong.obj
 0001:00012840       ?gbump@?$basic_streambuf@DU?$char_traits@D@std@@@std@@IAEXH@Z 00413840 f i dicom:cong.obj
 0001:00012860       ?pbump@?$basic_streambuf@DU?$char_traits@D@std@@@std@@IAEXH@Z 00413860 f i dicom:cong.obj
 0001:00012880       ?_Pnavail@?$basic_streambuf@DU?$char_traits@D@std@@@std@@IBEHXZ 00413880 f i dicom:cong.obj
 0001:000128a0       ?sgetc@?$basic_streambuf@DU?$char_traits@D@std@@@std@@QAEHXZ 004138a0 f i dicom:cong.obj
 0001:000128c0       ?uflow@?$basic_streambuf@DU?$char_traits@D@std@@@std@@MAEHXZ 004138c0 f i dicom:cong.obj
 0001:000128f0       ?seekoff@?$basic_streambuf@DU?$char_traits@D@std@@@std@@MAE?AV?$fpos@H@2@JHH@Z 004138f0 f i dicom:cong.obj
 0001:00012910       ?seekpos@?$basic_streambuf@DU?$char_traits@D@std@@@std@@MAE?AV?$fpos@H@2@V32@H@Z 00413910 f i dicom:cong.obj
 0001:00012930       ?is_open@?$basic_ifstream@DU?$char_traits@D@std@@@std@@QBE_NXZ 00413930 f i dicom:cong.obj
 0001:00012940       ??_E?$Array@PAVBufferSpace@@@@UAEPAXI@Z 00413940 f i dicom:cong.obj
 0001:00012940       ??_G?$Array@PAVBufferSpace@@@@UAEPAXI@Z 00413940 f i dicom:cong.obj
 0001:00012960       ??_E?$Array@PAVVR@@@@UAEPAXI@Z 00413960 f i dicom:cong.obj
 0001:00012960       ??_G?$Array@PAVVR@@@@UAEPAXI@Z 00413960 f i dicom:cong.obj
 0001:00012980       ??_G?$Array@PAVVRGroupPQueue@@@@UAEPAXI@Z 00413980 f i dicom:cong.obj
 0001:00012980       ??_E?$Array@PAVVRGroupPQueue@@@@UAEPAXI@Z 00413980 f i dicom:cong.obj
 0001:000129a0       ??_G?$Array@PAVDICOMObject@@@@UAEPAXI@Z 004139a0 f i dicom:cong.obj
 0001:000129a0       ??_E?$Array@PAVDICOMObject@@@@UAEPAXI@Z 004139a0 f i dicom:cong.obj
 0001:000129c0       ??_E?$Array@PAVDICOMDataObject@@@@UAEPAXI@Z 004139c0 f i dicom:cong.obj
 0001:000129c0       ??_G?$Array@PAVDICOMDataObject@@@@UAEPAXI@Z 004139c0 f i dicom:cong.obj
 0001:000129e0       ??_G?$Array@U_RTCElement@@@@UAEPAXI@Z 004139e0 f i dicom:cong.obj
 0001:000129e0       ??_E?$Array@U_RTCElement@@@@UAEPAXI@Z 004139e0 f i dicom:cong.obj
 0001:00012a00       ??_E?$Array@PAU_ACRNemaAddress@@@@UAEPAXI@Z 00413a00 f i dicom:cong.obj
 0001:00012a00       ??_G?$Array@PAU_ACRNemaAddress@@@@UAEPAXI@Z 00413a00 f i dicom:cong.obj
 0001:00012a20       ??_G?$basic_istream@DU?$char_traits@D@std@@@std@@UAEPAXI@Z 00413a20 f i dicom:cong.obj
 0001:00012a20       ??_E?$basic_istream@DU?$char_traits@D@std@@@std@@UAEPAXI@Z 00413a20 f i dicom:cong.obj
 0001:00012a50       ??_E?$basic_streambuf@DU?$char_traits@D@std@@@std@@UAEPAXI@Z 00413a50 f i dicom:cong.obj
 0001:00012a50       ??_G?$basic_streambuf@DU?$char_traits@D@std@@@std@@UAEPAXI@Z 00413a50 f i dicom:cong.obj
 0001:00012a70       ??0?$_String_val@DV?$allocator@D@std@@@std@@IAE@V?$allocator@D@1@@Z 00413a70 f i dicom:cong.obj
 0001:00012a80       ??0?$_String_val@DV?$allocator@D@std@@@std@@QAE@ABV01@@Z 00413a80 f i dicom:cong.obj
 0001:00012a90       ??0_Sentry_base@?$basic_istream@DU?$char_traits@D@std@@@std@@QAE@AAV12@@Z 00413a90 f i dicom:cong.obj
 0001:00012ac0       ?sbumpc@?$basic_streambuf@DU?$char_traits@D@std@@@std@@QAEHXZ 00413ac0 f i dicom:cong.obj
 0001:00012af0       ??D?$_String_iterator@DU?$char_traits@D@std@@V?$allocator@D@2@@std@@QBEAADXZ 00413af0 f i dicom:cong.obj
 0001:00012b30       ?_Chassign@?$basic_string@DU?$char_traits@D@std@@V?$allocator@D@2@@std@@IAEXIID@Z 00413b30 f i dicom:cong.obj
 0001:00012b90       ?_Eos@?$basic_string@DU?$char_traits@D@std@@V?$allocator@D@2@@std@@IAEXI@Z 00413b90 f i dicom:cong.obj
 0001:00012bb0       ?_Init@?$basic_streambuf@DU?$char_traits@D@std@@@std@@IAEXXZ 00413bb0 f i dicom:cong.obj
 0001:00012c10       ?max_size@?$basic_string@DU?$char_traits@D@std@@V?$allocator@D@2@@std@@QBEIXZ 00413c10 f i dicom:cong.obj
 0001:00012c20       ??0?$_String_const_iterator@DU?$char_traits@D@std@@V?$allocator@D@2@@std@@QAE@PBDPBU_Container_base@1@@Z 00413c20 f i dicom:cong.obj
 0001:00012c80       ?allocate@?$allocator@D@std@@QAEPADI@Z 00413c80 f i dicom:cong.obj
 0001:00012cd0       ?Add@?$Array@PAVBufferSpace@@@@QAEAAPAVBufferSpace@@AAPAV2@@Z 00413cd0 f i dicom:cong.obj
 0001:00012d70       ?Add@?$Array@PAVVRGroupPQueue@@@@QAEAAPAVVRGroupPQueue@@AAPAV2@@Z 00413d70 f i dicom:cong.obj
 0001:00012e10       ?Push@?$PQueueOfPtr@PAVVRGroupPQueue@@@@QAEAAPAVVRGroupPQueue@@AAPAV2@@Z 00413e10 f i dicom:cong.obj
 0001:00012ea0       ?Add@?$Array@PAVDICOMObject@@@@QAEAAPAVDICOMObject@@AAPAV2@@Z 00413ea0 f i dicom:cong.obj
 0001:00012f40       ?Add@?$Array@PAVDICOMDataObject@@@@QAEAAPAVDICOMDataObject@@AAPAV2@@Z 00413f40 f i dicom:cong.obj
 0001:00012fe0       ?Add@?$Array@U_RTCElement@@@@QAEAAU_RTCElement@@AAU2@@Z 00413fe0 f i dicom:cong.obj
 0001:00013080       ?Add@?$Array@PAU_ACRNemaAddress@@@@QAEAAPAU_ACRNemaAddress@@AAPAU2@@Z 00414080 f i dicom:cong.obj
 0001:00013120       ??$copy_s@U?$char_traits@D@std@@@_Traits_helper@std@@YAPADPADIPBDI@Z 00414120 f i dicom:cong.obj
 0001:00013150       ??$move_s@U?$char_traits@D@std@@@_Traits_helper@std@@YAPADPADIPBDI@Z 00414150 f i dicom:cong.obj
 0001:00013180       ??_G?$DataLink@VPresentationContextAccept@@@@QAEPAXI@Z 00414180 f i dicom:cong.obj
 0001:000131a0       ??_G?$DataLink@VAbstractSyntax@@@@QAEPAXI@Z 004141a0 f i dicom:cong.obj
 0001:000131c0       ??0?$DataLink@VTransferSyntax@@@@QAE@XZ 004141c0 f i dicom:cong.obj
 0001:000131f0       ??0?$DataLink@VPresentationContextAccept@@@@QAE@XZ 004141f0 f i dicom:cong.obj
 0001:00013240       ??0?$DataLink@VAbstractSyntax@@@@QAE@XZ 00414240 f i dicom:cong.obj
 0001:00013270       ?Add@?$Array@PAVVR@@@@QAEAAPAVVR@@AAPAV2@@Z 00414270 f i dicom:cong.obj
 0001:00013310       ??1?$Array@V?$FixedArrayElement@IU_RTCElement@@@@@@UAE@XZ 00414310 f i dicom:cong.obj
 0001:000133a0       ?Pop@?$PQueue@V?$FixedArrayElement@IU_RTCElement@@@@@@QAEAAV?$FixedArrayElement@IU_RTCElement@@@@XZ 004143a0 f i dicom:cong.obj
 0001:00013590       ??_G?$DataLink@VTransferSyntax@@@@QAEPAXI@Z 00414590 f i dicom:cong.obj
 0001:000135b0       ?Add@?$Array@V?$FixedArrayElement@IU_RTCElement@@@@@@QAEAAV?$FixedArrayElement@IU_RTCElement@@@@AAV2@@Z 004145b0 f i dicom:cong.obj
 0001:00013660       ??0VRGroupPQueue@@QAE@G@Z  00414660 f i dicom:cong.obj
 0001:000136d0       ??1VRGroupPQueue@@UAE@XZ   004146d0 f i dicom:cong.obj
 0001:00013720       ??_EVRGroupPQueue@@UAEPAXI@Z 00414720 f i dicom:cong.obj
 0001:00013720       ??_GVRGroupPQueue@@UAEPAXI@Z 00414720 f i dicom:cong.obj
 0001:00013780       ??0LinkedBuffer@@QAE@XZ    00414780 f i dicom:cong.obj
 0001:000137e0       ??1LinkedBuffer@@UAE@XZ    004147e0 f i dicom:cong.obj
 0001:00013840       ??_ELinkedBuffer@@UAEPAXI@Z 00414840 f i dicom:cong.obj
 0001:00013840       ??_GLinkedBuffer@@UAEPAXI@Z 00414840 f i dicom:cong.obj
 0001:00013860       ??_EBuffer@@UAEPAXI@Z      00414860 f i dicom:cong.obj
 0001:00013860       ??_GBuffer@@UAEPAXI@Z      00414860 f i dicom:cong.obj
 0001:00013880       ?Write@Buffer@@QAEHPAEI@Z  00414880 f   dicom:cong.obj
 0001:00013af0       ?ReadBlock@Buffer@@QAEHXZ  00414af0 f   dicom:cong.obj
 0001:00013bf0       ??0DICOMObject@@QAE@XZ     00414bf0 f   dicom:cong.obj
 0001:00013c90       ?Push@DICOMObject@@UAEHPAV1@@Z 00414c90 f   dicom:cong.obj
 0001:00013d80       ?ReplaceVR@DICOMObject@@QAEHPAVVR@@@Z 00414d80 f   dicom:cong.obj
 0001:00013e30       ?ChangeVR@DICOMObject@@QAEHGGPBDGH@Z 00414e30 f   dicom:cong.obj
 0001:00013f50       ?ChangeVR@DICOMObject@@QAEHGGEG@Z 00414f50 f   dicom:cong.obj
 0001:00014060       ?ChangeVR@DICOMObject@@QAEHGGGG@Z 00415060 f   dicom:cong.obj
 0001:00014180       ?ChangeVR@DICOMObject@@QAEHGGIG@Z 00415180 f   dicom:cong.obj
 0001:000142a0       ?Package@DICOMObject@@AAEHXZ 004152a0 f   dicom:cong.obj
 0001:00014360       ?SetUserInformation@AAssociateRQ@@QAEXAAVUserInformation@@@Z 00415360 f   dicom:cong.obj
 0001:00014370       ?Size@AAssociateRQ@@QAEIXZ 00415370 f   dicom:cong.obj
 0001:00014470       ?Size@AAssociateAC@@QAEIXZ 00415470 f   dicom:cong.obj
 0001:00014540       ??0MemoryBuffer@@QAE@PAEIHI@Z 00415540 f   dicom:cong.obj
 0001:00014610       ??1MemoryBuffer@@UAE@XZ    00415610 f   dicom:cong.obj
 0001:00014680       ?SendBinary@LinkedBuffer@@UAEHPAEI@Z 00415680 f   dicom:cong.obj
 0001:000146b0       ??0PDataTF@@QAE@XZ         004156b0 f   dicom:cong.obj
 0001:00014710       ??1PDataTF@@UAE@XZ         00415710 f   dicom:cong.obj
 0001:00014760       ?CanYouHandleTransferSyntax@CheckedPDU_Service@@UAEHAAVTransferSyntax@@@Z 00415760 f   dicom:cong.obj
 0001:00014940       ?ShouldIAcceptApplicationContext@CheckedPDU_Service@@EAEHAAVApplicationContext@@@Z 00415940 f   dicom:cong.obj
 0001:00014a40       ?ShouldIAcceptAbstractSyntax@CheckedPDU_Service@@EAEHAAVAbstractSyntax@@@Z 00415a40 f   dicom:cong.obj
 0001:00014b40       ??0FileBuffer@@QAE@XZ      00415b40 f i dicom:cong.obj
 0001:00014ba0       ??1FileBuffer@@UAE@XZ      00415ba0 f i dicom:cong.obj
 0001:00014bf0       ??_GFileBuffer@@UAEPAXI@Z  00415bf0 f i dicom:cong.obj
 0001:00014bf0       ??_EFileBuffer@@UAEPAXI@Z  00415bf0 f i dicom:cong.obj
 0001:00014c50       ?SaveDICOMDataObject@PDU_Service@@QAEHPADIPAVDICOMDataObject@@@Z 00415c50 f   dicom:cong.obj
 0001:00014f60       ?DetachRTC@RTC@@QAEHXZ     00415f60 f   dicom:cong.obj
 0001:00014ff0       ??1ACRNemaMap@@IAE@XZ      00415ff0 f   dicom:cong.obj
 0001:00015020       ?AppendMapToOpenFile@ACRNemaMap@@AAEHPAU_iobuf@@PAD@Z 00416020 f   dicom:cong.obj
 0001:00015080       ?GetACRNemaNoWild@ACRNemaMap@@QAEHPAD000@Z 00416080 f   dicom:cong.obj
 0001:00015090       ?ReplaceEntry@ACRNemaMap@@QAEHIPBD000@Z 00416090 f   dicom:cong.obj
 0001:00015180       ?WriteAMapToAFile@ACRNemaMap@@QAEHPBDPAD@Z 00416180 f   dicom:cong.obj
 0001:000151f0       ??1sentry@?$basic_istream@DU?$char_traits@D@std@@@std@@QAE@XZ 004161f0 f i dicom:cong.obj
 0001:00015250       ?snextc@?$basic_streambuf@DU?$char_traits@D@std@@@std@@QAEHXZ 00416250 f i dicom:cong.obj
 0001:000152d0       ?_Xsgetn_s@?$basic_streambuf@DU?$char_traits@D@std@@@std@@MAEHPADIH@Z 004162d0 f i dicom:cong.obj
 0001:00015370       ?xsputn@?$basic_streambuf@DU?$char_traits@D@std@@@std@@MAEHPBDH@Z 00416370 f i dicom:cong.obj
 0001:00015410       ?erase@?$basic_string@DU?$char_traits@D@std@@V?$allocator@D@2@@std@@QAEAAV12@II@Z 00416410 f i dicom:cong.obj
 0001:000154a0       ?_Tidy@?$basic_string@DU?$char_traits@D@std@@V?$allocator@D@2@@std@@IAEX_NI@Z 004164a0 f i dicom:cong.obj
 0001:000154f0       ?_Init@?$basic_filebuf@DU?$char_traits@D@std@@@std@@IAEXPAU_iobuf@@W4_Initfl@12@@Z 004164f0 f i dicom:cong.obj
 0001:00015540       ?_Initcvt@?$basic_filebuf@DU?$char_traits@D@std@@@std@@IAEXPAV?$codecvt@DDH@2@@Z 00416540 f i dicom:cong.obj
 0001:00015570       ??0?$basic_streambuf@DU?$char_traits@D@std@@@std@@IAE@XZ 00416570 f i dicom:cong.obj
 0001:00015600       ??0?$_String_iterator@DU?$char_traits@D@std@@V?$allocator@D@2@@std@@QAE@PADPBU_Container_base@1@@Z 00416600 f i dicom:cong.obj
 0001:00015620       ?_Copy@?$basic_string@DU?$char_traits@D@std@@V?$allocator@D@2@@std@@IAEXII@Z 00416620 f i dicom:cong.obj
 0001:00015770       ?Push@?$PQueueOfPtr@PAVVR@@@@QAEAAPAVVR@@AAPAV2@@Z 00416770 f i dicom:cong.obj
 0001:00015810       ?Add@?$Array@VTransferSyntax@@@@QAEAAVTransferSyntax@@AAV2@@Z 00416810 f i dicom:cong.obj
 0001:000158d0       ?Add@?$Array@VPresentationContextAccept@@@@QAEAAVPresentationContextAccept@@AAV2@@Z 004168d0 f i dicom:cong.obj
 0001:000159a0       ?RemoveAt@?$Array@VPresentationContextAccept@@@@QAEHI@Z 004169a0 f i dicom:cong.obj
 0001:00015a30       ??1?$Array@VPresentationContextAccept@@@@UAE@XZ 00416a30 f i dicom:cong.obj
 0001:00015ac0       ?Add@?$Array@VAbstractSyntax@@@@QAEAAVAbstractSyntax@@AAV2@@Z 00416ac0 f i dicom:cong.obj
 0001:00015b80       ?RemoveAt@?$Array@VAbstractSyntax@@@@QAEHI@Z 00416b80 f i dicom:cong.obj
 0001:00015c10       ??1?$Array@VAbstractSyntax@@@@UAE@XZ 00416c10 f i dicom:cong.obj
 0001:00015ca0       ??0?$PQueue@V?$FixedArrayElement@IU_RTCElement@@@@@@QAE@XZ 00416ca0 f i dicom:cong.obj
 0001:00015d10       ??1?$PQueue@V?$FixedArrayElement@IU_RTCElement@@@@@@UAE@XZ 00416d10 f i dicom:cong.obj
 0001:00015d60       ??_G?$PQueue@V?$FixedArrayElement@IU_RTCElement@@@@@@UAEPAXI@Z 00416d60 f i dicom:cong.obj
 0001:00015d60       ??_E?$PQueue@V?$FixedArrayElement@IU_RTCElement@@@@@@UAEPAXI@Z 00416d60 f i dicom:cong.obj
 0001:00015dc0       ??_G?$Array@V?$FixedArrayElement@IU_RTCElement@@@@@@UAEPAXI@Z 00416dc0 f i dicom:cong.obj
 0001:00015dc0       ??_E?$Array@V?$FixedArrayElement@IU_RTCElement@@@@@@UAEPAXI@Z 00416dc0 f i dicom:cong.obj
 0001:00015de0       ?RemoveAt@?$Array@VTransferSyntax@@@@QAEHI@Z 00416de0 f i dicom:cong.obj
 0001:00015e70       ?Push@?$PQueue@V?$FixedArrayElement@IU_RTCElement@@@@@@QAEAAV?$FixedArrayElement@IU_RTCElement@@@@AAV2@@Z 00416e70 f i dicom:cong.obj
 0001:00015f40       ??6Buffer@@QAEAAV0@AAE@Z   00416f40 f   dicom:cong.obj
 0001:00015f70       ??6Buffer@@QAEAAV0@AAG@Z   00416f70 f   dicom:cong.obj
 0001:00015fe0       ??6Buffer@@QAEAAV0@AAI@Z   00416fe0 f   dicom:cong.obj
 0001:00016040       ?Fill@Buffer@@QAEHI@Z      00417040 f   dicom:cong.obj
 0001:00016090       ?Read@Buffer@@QAEHPAEI@Z   00417090 f   dicom:cong.obj
 0001:000161e0       ?Push@VRGroupPQueue@@QAEHPAVVR@@@Z 004171e0 f   dicom:cong.obj
 0001:00016220       ?Push@DICOMObject@@UAEHPAVVR@@@Z 00417220 f   dicom:cong.obj
 0001:00016370       ?Pop@DICOMObject@@UAEPAVVR@@XZ 00417370 f   dicom:cong.obj
 0001:00016410       ?Write@ApplicationContext@@QAEHAAVBuffer@@@Z 00417410 f   dicom:cong.obj
 0001:00016470       ?Write@AbstractSyntax@@QAEHAAVBuffer@@@Z 00417470 f   dicom:cong.obj
 0001:000164d0       ?Write@TransferSyntax@@QAEHAAVBuffer@@@Z 004174d0 f   dicom:cong.obj
 0001:00016530       ?Write@ImplementationClass@@QAEHAAVBuffer@@@Z 00417530 f   dicom:cong.obj
 0001:00016590       ?Write@ImplementationVersion@@QAEHAAVBuffer@@@Z 00417590 f   dicom:cong.obj
 0001:000165f0       ?AddTransferSyntax@PresentationContext@@QAEXAAVTransferSyntax@@@Z 004175f0 f   dicom:cong.obj
 0001:00016600       ?Write@PresentationContext@@QAEHAAVBuffer@@@Z 00417600 f   dicom:cong.obj
 0001:00016750       ?Write@MaximumSubLength@@QAEHAAVBuffer@@@Z 00417750 f   dicom:cong.obj
 0001:000167a0       ?Write@SCPSCURoleSelect@@QAEHAAVBuffer@@@Z 004177a0 f   dicom:cong.obj
 0001:00016830       ?Write@UserInformation@@QAEHAAVBuffer@@@Z 00417830 f   dicom:cong.obj
 0001:000168d0       ?Write@AAssociateRQ@@QAEHAAVBuffer@@@Z 004178d0 f   dicom:cong.obj
 0001:000169b0       ?Write@PresentationContextAccept@@QAEHAAVBuffer@@@Z 004179b0 f   dicom:cong.obj
 0001:00016a30       ??0AAssociateAC@@QAE@XZ    00417a30 f   dicom:cong.obj
 0001:00016b40       ??0AAssociateAC@@QAE@PAE0@Z 00417b40 f   dicom:cong.obj
 0001:00016cc0       ??1AAssociateAC@@UAE@XZ    00417cc0 f   dicom:cong.obj
 0001:00016d10       ?AddPresentationContextAccept@AAssociateAC@@QAEXAAVPresentationContextAccept@@@Z 00417d10 f   dicom:cong.obj
 0001:00016d20       ?Write@AAssociateAC@@QAEHAAVBuffer@@@Z 00417d20 f   dicom:cong.obj
 0001:00016e00       ?Write@AAssociateRJ@@QAEHAAVBuffer@@@Z 00417e00 f   dicom:cong.obj
 0001:00016eb0       ?Write@AReleaseRQ@@QAEHAAVBuffer@@@Z 00417eb0 f   dicom:cong.obj
 0001:00016f10       ?Write@AReleaseRP@@QAEHAAVBuffer@@@Z 00417f10 f   dicom:cong.obj
 0001:00016f70       ?Write@AAbortRQ@@QAEHAAVBuffer@@@Z 00417f70 f   dicom:cong.obj
 0001:00017020       ??_EMemoryBuffer@@UAEPAXI@Z 00418020 f i dicom:cong.obj
 0001:00017020       ??_GMemoryBuffer@@UAEPAXI@Z 00418020 f i dicom:cong.obj
 0001:00017040       ?Fill@LinkedBuffer@@QAEHAAVBuffer@@I@Z 00418040 f   dicom:cong.obj
 0001:00017060       ?ReadBinary@LinkedBuffer@@UAEHPAEI@Z 00418060 f   dicom:cong.obj
 0001:00017090       ?Write@PDataTF@@QAEHAAVBuffer@@@Z 00418090 f   dicom:cong.obj
 0001:00017220       ??_GPDataTF@@UAEPAXI@Z     00418220 f i dicom:cong.obj
 0001:00017220       ??_EPDataTF@@UAEPAXI@Z     00418220 f i dicom:cong.obj
 0001:00017290       ?InterogateAAssociateAC@PDU_Service@@IAEHXZ 00418290 f   dicom:cong.obj
 0001:00017530       ?ClearAbstractSyntaxs@PDU_Service@@QAEHXZ 00418530 f   dicom:cong.obj
 0001:000175e0       ?AddAbstractSyntax@PDU_Service@@UAEHAAVUID@@@Z 004185e0 f   dicom:cong.obj
 0001:000176e0       ?AddTransferSyntaxs@PDU_Service@@MAEHAAVPresentationContext@@@Z 004186e0 f   dicom:cong.obj
 0001:000177a0       ?ParseImagePixelDataDCMToRaw@PDU_Service@@MAEHPAV?$Array@PAVDICOMDataObject@@@@AAVLinkedBuffer@@@Z 004187a0 f   dicom:cong.obj
 0001:00017940       ?Implicit_ParseDCMIntoRawVR@PDU_Service@@MAEHPAVDICOMObject@@AAVLinkedBuffer@@@Z 00418940 f   dicom:cong.obj
 0001:00017f20       ?Explicit_ParseDCMIntoRawVR@PDU_Service@@MAEHPAVDICOMObject@@AAVLinkedBuffer@@@Z 00418f20 f   dicom:cong.obj
 0001:000185e0       ?Dynamic_ParseDCMIntoRawVR@PDU_Service@@MAEHPAVDICOMObject@@AAVLinkedBuffer@@I@Z 004195e0 f   dicom:cong.obj
 0001:00018e40       ??1RTC@@QAE@XZ             00419e40 f   dicom:cong.obj
 0001:00018e50       ??0?$basic_string@DU?$char_traits@D@std@@V?$allocator@D@2@@std@@QAE@XZ 00419e50 f i dicom:cong.obj
 0001:00018e70       ??1?$basic_string@DU?$char_traits@D@std@@V?$allocator@D@2@@std@@QAE@XZ 00419e70 f i dicom:cong.obj
 0001:00018ea0       ??_G?$Array@VPresentationContextAccept@@@@UAEPAXI@Z 00419ea0 f i dicom:cong.obj
 0001:00018ea0       ??_E?$Array@VPresentationContextAccept@@@@UAEPAXI@Z 00419ea0 f i dicom:cong.obj
 0001:00018ec0       ??_G?$Array@VAbstractSyntax@@@@UAEPAXI@Z 00419ec0 f i dicom:cong.obj
 0001:00018ec0       ??_E?$Array@VAbstractSyntax@@@@UAEPAXI@Z 00419ec0 f i dicom:cong.obj
 0001:00018ee0       ?begin@?$basic_string@DU?$char_traits@D@std@@V?$allocator@D@2@@std@@QAE?AV?$_String_iterator@DU?$char_traits@D@std@@V?$allocator@D@2@@2@XZ 00419ee0 f i dicom:cong.obj
 0001:00018f20       ??0?$basic_filebuf@DU?$char_traits@D@std@@@std@@QAE@PAU_iobuf@@@Z 00419f20 f i dicom:cong.obj
 0001:00018fc0       ?not_eof@?$char_traits@D@std@@SAHABH@Z 00419fc0 f i dicom:cong.obj
 0001:00018fe0       ??$_Fgetc@D@std@@YA_NAADPAU_iobuf@@@Z 00419fe0 f i dicom:cong.obj
 0001:00019000       ??$_Fputc@D@std@@YA_NDPAU_iobuf@@@Z 0041a000 f i dicom:cong.obj
 0001:00019020       ??$_Ungetc@D@std@@YA_NABDPAU_iobuf@@@Z 0041a020 f i dicom:cong.obj
 0001:00019040       ?sync@?$basic_filebuf@DU?$char_traits@D@std@@@std@@MAEHXZ 0041a040 f i dicom:cong.obj
 0001:00019070       ?eback@?$basic_streambuf@DU?$char_traits@D@std@@@std@@IBEPADXZ 0041a070 f i dicom:cong.obj
 0001:00019080       ?egptr@?$basic_streambuf@DU?$char_traits@D@std@@@std@@IBEPADXZ 0041a080 f i dicom:cong.obj
 0001:00019090       ?epptr@?$basic_streambuf@DU?$char_traits@D@std@@@std@@IBEPADXZ 0041a090 f i dicom:cong.obj
 0001:000190a0       ?_Gndec@?$basic_streambuf@DU?$char_traits@D@std@@@std@@IAEPADXZ 0041a0a0 f i dicom:cong.obj
 0001:000190c0       ?_Pninc@?$basic_streambuf@DU?$char_traits@D@std@@@std@@IAEPADXZ 0041a0c0 f i dicom:cong.obj
 0001:000190e0       ??0?$fpos@H@std@@QAE@H_J@Z 0041a0e0 f i dicom:cong.obj
 0001:00019100       ?state@?$fpos@H@std@@QBEHXZ 0041a100 f i dicom:cong.obj
 0001:00019110       ?seekpos@?$fpos@H@std@@QBE_JXZ 0041a110 f i dicom:cong.obj
 0001:00019120       ?in@?$codecvt@DDH@std@@QBEHAAHPBD1AAPBDPAD3AAPAD@Z 0041a120 f i dicom:cong.obj
 0001:00019130       ?out@?$codecvt@DDH@std@@QBEHAAHPBD1AAPBDPAD3AAPAD@Z 0041a130 f i dicom:cong.obj
 0001:00019140       ?pbackfail@?$basic_filebuf@DU?$char_traits@D@std@@@std@@MAEHH@Z 0041a140 f i dicom:cong.obj
 0001:000191b0       ?underflow@?$basic_filebuf@DU?$char_traits@D@std@@@std@@MAEHXZ 0041a1b0 f i dicom:cong.obj
 0001:00019200       ?setbuf@?$basic_filebuf@DU?$char_traits@D@std@@@std@@MAEPAV?$basic_streambuf@DU?$char_traits@D@std@@@2@PADH@Z 0041a200 f i dicom:cong.obj
 0001:00019280       ?_Grow@?$basic_string@DU?$char_traits@D@std@@V?$allocator@D@2@@std@@IAE_NI_N@Z 0041a280 f i dicom:cong.obj
 0001:00019340       ??1?$Array@VTransferSyntax@@@@UAE@XZ 0041a340 f i dicom:cong.obj
 0001:000193d0       ?Sort@?$FixedArray@IU_RTCElement@@@@QAEHXZ 0041a3d0 f i dicom:cong.obj
 0001:00019500       ??5Buffer@@QAEAAV0@AAE@Z   0041a500 f   dicom:cong.obj
 0001:00019530       ??5Buffer@@QAEAAV0@AAG@Z   0041a530 f   dicom:cong.obj
 0001:00019590       ??5Buffer@@QAEAAV0@AAI@Z   0041a590 f   dicom:cong.obj
 0001:00019600       ?Kill@Buffer@@QAEHI@Z      0041a600 f   dicom:cong.obj
 0001:00019670       ??1DICOMObject@@UAE@XZ     0041a670 f   dicom:cong.obj
 0001:00019730       ?ReadDynamic@ApplicationContext@@QAEHAAVBuffer@@@Z 0041a730 f   dicom:cong.obj
 0001:000197a0       ?ReadDynamic@AbstractSyntax@@QAEHAAVBuffer@@@Z 0041a7a0 f   dicom:cong.obj
 0001:00019810       ?ReadDynamic@TransferSyntax@@QAEHAAVBuffer@@@Z 0041a810 f   dicom:cong.obj
 0001:00019880       ?ReadDynamic@ImplementationClass@@QAEHAAVBuffer@@@Z 0041a880 f   dicom:cong.obj
 0001:000198f0       ?ReadDynamic@ImplementationVersion@@QAEHAAVBuffer@@@Z 0041a8f0 f   dicom:cong.obj
 0001:00019960       ??0PresentationContext@@QAE@XZ 0041a960 f   dicom:cong.obj
 0001:00019a10       ??0PresentationContext@@QAE@AAVAbstractSyntax@@AAVTransferSyntax@@@Z 0041aa10 f   dicom:cong.obj
 0001:00019ae0       ??1PresentationContext@@QAE@XZ 0041aae0 f   dicom:cong.obj
 0001:00019b30       ?ReadDynamic@MaximumSubLength@@QAEHAAVBuffer@@@Z 0041ab30 f   dicom:cong.obj
 0001:00019b70       ?ReadDynamic@SCPSCURoleSelect@@QAEHAAVBuffer@@@Z 0041ab70 f   dicom:cong.obj
 0001:00019c10       ?ReadDynamic@UserInformation@@QAEHAAVBuffer@@@Z 0041ac10 f   dicom:cong.obj
 0001:00019dc0       ??_GPresentationContext@@QAEPAXI@Z 0041adc0 f i dicom:cong.obj
 0001:00019e20       ??_GAAssociateAC@@UAEPAXI@Z 0041ae20 f i dicom:cong.obj
 0001:00019e20       ??_EAAssociateAC@@UAEPAXI@Z 0041ae20 f i dicom:cong.obj
 0001:00019e40       ?ReadDynamic@AAssociateRJ@@QAEHAAVBuffer@@@Z 0041ae40 f   dicom:cong.obj
 0001:00019ec0       ?ReadDynamic@AReleaseRQ@@QAEHAAVBuffer@@@Z 0041aec0 f   dicom:cong.obj
 0001:00019f00       ?ReadDynamic@AReleaseRP@@QAEHAAVBuffer@@@Z 0041af00 f   dicom:cong.obj
 0001:00019f40       ?ReadDynamic@AAbortRQ@@QAEHAAVBuffer@@@Z 0041af40 f   dicom:cong.obj
 0001:00019fc0       ?ReadDynamic@PDataTF@@QAEHAAVBuffer@@@Z 0041afc0 f   dicom:cong.obj
 0001:0001a190       ??_GRTC@@QAEPAXI@Z         0041b190 f i dicom:cong.obj
 0001:0001a1b0       ?DetachRTC@PDU_Service@@QAEPAVRTC@@XZ 0041b1b0 f   dicom:cong.obj
 0001:0001a1f0       ?Implicit_ParseRawVRIntoDCM@PDU_Service@@MAEHAAVLinkedBuffer@@PAVDICOMObject@@H@Z 0041b1f0 f   dicom:cong.obj
 0001:0001a8f0       ?Explicit_ParseRawVRIntoDCM@PDU_Service@@MAEHAAVLinkedBuffer@@PAVDICOMObject@@@Z 0041b8f0 f   dicom:cong.obj
 0001:0001b4f0       ?LoadDICOMDataObject@PDU_Service@@QAEPAVDICOMDataObject@@PAD@Z 0041c4f0 f   dicom:cong.obj
 0001:0001b6e0       ?MakeChapter10@PDU_Service@@UAEHPAVDICOMDataObject@@PBD@Z 0041c6e0 f   dicom:cong.obj
 0001:0001bc10       ?AttachRTC@RTC@@QAEHPAD@Z  0041cc10 f   dicom:cong.obj
 0001:0001c540       ?RunTimeClass@RTC@@QAEHPAVDICOMObject@@@Z 0041d540 f   dicom:cong.obj
 0001:0001c610       ??1runtime_error@std@@UAE@XZ 0041d610 f i dicom:cong.obj
 0001:0001c690       ?c_str@?$basic_string@DU?$char_traits@D@std@@V?$allocator@D@2@@std@@QBEPBDXZ 0041d690 f i dicom:cong.obj
 0001:0001c6a0       ?what@runtime_error@std@@UBEPBDXZ 0041d6a0 f i dicom:cong.obj
 0001:0001c6b0       ??_Gruntime_error@std@@UAEPAXI@Z 0041d6b0 f i dicom:cong.obj
 0001:0001c6b0       ??_Eruntime_error@std@@UAEPAXI@Z 0041d6b0 f i dicom:cong.obj
 0001:0001c6d0       ??1_Locinfo@std@@QAE@XZ    0041d6d0 f i dicom:cong.obj
 0001:0001c7c0       ??_G?$Array@VTransferSyntax@@@@UAEPAXI@Z 0041d7c0 f i dicom:cong.obj
 0001:0001c7c0       ??_E?$Array@VTransferSyntax@@@@UAEPAXI@Z 0041d7c0 f i dicom:cong.obj
 0001:0001c7e0       ?append@?$basic_string@DU?$char_traits@D@std@@V?$allocator@D@2@@std@@QAEAAV12@ID@Z 0041d7e0 f i dicom:cong.obj
 0001:0001c890       ?assign@?$basic_string@DU?$char_traits@D@std@@V?$allocator@D@2@@std@@QAEAAV12@ABV12@II@Z 0041d890 f i dicom:cong.obj
 0001:0001c970       ?assign@?$basic_string@DU?$char_traits@D@std@@V?$allocator@D@2@@std@@QAEAAV12@PBDI@Z 0041d970 f i dicom:cong.obj
 0001:0001ca40       ?assign@?$basic_string@DU?$char_traits@D@std@@V?$allocator@D@2@@std@@QAEAAV12@ID@Z 0041da40 f i dicom:cong.obj
 0001:0001cad0       ??1?$DataLink@VPresentationContext@@@@QAE@XZ 0041dad0 f i dicom:cong.obj
 0001:0001cb20       ??0?$DataLink@VPresentationContext@@@@QAE@XZ 0041db20 f i dicom:cong.obj
 0001:0001cb80       ??5Buffer@@QAEAAV0@AAD@Z   0041db80 f i dicom:cong.obj
 0001:0001cbb0       ??_EDICOMObject@@UAEPAXI@Z 0041dbb0 f i dicom:cong.obj
 0001:0001cbb0       ??_GDICOMObject@@UAEPAXI@Z 0041dbb0 f i dicom:cong.obj
 0001:0001cbd0       ?Read@ApplicationContext@@QAEHAAVBuffer@@@Z 0041dbd0 f   dicom:cong.obj
 0001:0001cc00       ?Read@AbstractSyntax@@QAEHAAVBuffer@@@Z 0041dc00 f   dicom:cong.obj
 0001:0001cc30       ?Read@TransferSyntax@@QAEHAAVBuffer@@@Z 0041dc30 f   dicom:cong.obj
 0001:0001cc60       ?Read@ImplementationClass@@QAEHAAVBuffer@@@Z 0041dc60 f   dicom:cong.obj
 0001:0001cc90       ?Read@ImplementationVersion@@QAEHAAVBuffer@@@Z 0041dc90 f   dicom:cong.obj
 0001:0001ccc0       ?ReadDynamic@PresentationContext@@QAEHAAVBuffer@@@Z 0041dcc0 f   dicom:cong.obj
 0001:0001ce80       ?Read@MaximumSubLength@@QAEHAAVBuffer@@@Z 0041de80 f   dicom:cong.obj
 0001:0001cec0       ?Read@SCPSCURoleSelect@@QAEHAAVBuffer@@@Z 0041dec0 f   dicom:cong.obj
 0001:0001cee0       ?Read@UserInformation@@QAEHAAVBuffer@@@Z 0041dee0 f   dicom:cong.obj
 0001:0001cf10       ?ReadDynamic@PresentationContextAccept@@QAEHAAVBuffer@@@Z 0041df10 f   dicom:cong.obj
 0001:0001cfb0       ?ReadDynamic@AAssociateAC@@QAEHAAVBuffer@@@Z 0041dfb0 f   dicom:cong.obj
 0001:0001d230       ?Read@AAssociateRJ@@QAEHAAVBuffer@@@Z 0041e230 f   dicom:cong.obj
 0001:0001d260       ?Read@AReleaseRQ@@QAEHAAVBuffer@@@Z 0041e260 f   dicom:cong.obj
 0001:0001d2b0       ?Read@AReleaseRP@@QAEHAAVBuffer@@@Z 0041e2b0 f   dicom:cong.obj
 0001:0001d300       ?Read@AAbortRQ@@QAEHAAVBuffer@@@Z 0041e300 f   dicom:cong.obj
 0001:0001d330       ?AttachRTC@PDU_Service@@QAEHPAVRTC@@H@Z 0041e330 f   dicom:cong.obj
 0001:0001d380       ?Close@PDU_Service@@QAEHXZ 0041e380 f   dicom:cong.obj
 0001:0001d430       ?ParseImagePixelDataRawToDCM@PDU_Service@@MAEHAAVLinkedBuffer@@PAVDICOMObject@@@Z 0041e430 f   dicom:cong.obj
 0001:0001d770       ?Dynamic_ParseRawVRIntoDCM@PDU_Service@@MAEHAAVLinkedBuffer@@PAVDICOMObject@@I@Z 0041e770 f   dicom:cong.obj
 0001:0001e350       ?Read@NGetRQ@@QAEHPAVDICOMCommandObject@@PAVPDU_Service@@PAVDICOMDataObject@@@Z 0041f350 f   dicom:cong.obj
[...]
 0003:00001ba8       ___lc_time_curr            00479ba8     LIBCMT:strftime.obj
 0003:00001bac       ___lconv_static_decimal    00479bac     LIBCMT:lconv.obj
 0003:00001bb0       ___lconv_c                 00479bb0     LIBCMT:lconv.obj
 0003:00001be0       ___lconv                   00479be0     LIBCMT:lconv.obj
 0003:00001be4       ___mb_cur_max              00479be4     LIBCMT:nlsdata1.obj
 0003:00001be8       ___decimal_point           00479be8     LIBCMT:nlsdata1.obj
 0003:00001bec       ___decimal_point_length    00479bec     LIBCMT:nlsdata1.obj
 0003:00001bf0       __coninpfh                 00479bf0     LIBCMT:initcon.obj
 0003:00001bf4       __confh                    00479bf4     LIBCMT:initcon.obj
 0003:00001c08       ??_R0?AV_Locimp@locale@std@@@8 00479c08     libcpmt:locale0.obj
 0003:00001c30       ?_Sync@ios_base@std@@0_NA  00479c30     libcpmt:ios.obj
 0003:00001c38       ??_R0?AVlogic_error@std@@@8 00479c38     libcpmt:string.obj
 0003:00001c58       ??_R0?AVinvalid_argument@std@@@8 00479c58     libcpmt:string.obj
 0003:00001c7c       ??_R0?AVlength_error@std@@@8 00479c7c     libcpmt:string.obj
 0003:00001c9c       ??_R0?AVout_of_range@std@@@8 00479c9c     libcpmt:string.obj
 0003:00001d08       ?_PJP_CPP_Copyright@@3PADA 00479d08     libcpmt:iosptrs.obj
 0003:000023e0       ?ForkAProc@@3HA            0047a3e0     test.obj
 0003:000023e4       ?ForkProc@@3P6AHPAVDICOMDataObject@@@ZA 0047a3e4     test.obj
 0003:000023e8       ?PNAME@@3PAEA              0047a3e8     test.obj
 0003:00002428       ?returndump@@3HA           0047a428     test.obj
 0003:00002430       ?VRType@@3VRTC@@A          0047a430     test.obj
 0003:000025e4       ?DicomErrorHandler@@3P6AXHPBDH@ZA 0047a5e4     dicom:cong.obj
 0003:000025e8       ?_Stinit@?1??_Init@?$basic_filebuf@DU?$char_traits@D@std@@@std@@IAEXPAU_iobuf@@W4_Initfl@23@@Z@4HA 0047a5e8     dicom:cong.obj
 0003:000025ec       ?_Psave@?$_Facetptr@V?$ctype@D@std@@@std@@2PBVfacet@locale@2@B 0047a5ec     dicom:cong.obj
 0003:000025f0       ?_Psave@?$_Facetptr@V?$codecvt@DDH@std@@@std@@2PBVfacet@locale@2@B 0047a5f0     dicom:cong.obj
 0003:000025f4       ?id@?$codecvt@DDH@std@@2V0locale@2@A 0047a5f4     dicom:cong.obj
 0003:000025f8       __cflush                   0047a5f8     LIBCMT:_file.obj
 0003:00002610       __umaskval                 0047a610     LIBCMT:crt0dat.obj
 0003:00002614       __osplatform               0047a614     LIBCMT:crt0dat.obj
 0003:00002618       __osver                    0047a618     LIBCMT:crt0dat.obj
 0003:0000261c       __winver                   0047a61c     LIBCMT:crt0dat.obj
 0003:00002620       __winmajor                 0047a620     LIBCMT:crt0dat.obj
 0003:00002624       __winminor                 0047a624     LIBCMT:crt0dat.obj
 0003:00002628       ___argc                    0047a628     LIBCMT:crt0dat.obj
 0003:0000262c       ___argv                    0047a62c     LIBCMT:crt0dat.obj
 0003:00002630       ___wargv                   0047a630     LIBCMT:crt0dat.obj
 0003:00002634       __environ                  0047a634     LIBCMT:crt0dat.obj
 0003:00002638       ___initenv                 0047a638     LIBCMT:crt0dat.obj
 0003:0000263c       __wenviron                 0047a63c     LIBCMT:crt0dat.obj
 0003:00002640       ___winitenv                0047a640     LIBCMT:crt0dat.obj
 0003:00002644       __pgmptr                   0047a644     LIBCMT:crt0dat.obj
 0003:00002648       __wpgmptr                  0047a648     LIBCMT:crt0dat.obj
 0003:0000264c       __exitflag                 0047a64c     LIBCMT:crt0dat.obj
 0003:00002650       __C_Termination_Done       0047a650     LIBCMT:crt0dat.obj
 0003:00002654       __C_Exit_Done              0047a654     LIBCMT:crt0dat.obj
 0003:00002658       __aenvptr                  0047a658     LIBCMT:crt0.obj
 0003:0000265c       __wenvptr                  0047a65c     LIBCMT:crt0.obj
 0003:00002660       ___error_mode              0047a660     LIBCMT:crt0.obj
 0003:00002664       ___pInvalidArgHandler      0047a664     LIBCMT:invarg.obj
 0003:00002668       __stdbuf                   0047a668     LIBCMT:_sftbuf.obj
 0003:00002670       __maxwait                  0047a670     LIBCMT:crtheap.obj
 0003:00002aec       _gpFlsAlloc                0047aaec     LIBCMT:tidtable.obj
 0003:00002af0       _gpFlsGetValue             0047aaf0     LIBCMT:tidtable.obj
 0003:00002af4       _gpFlsSetValue             0047aaf4     LIBCMT:tidtable.obj
 0003:00002af8       _gpFlsFree                 0047aaf8     LIBCMT:tidtable.obj
 0003:00002afc       ?__pInconsistency@@3P6AXXZA 0047aafc     LIBCMT:hooks.obj
 0003:00002b08       ?_pnhHeap@@3P6AHI@ZA       0047ab08     LIBCMT:handler.obj
 0003:00002e2c       ___pPurecall               0047ae2c     LIBCMT:inithelp.obj
 0003:00002f5c       __crtheap                  0047af5c     LIBCMT:heapinit.obj
 0003:00002f7c       ___sbh_pHeaderDefer        0047af7c     LIBCMT:sbheap.obj
 0003:00002f80       __newmode                  0047af80     LIBCMT:_newmode.obj
 0003:00002f88       ___mbulinfo                0047af88     LIBCMT:mbctype.obj
 0003:00002f94       ___mbcodepage              0047af94     LIBCMT:mbctype.obj
 0003:00002f98       ___ismbcodepage            0047af98     LIBCMT:mbctype.obj
 0003:00002f9c       ___mblcid                  0047af9c     LIBCMT:mbctype.obj
 0003:00002fa0       ___locale_changed          0047afa0     LIBCMT:setlocal.obj
 0003:00002fa4       ___lc_handle               0047afa4     LIBCMT:nlsdata2.obj
 0003:00002fbc       ___lc_codepage             0047afbc     LIBCMT:nlsdata2.obj
 0003:00002fc0       ___lc_collate_cp           0047afc0     LIBCMT:nlsdata2.obj
 0003:00002fd8       ?pArgList@UnDecorator@@0PAVReplicator@@A 0047afd8     LIBCMT:undname.obj
 0003:00002fdc       ?pZNameList@UnDecorator@@0PAVReplicator@@A 0047afdc     LIBCMT:undname.obj
 0003:00002fe0       ?pTemplateArgList@UnDecorator@@0PAVReplicator@@A 0047afe0     LIBCMT:undname.obj
 0003:00002fe4       ?gName@UnDecorator@@0PBDB  0047afe4     LIBCMT:undname.obj
 0003:00002fe8       ?name@UnDecorator@@0PBDB   0047afe8     LIBCMT:undname.obj
 0003:00002fec       ?outputString@UnDecorator@@0PADA 0047afec     LIBCMT:undname.obj
 0003:00002ff0       ?maxStringLength@UnDecorator@@0HA 0047aff0     LIBCMT:undname.obj
 0003:00002ff4       ?disableFlags@UnDecorator@@0KA 0047aff4     LIBCMT:undname.obj
 0003:00002ff8       ?m_pGetParameter@UnDecorator@@0P6APADJ@ZA 0047aff8     LIBCMT:undname.obj
 0003:00002ffc       ?fExplicitTemplateParams@UnDecorator@@0_NA 0047affc     LIBCMT:undname.obj
 0003:00002ffd       ?fGetTemplateArgumentList@UnDecorator@@0_NA 0047affd     LIBCMT:undname.obj
 0003:000030d8       __commode                  0047b0d8     LIBCMT:ncommode.obj
 0003:000030e4       ___lconv_static_null       0047b0e4     LIBCMT:lconv.obj
 0003:000030ec       __fmode                    0047b0ec     LIBCMT:txtmode.obj
 0003:00003164       ?_Clocptr@_Locimp@locale@std@@0PAV123@A 0047b164     libcpmt:locale0.obj
 0003:00003168       ?_Id_cnt@id@locale@std@@0HA 0047b168     libcpmt:locale0.obj
 0003:0000316c       ?id@?$ctype@D@std@@2V0locale@2@A 0047b16c     libcpmt:locale0.obj
 0003:00003170       ?id@?$codecvt@GDH@std@@2V0locale@2@A 0047b170     libcpmt:locale0.obj
 0003:00003174       ?id@?$ctype@_W@std@@2V0locale@2@A 0047b174     libcpmt:locale0.obj
 0003:00003178       ?id@?$codecvt@_WDH@std@@2V0locale@2@A 0047b178     libcpmt:locale0.obj
 0003:00003180       ?id@?$ctype@G@std@@2V0locale@2@A 0047b180     libcpmt:locale0.obj
 0003:00003188       ?_Fpz@std@@3_JA            0047b188     libcpmt:ios.obj
 0003:00003190       ?_Index@ios_base@std@@0HA  0047b190     libcpmt:ios.obj
 0003:000031c8       ?_Ptr_cin@std@@3PAV?$basic_istream@DU?$char_traits@D@std@@@1@A 0047b1c8     libcpmt:iosptrs.obj
 0003:000031cc       ?_Ptr_cout@std@@3PAV?$basic_ostream@DU?$char_traits@D@std@@@1@A 0047b1cc     libcpmt:iosptrs.obj
 0003:000031d0       ?_Ptr_cerr@std@@3PAV?$basic_ostream@DU?$char_traits@D@std@@@1@A 0047b1d0     libcpmt:iosptrs.obj
 0003:000031d4       ?_Ptr_clog@std@@3PAV?$basic_ostream@DU?$char_traits@D@std@@@1@A 0047b1d4     libcpmt:iosptrs.obj
 0003:000031d8       ?_Ptr_wcin@std@@3PAV?$basic_istream@_WU?$char_traits@_W@std@@@1@A 0047b1d8     libcpmt:iosptrs.obj
 0003:000031dc       ?_Ptr_wcout@std@@3PAV?$basic_ostream@_WU?$char_traits@_W@std@@@1@A 0047b1dc     libcpmt:iosptrs.obj
 0003:000031e0       ?_Ptr_wcerr@std@@3PAV?$basic_ostream@_WU?$char_traits@_W@std@@@1@A 0047b1e0     libcpmt:iosptrs.obj
 0003:000031e4       ?_Ptr_wclog@std@@3PAV?$basic_ostream@_WU?$char_traits@_W@std@@@1@A 0047b1e4     libcpmt:iosptrs.obj
 0003:00003218       ___setlc_active            0047b218     <common>
 0003:00003228       ___unguarded_readlc_active 0047b228     <common>
 0003:0000322c       __debugger_hook_dummy      0047b22c     <common>
 0003:00003238       ___sbh_initialized         0047b238     <common>
 0003:0000324c       ___sbh_cntHeaderList       0047b24c     <common>
 0003:00003250       ___sbh_pHeaderList         0047b250     <common>
 0003:00003254       ___sbh_threshold           0047b254     <common>
 0003:00003258       ___sbh_pHeaderScan         0047b258     <common>
 0003:0000325c       ___sbh_sizeHeaderList      0047b25c     <common>
 0003:00003260       ___sbh_indGroupDefer       0047b260     <common>
 0003:00003264       ___active_heap             0047b264     <common>
 0003:00003270       __nhandle                  0047b270     <common>
 0003:000032c0       ___pioinfo                 0047b2c0     <common>
 0003:000033c0       ___use_sse2_mathfcns       0047b3c0     <common>
 0003:000033d0       ___sse2_available          0047b3d0     <common>
 0003:000033d4       __acmdln                   0047b3d4     <common>
 0003:000033e0       ___env_initialized         0047b3e0     <common>
 0003:000033f0       ___onexitend               0047b3f0     <common>
 0003:000033f4       ___onexitbegin             0047b3f4     <common>
 0003:000033f8       ___mbctype_initialized     0047b3f8     <common>
 0003:000033fc       __FPinit                   0047b3fc     <common>
 0003:00003400       ___dyn_tls_init_callback   0047b400     <common>
 0003:00003404       ___piob                    0047b404     <common>
 0003:00003760       __bufin                    0047b760     <common>
 0003:00004760       __nstream                  0047c760     <common>
 0004:00000000       __IMPORT_DESCRIPTOR_WSOCK32 0047d000     wsock32:WSOCK32.dll
 0004:00000014       __IMPORT_DESCRIPTOR_KERNEL32 0047d014     kernel32:KERNEL32.dll
 0004:00000028       __NULL_IMPORT_DESCRIPTOR   0047d028     wsock32:WSOCK32.dll
 0004:0000029c       __imp__GetCurrentThread@0  0047d29c     kernel32:KERNEL32.dll
 0004:000002a0       __imp__SetEnvironmentVariableA@8 0047d2a0     kernel32:KERNEL32.dll
 0004:000002a4       __imp__CompareStringW@24   0047d2a4     kernel32:KERNEL32.dll
 0004:000002a8       __imp__CompareStringA@24   0047d2a8     kernel32:KERNEL32.dll
 0004:000002ac       __imp__SetEndOfFile@4      0047d2ac     kernel32:KERNEL32.dll
 0004:000002b0       __imp__IsValidLocale@8     0047d2b0     kernel32:KERNEL32.dll
 0004:000002b4       __imp__EnumSystemLocalesA@8 0047d2b4     kernel32:KERNEL32.dll
 0004:000002b8       __imp__GetUserDefaultLCID@0 0047d2b8     kernel32:KERNEL32.dll
 0004:000002bc       __imp__GetDateFormatA@24   0047d2bc     kernel32:KERNEL32.dll
 0004:000002c0       __imp__GetTimeFormatA@24   0047d2c0     kernel32:KERNEL32.dll
 0004:000002c4       __imp__GetStringTypeW@16   0047d2c4     kernel32:KERNEL32.dll
 0004:000002c8       __imp__GetStringTypeA@20   0047d2c8     kernel32:KERNEL32.dll
 0004:000002cc       __imp__LCMapStringW@24     0047d2cc     kernel32:KERNEL32.dll
 0004:000002d0       __imp__LCMapStringA@24     0047d2d0     kernel32:KERNEL32.dll
 0004:000002d4       __imp__WriteConsoleW@20    0047d2d4     kernel32:KERNEL32.dll
 0004:000002d8       __imp__GetConsoleOutputCP@0 0047d2d8     kernel32:KERNEL32.dll
 0004:000002dc       __imp__WriteConsoleA@20    0047d2dc     kernel32:KERNEL32.dll
 0004:000002e0       __imp__CreateFileA@28      0047d2e0     kernel32:KERNEL32.dll
 0004:000002e4       __imp__ExitThread@4        0047d2e4     kernel32:KERNEL32.dll
 0004:000002e8       __imp__CreateThread@24     0047d2e8     kernel32:KERNEL32.dll
 0004:000002ec       __imp__EnterCriticalSection@4 0047d2ec     kernel32:KERNEL32.dll
 0004:000002f0       __imp__LeaveCriticalSection@4 0047d2f0     kernel32:KERNEL32.dll
 0004:000002f4       __imp__RtlUnwind@16        0047d2f4     kernel32:KERNEL32.dll
 0004:000002f8       __imp__GetProcAddress@8    0047d2f8     kernel32:KERNEL32.dll
 0004:000002fc       __imp__GetModuleHandleA@4  0047d2fc     kernel32:KERNEL32.dll
 0004:00000300       __imp__ExitProcess@4       0047d300     kernel32:KERNEL32.dll
 0004:00000304       __imp__GetCommandLineA@0   0047d304     kernel32:KERNEL32.dll
 0004:00000308       __imp__HeapFree@12         0047d308     kernel32:KERNEL32.dll
 0004:0000030c       __imp__GetVersionExA@4     0047d30c     kernel32:KERNEL32.dll
 0004:00000310       __imp__HeapAlloc@12        0047d310     kernel32:KERNEL32.dll
 0004:00000314       __imp__GetProcessHeap@0    0047d314     kernel32:KERNEL32.dll
 0004:00000318       __imp__GetSystemTimeAsFileTime@4 0047d318     kernel32:KERNEL32.dll
 0004:0000031c       __imp__GetLastError@0      0047d31c     kernel32:KERNEL32.dll
 0004:00000320       __imp__TerminateProcess@8  0047d320     kernel32:KERNEL32.dll
 0004:00000324       __imp__GetCurrentProcess@0 0047d324     kernel32:KERNEL32.dll
 0004:00000328       __imp__UnhandledExceptionFilter@4 0047d328     kernel32:KERNEL32.dll
 0004:0000032c       __imp__SetUnhandledExceptionFilter@4 0047d32c     kernel32:KERNEL32.dll
 0004:00000330       __imp__IsDebuggerPresent@0 0047d330     kernel32:KERNEL32.dll
 0004:00000334       __imp__RaiseException@16   0047d334     kernel32:KERNEL32.dll
 0004:00000338       __imp__SetHandleCount@4    0047d338     kernel32:KERNEL32.dll
 0004:0000033c       __imp__GetStdHandle@4      0047d33c     kernel32:KERNEL32.dll
 0004:00000340       __imp__GetFileType@4       0047d340     kernel32:KERNEL32.dll
 0004:00000344       __imp__GetStartupInfoA@4   0047d344     kernel32:KERNEL32.dll
 0004:00000348       __imp__DeleteCriticalSection@4 0047d348     kernel32:KERNEL32.dll
 0004:0000034c       __imp__Sleep@4             0047d34c     kernel32:KERNEL32.dll
 0004:00000350       __imp__FatalAppExitA@8     0047d350     kernel32:KERNEL32.dll
 0004:00000354       __imp__TlsGetValue@4       0047d354     kernel32:KERNEL32.dll
 0004:00000358       __imp__TlsAlloc@0          0047d358     kernel32:KERNEL32.dll
 0004:0000035c       __imp__TlsSetValue@8       0047d35c     kernel32:KERNEL32.dll
 0004:00000360       __imp__TlsFree@4           0047d360     kernel32:KERNEL32.dll
 0004:00000364       __imp__InterlockedIncrement@4 0047d364     kernel32:KERNEL32.dll
 0004:00000368       __imp__SetLastError@4      0047d368     kernel32:KERNEL32.dll
 0004:0000036c       __imp__GetCurrentThreadId@0 0047d36c     kernel32:KERNEL32.dll
 0004:00000370       __imp__InterlockedDecrement@4 0047d370     kernel32:KERNEL32.dll
 0004:00000374       __imp__CreateFileW@28      0047d374     kernel32:KERNEL32.dll
 0004:00000378       __imp__WriteFile@20        0047d378     kernel32:KERNEL32.dll
 0004:0000037c       __imp__GetModuleFileNameA@12 0047d37c     kernel32:KERNEL32.dll
 0004:00000380       __imp__SetConsoleCtrlHandler@8 0047d380     kernel32:KERNEL32.dll
 0004:00000384       __imp__FreeLibrary@4       0047d384     kernel32:KERNEL32.dll
 0004:00000388       __imp__InterlockedExchange@8 0047d388     kernel32:KERNEL32.dll
 0004:0000038c       __imp__LoadLibraryA@4      0047d38c     kernel32:KERNEL32.dll
 0004:00000390       __imp__InitializeCriticalSection@4 0047d390     kernel32:KERNEL32.dll
 0004:00000394       __imp__HeapSize@12         0047d394     kernel32:KERNEL32.dll
 0004:00000398       __imp__FreeEnvironmentStringsA@4 0047d398     kernel32:KERNEL32.dll
 0004:0000039c       __imp__GetEnvironmentStrings@0 0047d39c     kernel32:KERNEL32.dll
 0004:000003a0       __imp__FreeEnvironmentStringsW@4 0047d3a0     kernel32:KERNEL32.dll
 0004:000003a4       __imp__WideCharToMultiByte@32 0047d3a4     kernel32:KERNEL32.dll
 0004:000003a8       __imp__GetEnvironmentStringsW@0 0047d3a8     kernel32:KERNEL32.dll
 0004:000003ac       __imp__HeapDestroy@4       0047d3ac     kernel32:KERNEL32.dll
 0004:000003b0       __imp__HeapCreate@12       0047d3b0     kernel32:KERNEL32.dll
 0004:000003b4       __imp__VirtualFree@12      0047d3b4     kernel32:KERNEL32.dll
 0004:000003b8       __imp__QueryPerformanceCounter@4 0047d3b8     kernel32:KERNEL32.dll
 0004:000003bc       __imp__GetTickCount@0      0047d3bc     kernel32:KERNEL32.dll
 0004:000003c0       __imp__GetCurrentProcessId@0 0047d3c0     kernel32:KERNEL32.dll
 0004:000003c4       __imp__VirtualAlloc@16     0047d3c4     kernel32:KERNEL32.dll
 0004:000003c8       __imp__HeapReAlloc@16      0047d3c8     kernel32:KERNEL32.dll
 0004:000003cc       __imp__CloseHandle@4       0047d3cc     kernel32:KERNEL32.dll
 0004:000003d0       __imp__SetFilePointer@16   0047d3d0     kernel32:KERNEL32.dll
 0004:000003d4       __imp__GetConsoleCP@0      0047d3d4     kernel32:KERNEL32.dll
 0004:000003d8       __imp__GetConsoleMode@8    0047d3d8     kernel32:KERNEL32.dll
 0004:000003dc       __imp__MultiByteToWideChar@24 0047d3dc     kernel32:KERNEL32.dll
 0004:000003e0       __imp__ReadFile@20         0047d3e0     kernel32:KERNEL32.dll
 0004:000003e4       __imp__FlushFileBuffers@4  0047d3e4     kernel32:KERNEL32.dll
 0004:000003e8       __imp__GetCPInfo@8         0047d3e8     kernel32:KERNEL32.dll
 0004:000003ec       __imp__GetACP@0            0047d3ec     kernel32:KERNEL32.dll
 0004:000003f0       __imp__GetOEMCP@0          0047d3f0     kernel32:KERNEL32.dll
 0004:000003f4       __imp__IsValidCodePage@4   0047d3f4     kernel32:KERNEL32.dll
 0004:000003f8       __imp__GetLocaleInfoA@16   0047d3f8     kernel32:KERNEL32.dll
 0004:000003fc       __imp__GetLocaleInfoW@16   0047d3fc     kernel32:KERNEL32.dll
 0004:00000400       __imp__GetTimeZoneInformation@4 0047d400     kernel32:KERNEL32.dll
 0004:00000404       __imp__SetStdHandle@8      0047d404     kernel32:KERNEL32.dll
 0004:00000408       \177KERNEL32_NULL_THUNK_DATA 0047d408     kernel32:KERNEL32.dll
 0004:0000047c       __imp__accept@12           0047d47c     wsock32:WSOCK32.dll
 0004:00000480       __imp__listen@8            0047d480     wsock32:WSOCK32.dll
 0004:00000484       __imp__bind@12             0047d484     wsock32:WSOCK32.dll
 0004:00000488       __imp__WSAGetLastError@0   0047d488     wsock32:WSOCK32.dll
 0004:0000048c       __imp__recv@16             0047d48c     wsock32:WSOCK32.dll
 0004:00000490       __imp__send@16             0047d490     wsock32:WSOCK32.dll
 0004:00000494       __imp__select@20           0047d494     wsock32:WSOCK32.dll
 0004:00000498       __imp__socket@12           0047d498     wsock32:WSOCK32.dll
 0004:0000049c       __imp__setsockopt@20       0047d49c     wsock32:WSOCK32.dll
 0004:000004a0       __imp__connect@12          0047d4a0     wsock32:WSOCK32.dll
 0004:000004a4       __imp__getservbyname@8     0047d4a4     wsock32:WSOCK32.dll
 0004:000004a8       __imp__htons@4             0047d4a8     wsock32:WSOCK32.dll
 0004:000004ac       __imp__gethostbyname@4     0047d4ac     wsock32:WSOCK32.dll
 0004:000004b0       __imp__inet_addr@4         0047d4b0     wsock32:WSOCK32.dll
 0004:000004b4       __imp__shutdown@8          0047d4b4     wsock32:WSOCK32.dll
 0004:000004b8       __imp__closesocket@4       0047d4b8     wsock32:WSOCK32.dll
 0004:000004bc       __imp__WSACleanup@0        0047d4bc     wsock32:WSOCK32.dll
 0004:000004c0       __imp__WSAStartup@8        0047d4c0     wsock32:WSOCK32.dll
 0004:000004c4       \177WSOCK32_NULL_THUNK_DATA 0047d4c4     wsock32:WSOCK32.dll

 entry point at        0001:0002b48c

